================================================================================
Multimodal Brain ASD Classification with CatBoost
================================================================================

✓ Reproducibility seeds set (random_state=0)

Working directory: /root/Multimoda-braingnn
fMRI Atlas: CC200
ComBat fMRI: True
ComBat sMRI: True

============================================================
LOADING DATA
============================================================
Loading fMRI data...
  Skipping sample 51334 (marked as useless)
✓ Loaded 870 fMRI samples successfully
Loading sMRI data...
  Loading Desikan-Killiany features...
  Loading ASEG features...
  Loading WMPARC features...
Loading phenotypic data...
  ⚠️  Found 60 missing FIQ values, replacing with population mean (108)
✓ Loaded phenotypic data for 870 subjects

Data shapes:
  fMRI: (870, 19900)
  sMRI: (870, 1435)
  Labels: (870,)
  Unique sites: 20

============================================================
HARMONIZATION
============================================================
Applying ComBat harmonization...
[neuroCombat] Creating design matrix
[neuroCombat] Standardizing data across features
[neuroCombat] Fitting L/S model and finding priors
[neuroCombat] Finding parametric adjustments
[neuroCombat] Final adjustment of data
Applying ComBat harmonization...
[neuroCombat] Creating design matrix
[neuroCombat] Standardizing data across features
[neuroCombat] Fitting L/S model and finding priors
[neuroCombat] Finding parametric adjustments
[neuroCombat] Final adjustment of data

============================================================
CREATING FOLD SPLITS
============================================================

Fold 1 - Sample distribution:
  Train: 541 samples (Class 0: 266, Class 1: 275)
  Val:   147 samples (Class 0: 105, Class 1: 42)
  Test:  182 samples (Class 0: 96, Class 1: 86)
  ⚠️  WARNING: val has class imbalance (positive class: 28.6%)

Fold 2 - Sample distribution:
  Train: 545 samples (Class 0: 270, Class 1: 275)
  Val:   148 samples (Class 0: 105, Class 1: 43)
  Test:  177 samples (Class 0: 92, Class 1: 85)
  ⚠️  WARNING: val has class imbalance (positive class: 29.1%)

Fold 3 - Sample distribution:
  Train: 548 samples (Class 0: 266, Class 1: 282)
  Val:   148 samples (Class 0: 108, Class 1: 40)
  Test:  174 samples (Class 0: 93, Class 1: 81)
  ⚠️  WARNING: val has class imbalance (positive class: 27.0%)

Fold 4 - Sample distribution:
  Train: 552 samples (Class 0: 263, Class 1: 289)
  Val:   148 samples (Class 0: 110, Class 1: 38)
  Test:  170 samples (Class 0: 94, Class 1: 76)
  ⚠️  WARNING: val has class imbalance (positive class: 25.7%)

Fold 5 - Sample distribution:
  Train: 554 samples (Class 0: 268, Class 1: 286)
  Val:   149 samples (Class 0: 107, Class 1: 42)
  Test:  167 samples (Class 0: 92, Class 1: 75)
  ⚠️  WARNING: val has class imbalance (positive class: 28.2%)

============================================================
FEATURE SELECTION
============================================================

Fold 1: Feature selection...
  Combined features shape: (870, 6000)

Fold 2: Feature selection...
  Combined features shape: (870, 6000)

Fold 3: Feature selection...
  Combined features shape: (870, 6000)

Fold 4: Feature selection...
  Combined features shape: (870, 6000)

Fold 5: Feature selection...
  Combined features shape: (870, 6000)

============================================================
TRAINING MODELS
============================================================

============================================================
Training Fold 1
============================================================
Train samples: 541
Val samples:   147
Test samples:  182
Training CatBoost with hyperparameter search...
GPU detected, using GPU for training
Best learning rate: 0.05
Best depth:         6
Validation acc:     0.9728
Test accuracy:      0.9615
Model saved to /root/Multimoda-braingnn/results/save_models/CC200_sMRI/with_ComBat/CAT_1.m

============================================================
Training Fold 2
============================================================
Train samples: 545
Val samples:   148
Test samples:  177
Training CatBoost with hyperparameter search...
GPU detected, using GPU for training
Best learning rate: 0.05
Best depth:         6
Validation acc:     0.9324
Test accuracy:      0.9492
Model saved to /root/Multimoda-braingnn/results/save_models/CC200_sMRI/with_ComBat/CAT_2.m

============================================================
Training Fold 3
============================================================
Train samples: 548
Val samples:   148
Test samples:  174
Training CatBoost with hyperparameter search...
GPU detected, using GPU for training
Best learning rate: 0.1
Best depth:         8
Validation acc:     0.9595
Test accuracy:      0.9828
Model saved to /root/Multimoda-braingnn/results/save_models/CC200_sMRI/with_ComBat/CAT_3.m

============================================================
Training Fold 4
============================================================
Train samples: 552
Val samples:   148
Test samples:  170
Training CatBoost with hyperparameter search...
GPU detected, using GPU for training
Best learning rate: 0.05
Best depth:         10
Validation acc:     0.9527
Test accuracy:      0.9412
Model saved to /root/Multimoda-braingnn/results/save_models/CC200_sMRI/with_ComBat/CAT_4.m

============================================================
Training Fold 5
============================================================
Train samples: 554
Val samples:   149
Test samples:  167
Training CatBoost with hyperparameter search...
GPU detected, using GPU for training
Best learning rate: 0.1
Best depth:         6
Validation acc:     0.8255
Test accuracy:      0.8623
Model saved to /root/Multimoda-braingnn/results/save_models/CC200_sMRI/with_ComBat/CAT_5.m

============================================================
RESULTS AND VISUALIZATION
============================================================

Classification Report:
============================================================
              precision    recall  f1-score   support

          TD       0.94      0.96      0.94       467
         ASD       0.95      0.92      0.93       403

    accuracy                           0.94       870
   macro avg       0.94      0.94      0.94       870
weighted avg       0.94      0.94      0.94       870

Mean AUC across folds: 0.9663

============================================================
NEUROSCIENCE BIOMARKER ANALYSIS
============================================================

Site Performance (Generalization across hospitals/scanners):
    Site   N  Accuracy  Sensitivity  Specificity      AUC
 CALTECH  15  0.933333     1.000000     0.900000 0.900000
     CMU  11  0.454545     0.833333     0.000000 0.400000
     KKI  33  0.606061     0.666667     0.571429 0.694444
LEUVEN_1  28  0.392857     0.142857     0.642857 0.448980
LEUVEN_2  28  0.464286     0.416667     0.500000 0.442708
 MAX_MUN  45  0.466667     0.421053     0.500000 0.469636
     NYU 172  0.523256     0.418919     0.602041 0.476420
    OHSU  25  0.600000     0.583333     0.615385 0.538462
    OLIN  28  0.571429     0.285714     0.857143 0.494898
    PITT  50  0.400000     0.500000     0.307692 0.421474
     SBL  26  0.538462     0.500000     0.571429 0.511905
    SDSU  27  0.555556     0.750000     0.473684 0.539474
STANFORD  25  0.240000     0.083333     0.384615 0.275641
 TRINITY  44  0.636364     0.578947     0.680000 0.673684
  UCLA_1  64  0.500000     0.459459     0.555556 0.547548
  UCLA_2  21  0.380952     0.272727     0.500000 0.500000
    UM_1  86  0.593023     0.588235     0.596154 0.550339
    UM_2  34  0.617647     0.615385     0.619048 0.545788
     USM  67  0.507463     0.488372     0.541667 0.435078
    YALE  41  0.487805     0.454545     0.526316 0.389952

Top Features by Modality:
  Feature  Importance Modality
 sMRI_586   11.936521     sMRI
 sMRI_556   11.702883     sMRI
 sMRI_575   11.559998     sMRI
 sMRI_585   10.937532     sMRI
 sMRI_665    2.140303     sMRI
sMRI_1035    1.066840     sMRI
 sMRI_658    0.961430     sMRI
 sMRI_577    0.868860     sMRI
sMRI_1010    0.856159     sMRI
 sMRI_686    0.774108     sMRI
sMRI_1041    0.752838     sMRI
 sMRI_481    0.744326     sMRI
 sMRI_683    0.713169     sMRI
sMRI_1030    0.701130     sMRI
sMRI_1029    0.699152     sMRI
 sMRI_386    0.684392     sMRI
 sMRI_581    0.677730     sMRI
sMRI_1040    0.661338     sMRI
sMRI_1062    0.639068     sMRI
 sMRI_571    0.617349     sMRI
 sMRI_480    0.591134     sMRI
 sMRI_690    0.569166     sMRI
sMRI_1018    0.528303     sMRI
 sMRI_476    0.527337     sMRI
 sMRI_661    0.470690     sMRI
fMRI_4082    0.298358     fMRI
fMRI_2036    0.229292     fMRI
fMRI_3031    0.160675     fMRI
fMRI_2041    0.140754     fMRI
 fMRI_479    0.138768     fMRI
fMRI_2545    0.122842     fMRI
fMRI_4292    0.117133     fMRI
fMRI_2554    0.113500     fMRI
fMRI_1583    0.109431     fMRI
fMRI_2714    0.109194     fMRI
fMRI_3046    0.106939     fMRI
fMRI_3349    0.105766     fMRI
fMRI_4096    0.105704     fMRI
fMRI_2134    0.104161     fMRI
fMRI_2486    0.098983     fMRI
fMRI_1306    0.096599     fMRI
fMRI_4470    0.085370     fMRI
fMRI_1887    0.084822     fMRI
fMRI_1233    0.079780     fMRI
fMRI_1842    0.077513     fMRI
fMRI_3383    0.077420     fMRI
fMRI_1962    0.075580     fMRI
 fMRI_650    0.074469     fMRI
 fMRI_732    0.073768     fMRI
fMRI_2271    0.073109     fMRI

Top Brain Regions (Biomarkers):
                  Region  Importance
 WMPARC_473_WM_occipital   11.936521
 WMPARC_443_WM_occipital   11.702883
  WMPARC_462_WM_parietal   11.559998
  WMPARC_472_WM_parietal   10.937532
  WMPARC_552_WM_parietal    2.140303
  WMPARC_922_WM_parietal    1.066840
WMPARC_545_WM_prefrontal    0.961430
    WMPARC_464_WM_limbic    0.868860
  WMPARC_897_WM_parietal    0.856159
 WMPARC_573_WM_occipital    0.774108
 WMPARC_928_WM_occipital    0.752838
 WMPARC_368_WM_occipital    0.744326
WMPARC_570_WM_prefrontal    0.713169
  WMPARC_917_WM_parietal    0.701130
  WMPARC_916_WM_temporal    0.699152
 WMPARC_273_WM_occipital    0.684392
 WMPARC_468_WM_occipital    0.677730
  WMPARC_927_WM_parietal    0.661338
    WMPARC_949_WM_limbic    0.639068
 WMPARC_458_WM_occipital    0.617349

============================================================
FINAL RESULTS
============================================================
Average Validation Accuracy: 0.9286
Average Test Accuracy:       0.9394
Overall AUC:                 0.9754
Total Test Samples:          870
Results saved to /root/Multimoda-braingnn/results/save_models/CC200_sMRI/with_ComBat/results.csv

================================================================================
TRAINING COMPLETE ✓
================================================================================
