================================================================================
Multimodal Brain ASD Classification with CatBoost [FIXED DATA LEAKAGE]
================================================================================

✓ Reproducibility seeds set (random_state=0)

Working directory: /root/Multimoda-braingnn
fMRI Atlas: CC200
ComBat fMRI: True
ComBat sMRI: True
Cross-validation: 5-Fold

============================================================
LOADING DATA
============================================================
Loading fMRI data...
  Skipping sample 51334 (marked as useless)
✓ Loaded 870 fMRI samples successfully
Loading sMRI data...
  Loading Desikan-Killiany features...
  Loading ASEG features...
  Loading WMPARC features...
Loading phenotypic data...
  ⚠️  Found 60 missing FIQ values, replacing with population mean (108)
✓ Loaded phenotypic data for 870 subjects

Data shapes:
  fMRI: (870, 19900)
  sMRI: (870, 1435)
  Labels: (870,)
  Unique sites: 20

============================================================
CREATING FOLD SPLITS
============================================================

Fold 1 - Sample distribution:
  Train: 541 samples (Class 0: 266, Class 1: 275)
  Val:   147 samples (Class 0: 105, Class 1: 42)
  Test:  182 samples (Class 0: 96, Class 1: 86)
  ⚠️  WARNING: val has class imbalance (positive class: 28.6%)

Fold 2 - Sample distribution:
  Train: 545 samples (Class 0: 270, Class 1: 275)
  Val:   148 samples (Class 0: 105, Class 1: 43)
  Test:  177 samples (Class 0: 92, Class 1: 85)
  ⚠️  WARNING: val has class imbalance (positive class: 29.1%)

Fold 3 - Sample distribution:
  Train: 548 samples (Class 0: 266, Class 1: 282)
  Val:   148 samples (Class 0: 108, Class 1: 40)
  Test:  174 samples (Class 0: 93, Class 1: 81)
  ⚠️  WARNING: val has class imbalance (positive class: 27.0%)

Fold 4 - Sample distribution:
  Train: 552 samples (Class 0: 263, Class 1: 289)
  Val:   148 samples (Class 0: 110, Class 1: 38)
  Test:  170 samples (Class 0: 94, Class 1: 76)
  ⚠️  WARNING: val has class imbalance (positive class: 25.7%)

Fold 5 - Sample distribution:
  Train: 554 samples (Class 0: 268, Class 1: 286)
  Val:   149 samples (Class 0: 107, Class 1: 42)
  Test:  167 samples (Class 0: 92, Class 1: 75)
  ⚠️  WARNING: val has class imbalance (positive class: 28.2%)

============================================================
TRAINING MODELS
============================================================

============================================================
FOLD 1: HARMONIZATION, FEATURE SELECTION, TRAINING
============================================================

Step 1: Harmonization (Fold 1)
  Applying ComBat harmonization to fMRI (using TRAINING data only)...
[neuroCombat] Creating design matrix
[neuroCombat] Standardizing data across features
