================================================================================
Leave-One-Site-Out (LOSO) Cross-Validation
GOLD STANDARD for multisite neuroimaging evaluation
================================================================================

Working directory: /root/Multimoda-braingnn

Loading data...
Loading fMRI data...
  Skipping sample 51334 (marked as useless)
✓ Loaded 870 fMRI samples successfully
Loading sMRI data...
  Loading Desikan-Killiany features...
  Loading ASEG features...
  Loading WMPARC features...
Loading phenotypic data...
  ⚠️  Found 60 missing FIQ values, replacing with population mean (108)
✓ Loaded phenotypic data for 870 subjects
  fMRI: (870, 19900)
  sMRI: (870, 1435)
  Sites: 20

================================================================================
LEAVE-ONE-SITE-OUT EVALUATION
================================================================================

======================================================================
LOSO Fold: Test on CALTECH
======================================================================
  Train on 19 sites: 855 samples
  Test on  CALTECH: 15 samples
  Applying ComBat harmonization...
    Learning ComBat from 19 sites (855 samples)
[neuroCombat] Creating design matrix
[neuroCombat] Standardizing data across features
[neuroCombat] Fitting L/S model and finding priors
[neuroCombat] Finding parametric adjustments
[neuroCombat] Final adjustment of data
    Learning ComBat from 19 sites (855 samples)
[neuroCombat] Creating design matrix
[neuroCombat] Standardizing data across features
[neuroCombat] Fitting L/S model and finding priors
[neuroCombat] Finding parametric adjustments
[neuroCombat] Final adjustment of data
  Performing feature selection...
  Training CatBoost...
GPU detected, using GPU for training
