2026-01-13 11:13:43,646 - INFO - Training Configuration:
2026-01-13 11:13:43,647 - INFO - {
    "num_samples": 871,
    "num_nodes": 200,
    "smri_dim": 2500,
    "num_sites": 20,
    "hidden_dim": 128,
    "dropout": 0.4,
    "batch_size": 32,
    "learning_rate": 0.0005,
    "weight_decay": 0.02,
    "epochs": 200,
    "patience": 30,
    "k_fold": 5,
    "random_seed": 42,
    "lambda_cls": 5.0,
    "lambda_site": 0.05,
    "lambda_age": 0.01,
    "lambda_reg": 0.001,
    "save_dir": "./results_GNN",
    "data_dir": "./data"
}
2026-01-13 11:13:43,782 - INFO - Using device: cuda
2026-01-13 11:13:43,783 - INFO - Loading data...
2026-01-13 11:13:43,783 - INFO - Loading phenotypic data from ./data/phynotypic
2026-01-13 11:13:43,787 - INFO - Loaded phenotypic data for 871 subjects
2026-01-13 11:13:43,787 - INFO - Labels distribution: ASD=403, TD=468
2026-01-13 11:13:43,787 - INFO - Number of unique sites: 20
2026-01-13 11:13:43,787 - INFO - Loading fMRI data from ./data/fMRI/CC200
2026-01-13 11:13:44,111 - INFO - Loaded fMRI data shape: (871, 200, 200)
2026-01-13 11:13:44,111 - INFO - Loading sMRI data from ./data/sMRI/freesurfer_stats
2026-01-13 11:13:46,479 - INFO - Loaded sMRI data shape: (871, 2072)
2026-01-13 11:13:46,985 - INFO - Applied Fisher z and per-subject z-score to fMRI data
2026-01-13 11:13:46,986 - INFO - Global sMRI normalization skipped (will be performed per-fold)
2026-01-13 11:13:46,986 - INFO - Creating 5-fold site-aware splits
2026-01-13 11:13:47,032 - INFO - Fold 1: Train=511, Val=177, Test=183
2026-01-13 11:13:47,032 - INFO - Fold 2: Train=511, Val=183, Test=177
2026-01-13 11:13:47,032 - INFO - Fold 3: Train=514, Val=183, Test=174
2026-01-13 11:13:47,032 - INFO - Fold 4: Train=518, Val=183, Test=170
2026-01-13 11:13:47,032 - INFO - Fold 5: Train=521, Val=183, Test=167
2026-01-13 11:13:47,032 - INFO - 
==================================================
2026-01-13 11:13:47,032 - INFO - Training Fold 1/5
2026-01-13 11:13:47,032 - INFO - ==================================================
2026-01-13 11:13:47,128 - INFO - Fold 1: Applied per-fold sMRI normalization
2026-01-13 11:13:47,315 - INFO - Model parameters: 6,047,268
2026-01-13 11:13:53,815 - INFO - Epoch 1: Train Loss=1.7670, Train Acc=0.5284, Val Loss=1.6689, Val Acc=0.5198, Val AUC=0.4528
2026-01-13 11:13:53,840 - INFO - Saved best model with Val AUC=0.4528
2026-01-13 11:13:59,114 - INFO - Epoch 2: Train Loss=1.7472, Train Acc=0.5342, Val Loss=1.6685, Val Acc=0.5198, Val AUC=0.4263
2026-01-13 11:14:04,419 - INFO - Epoch 3: Train Loss=1.7883, Train Acc=0.5303, Val Loss=1.6630, Val Acc=0.5085, Val AUC=0.4826
2026-01-13 11:14:04,443 - INFO - Saved best model with Val AUC=0.4826
2026-01-13 11:14:09,714 - INFO - Epoch 4: Train Loss=1.7615, Train Acc=0.4853, Val Loss=1.6548, Val Acc=0.5198, Val AUC=0.4754
2026-01-13 11:14:15,115 - INFO - Epoch 5: Train Loss=1.7029, Train Acc=0.4677, Val Loss=1.6597, Val Acc=0.5367, Val AUC=0.5010
2026-01-13 11:14:15,140 - INFO - Saved best model with Val AUC=0.5010
2026-01-13 11:14:20,818 - INFO - Epoch 6: Train Loss=1.6824, Train Acc=0.5166, Val Loss=1.6442, Val Acc=0.5198, Val AUC=0.5684
2026-01-13 11:14:20,842 - INFO - Saved best model with Val AUC=0.5684
2026-01-13 11:14:26,214 - INFO - Epoch 7: Train Loss=1.7154, Train Acc=0.4755, Val Loss=1.6387, Val Acc=0.5311, Val AUC=0.5368
2026-01-13 11:14:31,615 - INFO - Epoch 8: Train Loss=1.7589, Train Acc=0.4423, Val Loss=1.6249, Val Acc=0.5028, Val AUC=0.5061
2026-01-13 11:14:37,114 - INFO - Epoch 9: Train Loss=1.6839, Train Acc=0.4892, Val Loss=1.6223, Val Acc=0.4576, Val AUC=0.4192
2026-01-13 11:14:43,118 - INFO - Epoch 10: Train Loss=1.6610, Train Acc=0.4521, Val Loss=1.6098, Val Acc=0.4915, Val AUC=0.4708
2026-01-13 11:14:48,714 - INFO - Epoch 11: Train Loss=1.6361, Train Acc=0.4775, Val Loss=1.6071, Val Acc=0.5141, Val AUC=0.5246
2026-01-13 11:14:54,215 - INFO - Epoch 12: Train Loss=1.6208, Train Acc=0.4853, Val Loss=1.6201, Val Acc=0.4972, Val AUC=0.5347
2026-01-13 11:14:59,414 - INFO - Epoch 13: Train Loss=1.6109, Train Acc=0.5519, Val Loss=1.6125, Val Acc=0.5141, Val AUC=0.5753
2026-01-13 11:14:59,438 - INFO - Saved best model with Val AUC=0.5753
2026-01-13 11:15:04,214 - INFO - Epoch 14: Train Loss=1.6177, Train Acc=0.5010, Val Loss=1.5948, Val Acc=0.5028, Val AUC=0.5696
2026-01-13 11:15:09,116 - INFO - Epoch 15: Train Loss=1.6205, Train Acc=0.4501, Val Loss=1.5914, Val Acc=0.4915, Val AUC=0.5683
2026-01-13 11:15:14,013 - INFO - Epoch 16: Train Loss=1.5876, Train Acc=0.5127, Val Loss=1.5939, Val Acc=0.4972, Val AUC=0.5662
2026-01-13 11:15:18,718 - INFO - Epoch 17: Train Loss=1.5878, Train Acc=0.5362, Val Loss=1.5990, Val Acc=0.5650, Val AUC=0.5852
2026-01-13 11:15:18,746 - INFO - Saved best model with Val AUC=0.5852
2026-01-13 11:15:24,515 - INFO - Epoch 18: Train Loss=1.5789, Train Acc=0.5616, Val Loss=1.6037, Val Acc=0.5085, Val AUC=0.5372
2026-01-13 11:15:29,114 - INFO - Epoch 19: Train Loss=1.5811, Train Acc=0.5832, Val Loss=1.5946, Val Acc=0.5480, Val AUC=0.5992
2026-01-13 11:15:29,139 - INFO - Saved best model with Val AUC=0.5992
2026-01-13 11:15:33,919 - INFO - Epoch 20: Train Loss=1.5420, Train Acc=0.6282, Val Loss=1.5901, Val Acc=0.5593, Val AUC=0.6141
2026-01-13 11:15:33,947 - INFO - Saved best model with Val AUC=0.6141
2026-01-13 11:15:39,818 - INFO - Epoch 21: Train Loss=1.5377, Train Acc=0.6477, Val Loss=1.7283, Val Acc=0.5537, Val AUC=0.5870
2026-01-13 11:15:45,519 - INFO - Epoch 22: Train Loss=1.4699, Train Acc=0.6732, Val Loss=1.6632, Val Acc=0.5593, Val AUC=0.6513
2026-01-13 11:15:45,546 - INFO - Saved best model with Val AUC=0.6513
2026-01-13 11:15:50,614 - INFO - Epoch 23: Train Loss=1.3973, Train Acc=0.7613, Val Loss=1.8708, Val Acc=0.5932, Val AUC=0.6513
2026-01-13 11:15:55,114 - INFO - Epoch 24: Train Loss=1.4541, Train Acc=0.7886, Val Loss=1.7634, Val Acc=0.6215, Val AUC=0.6699
2026-01-13 11:15:55,138 - INFO - Saved best model with Val AUC=0.6699
2026-01-13 11:16:00,717 - INFO - Epoch 25: Train Loss=1.3891, Train Acc=0.7867, Val Loss=1.7582, Val Acc=0.5480, Val AUC=0.6138
2026-01-13 11:16:05,317 - INFO - Epoch 26: Train Loss=1.3262, Train Acc=0.8121, Val Loss=1.7154, Val Acc=0.5763, Val AUC=0.6496
2026-01-13 11:16:10,217 - INFO - Epoch 27: Train Loss=1.3560, Train Acc=0.8043, Val Loss=1.9074, Val Acc=0.5932, Val AUC=0.6189
2026-01-13 11:16:15,015 - INFO - Epoch 28: Train Loss=1.2758, Train Acc=0.8395, Val Loss=1.7221, Val Acc=0.6215, Val AUC=0.6642
2026-01-13 11:16:19,514 - INFO - Epoch 29: Train Loss=1.2345, Train Acc=0.8689, Val Loss=1.7018, Val Acc=0.6271, Val AUC=0.6673
2026-01-13 11:16:24,417 - INFO - Epoch 30: Train Loss=1.1786, Train Acc=0.8689, Val Loss=1.9961, Val Acc=0.6215, Val AUC=0.6797
2026-01-13 11:16:24,444 - INFO - Saved best model with Val AUC=0.6797
2026-01-13 11:16:29,418 - INFO - Epoch 31: Train Loss=1.1439, Train Acc=0.8885, Val Loss=1.8921, Val Acc=0.6328, Val AUC=0.6939
2026-01-13 11:16:29,452 - INFO - Saved best model with Val AUC=0.6939
2026-01-13 11:16:34,217 - INFO - Epoch 32: Train Loss=1.1777, Train Acc=0.8826, Val Loss=1.8835, Val Acc=0.6328, Val AUC=0.6985
2026-01-13 11:16:34,244 - INFO - Saved best model with Val AUC=0.6985
2026-01-13 11:16:39,114 - INFO - Epoch 33: Train Loss=1.0816, Train Acc=0.9119, Val Loss=2.0578, Val Acc=0.6610, Val AUC=0.7032
2026-01-13 11:16:39,137 - INFO - Saved best model with Val AUC=0.7032
2026-01-13 11:16:43,913 - INFO - Epoch 34: Train Loss=0.9873, Train Acc=0.9354, Val Loss=2.2791, Val Acc=0.6441, Val AUC=0.6645
2026-01-13 11:16:48,720 - INFO - Epoch 35: Train Loss=1.0954, Train Acc=0.9002, Val Loss=2.3817, Val Acc=0.6723, Val AUC=0.6601
2026-01-13 11:16:53,215 - INFO - Epoch 36: Train Loss=1.0941, Train Acc=0.9198, Val Loss=2.3906, Val Acc=0.6384, Val AUC=0.6506
2026-01-13 11:16:57,615 - INFO - Epoch 37: Train Loss=1.0009, Train Acc=0.9432, Val Loss=2.7203, Val Acc=0.6723, Val AUC=0.6694
2026-01-13 11:17:02,617 - INFO - Epoch 38: Train Loss=1.1047, Train Acc=0.9178, Val Loss=2.2697, Val Acc=0.6610, Val AUC=0.6889
2026-01-13 11:17:07,417 - INFO - Epoch 39: Train Loss=1.0969, Train Acc=0.9061, Val Loss=2.0934, Val Acc=0.6554, Val AUC=0.7277
2026-01-13 11:17:07,445 - INFO - Saved best model with Val AUC=0.7277
2026-01-13 11:17:12,118 - INFO - Epoch 40: Train Loss=1.0532, Train Acc=0.9002, Val Loss=2.2373, Val Acc=0.6497, Val AUC=0.6697
2026-01-13 11:17:16,916 - INFO - Epoch 41: Train Loss=0.9730, Train Acc=0.9276, Val Loss=2.3312, Val Acc=0.6497, Val AUC=0.6907
2026-01-13 11:17:21,716 - INFO - Epoch 42: Train Loss=1.0216, Train Acc=0.9452, Val Loss=2.3364, Val Acc=0.6441, Val AUC=0.6861
2026-01-13 11:17:26,217 - INFO - Epoch 43: Train Loss=0.9578, Train Acc=0.9491, Val Loss=2.1692, Val Acc=0.6893, Val AUC=0.7380
2026-01-13 11:17:26,244 - INFO - Saved best model with Val AUC=0.7380
2026-01-13 11:17:31,116 - INFO - Epoch 44: Train Loss=0.9808, Train Acc=0.9491, Val Loss=2.1975, Val Acc=0.6780, Val AUC=0.7083
2026-01-13 11:17:35,914 - INFO - Epoch 45: Train Loss=0.9238, Train Acc=0.9628, Val Loss=2.8225, Val Acc=0.6554, Val AUC=0.6565
2026-01-13 11:17:40,413 - INFO - Epoch 46: Train Loss=1.0016, Train Acc=0.9354, Val Loss=2.6217, Val Acc=0.6949, Val AUC=0.6835
2026-01-13 11:17:45,116 - INFO - Epoch 47: Train Loss=0.9229, Train Acc=0.9628, Val Loss=2.6841, Val Acc=0.6667, Val AUC=0.6776
2026-01-13 11:17:49,816 - INFO - Epoch 48: Train Loss=0.9914, Train Acc=0.9550, Val Loss=2.7033, Val Acc=0.6723, Val AUC=0.6926
2026-01-13 11:17:55,016 - INFO - Epoch 49: Train Loss=0.9799, Train Acc=0.9550, Val Loss=2.7734, Val Acc=0.6610, Val AUC=0.6716
2026-01-13 11:17:59,513 - INFO - Epoch 50: Train Loss=0.8873, Train Acc=0.9530, Val Loss=2.4497, Val Acc=0.6780, Val AUC=0.7019
2026-01-13 11:18:04,318 - INFO - Epoch 51: Train Loss=0.9576, Train Acc=0.9491, Val Loss=2.6387, Val Acc=0.6441, Val AUC=0.6706
2026-01-13 11:18:09,316 - INFO - Epoch 52: Train Loss=0.9095, Train Acc=0.9530, Val Loss=3.1221, Val Acc=0.6215, Val AUC=0.6702
2026-01-13 11:18:14,116 - INFO - Epoch 53: Train Loss=0.8826, Train Acc=0.9628, Val Loss=2.7559, Val Acc=0.6497, Val AUC=0.6770
2026-01-13 11:18:19,017 - INFO - Epoch 54: Train Loss=0.8422, Train Acc=0.9706, Val Loss=2.6625, Val Acc=0.6215, Val AUC=0.6586
2026-01-13 11:18:24,315 - INFO - Epoch 55: Train Loss=0.8271, Train Acc=0.9804, Val Loss=2.8599, Val Acc=0.6328, Val AUC=0.6890
2026-01-13 11:18:30,018 - INFO - Epoch 56: Train Loss=0.8797, Train Acc=0.9667, Val Loss=2.9840, Val Acc=0.6158, Val AUC=0.6478
2026-01-13 11:18:34,919 - INFO - Epoch 57: Train Loss=0.8883, Train Acc=0.9765, Val Loss=2.7197, Val Acc=0.6328, Val AUC=0.6890
2026-01-13 11:18:39,817 - INFO - Epoch 58: Train Loss=0.8553, Train Acc=0.9706, Val Loss=3.0540, Val Acc=0.6215, Val AUC=0.6705
2026-01-13 11:18:44,915 - INFO - Epoch 59: Train Loss=0.9094, Train Acc=0.9648, Val Loss=3.2856, Val Acc=0.5876, Val AUC=0.6353
2026-01-13 11:18:49,514 - INFO - Epoch 60: Train Loss=0.8214, Train Acc=0.9765, Val Loss=2.6260, Val Acc=0.6441, Val AUC=0.6968
2026-01-13 11:18:54,218 - INFO - Epoch 61: Train Loss=0.9531, Train Acc=0.9530, Val Loss=2.6589, Val Acc=0.6271, Val AUC=0.6776
2026-01-13 11:18:59,317 - INFO - Epoch 62: Train Loss=0.8247, Train Acc=0.9746, Val Loss=2.8702, Val Acc=0.6271, Val AUC=0.6761
2026-01-13 11:19:04,115 - INFO - Epoch 63: Train Loss=0.8080, Train Acc=0.9765, Val Loss=2.6857, Val Acc=0.6497, Val AUC=0.6968
2026-01-13 11:19:08,616 - INFO - Epoch 64: Train Loss=0.8373, Train Acc=0.9667, Val Loss=2.8580, Val Acc=0.6497, Val AUC=0.6927
2026-01-13 11:19:13,414 - INFO - Epoch 65: Train Loss=0.8995, Train Acc=0.9726, Val Loss=3.0551, Val Acc=0.6497, Val AUC=0.6903
2026-01-13 11:19:18,017 - INFO - Epoch 66: Train Loss=0.7865, Train Acc=0.9785, Val Loss=3.6712, Val Acc=0.5932, Val AUC=0.6723
2026-01-13 11:19:23,118 - INFO - Epoch 67: Train Loss=0.8120, Train Acc=0.9785, Val Loss=3.1835, Val Acc=0.6441, Val AUC=0.7050
2026-01-13 11:19:27,916 - INFO - Epoch 68: Train Loss=0.7981, Train Acc=0.9824, Val Loss=3.2159, Val Acc=0.6215, Val AUC=0.6830
2026-01-13 11:19:32,414 - INFO - Epoch 69: Train Loss=0.7962, Train Acc=0.9824, Val Loss=3.0687, Val Acc=0.6667, Val AUC=0.6815
2026-01-13 11:19:36,914 - INFO - Epoch 70: Train Loss=0.7760, Train Acc=0.9824, Val Loss=3.3665, Val Acc=0.6497, Val AUC=0.6749
2026-01-13 11:19:41,516 - INFO - Epoch 71: Train Loss=0.7398, Train Acc=0.9902, Val Loss=3.2561, Val Acc=0.6328, Val AUC=0.6882
2026-01-13 11:19:46,114 - INFO - Epoch 72: Train Loss=0.8033, Train Acc=0.9765, Val Loss=3.3496, Val Acc=0.6271, Val AUC=0.6891
2026-01-13 11:19:50,414 - INFO - Epoch 73: Train Loss=0.7945, Train Acc=0.9785, Val Loss=3.1373, Val Acc=0.6384, Val AUC=0.6853
2026-01-13 11:19:50,414 - INFO - Early stopping at epoch 73
2026-01-13 11:19:51,016 - INFO - 
Fold 1 Test Results:
2026-01-13 11:19:51,016 - INFO - Accuracy: 0.6284
2026-01-13 11:19:51,016 - INFO - AUC: 0.6701
2026-01-13 11:19:51,016 - INFO - F1: 0.6273
2026-01-13 11:19:51,362 - INFO - Saved ROC curve plot for Fold 1
2026-01-13 11:19:51,577 - INFO - Saved confusion matrix plot for Fold 1
2026-01-13 11:19:51,577 - INFO - 
============================================================
2026-01-13 11:19:51,577 - INFO - Classification Report - Fold 1
2026-01-13 11:19:51,577 - INFO - ============================================================
2026-01-13 11:19:52,513 - INFO - Saved clinical metrics plot for Fold 1
2026-01-13 11:19:53,833 - INFO - Saved site performance plot for Fold 1
2026-01-13 11:19:53,835 - INFO - 
==================================================
2026-01-13 11:19:53,835 - INFO - Training Fold 2/5
2026-01-13 11:19:53,835 - INFO - ==================================================
2026-01-13 11:19:53,925 - INFO - Fold 2: Applied per-fold sMRI normalization
2026-01-13 11:19:53,961 - INFO - Model parameters: 6,047,268
2026-01-13 11:19:58,415 - INFO - Epoch 1: Train Loss=1.7931, Train Acc=0.5010, Val Loss=1.6397, Val Acc=0.4699, Val AUC=0.4494
2026-01-13 11:19:58,438 - INFO - Saved best model with Val AUC=0.4494
2026-01-13 11:20:02,714 - INFO - Epoch 2: Train Loss=1.8398, Train Acc=0.5147, Val Loss=1.6389, Val Acc=0.4699, Val AUC=0.4356
2026-01-13 11:20:07,218 - INFO - Epoch 3: Train Loss=1.8228, Train Acc=0.5147, Val Loss=1.6370, Val Acc=0.4699, Val AUC=0.4625
2026-01-13 11:20:07,244 - INFO - Saved best model with Val AUC=0.4625
2026-01-13 11:20:11,826 - INFO - Epoch 4: Train Loss=1.8596, Train Acc=0.4716, Val Loss=1.6361, Val Acc=0.4699, Val AUC=0.4362
2026-01-13 11:20:17,316 - INFO - Epoch 5: Train Loss=1.7752, Train Acc=0.4873, Val Loss=1.6328, Val Acc=0.4699, Val AUC=0.4982
2026-01-13 11:20:17,339 - INFO - Saved best model with Val AUC=0.4982
2026-01-13 11:20:22,715 - INFO - Epoch 6: Train Loss=1.7644, Train Acc=0.5225, Val Loss=1.6265, Val Acc=0.4699, Val AUC=0.4956
2026-01-13 11:20:27,916 - INFO - Epoch 7: Train Loss=1.7172, Train Acc=0.5049, Val Loss=1.6204, Val Acc=0.4699, Val AUC=0.5233
2026-01-13 11:20:27,939 - INFO - Saved best model with Val AUC=0.5233
2026-01-13 11:20:33,115 - INFO - Epoch 8: Train Loss=1.6590, Train Acc=0.4932, Val Loss=1.6140, Val Acc=0.4754, Val AUC=0.6013
2026-01-13 11:20:33,139 - INFO - Saved best model with Val AUC=0.6013
2026-01-13 11:20:37,916 - INFO - Epoch 9: Train Loss=1.6680, Train Acc=0.5558, Val Loss=1.6063, Val Acc=0.4809, Val AUC=0.6099
2026-01-13 11:20:37,943 - INFO - Saved best model with Val AUC=0.6099
2026-01-13 11:20:42,517 - INFO - Epoch 10: Train Loss=1.6386, Train Acc=0.5382, Val Loss=1.5870, Val Acc=0.5082, Val AUC=0.6443
2026-01-13 11:20:42,545 - INFO - Saved best model with Val AUC=0.6443
2026-01-13 11:20:47,317 - INFO - Epoch 11: Train Loss=1.6464, Train Acc=0.5147, Val Loss=1.5960, Val Acc=0.4754, Val AUC=0.6142
2026-01-13 11:20:52,014 - INFO - Epoch 12: Train Loss=1.6491, Train Acc=0.5147, Val Loss=1.5974, Val Acc=0.4645, Val AUC=0.5844
2026-01-13 11:20:56,715 - INFO - Epoch 13: Train Loss=1.6203, Train Acc=0.4971, Val Loss=1.5928, Val Acc=0.5027, Val AUC=0.5651
2026-01-13 11:21:01,215 - INFO - Epoch 14: Train Loss=1.6192, Train Acc=0.4814, Val Loss=1.5968, Val Acc=0.4699, Val AUC=0.5450
2026-01-13 11:21:05,516 - INFO - Epoch 15: Train Loss=1.6328, Train Acc=0.4853, Val Loss=1.5975, Val Acc=0.4699, Val AUC=0.5677
2026-01-13 11:21:09,917 - INFO - Epoch 16: Train Loss=1.5985, Train Acc=0.4873, Val Loss=1.6006, Val Acc=0.4918, Val AUC=0.5392
2026-01-13 11:21:14,314 - INFO - Epoch 17: Train Loss=1.6072, Train Acc=0.5362, Val Loss=1.5848, Val Acc=0.5027, Val AUC=0.5792
2026-01-13 11:21:19,218 - INFO - Epoch 18: Train Loss=1.5894, Train Acc=0.5284, Val Loss=1.5786, Val Acc=0.4973, Val AUC=0.6192
2026-01-13 11:21:24,615 - INFO - Epoch 19: Train Loss=1.5709, Train Acc=0.5440, Val Loss=1.5736, Val Acc=0.5027, Val AUC=0.5684
2026-01-13 11:21:29,218 - INFO - Epoch 20: Train Loss=1.5415, Train Acc=0.6047, Val Loss=1.5793, Val Acc=0.5191, Val AUC=0.5957
2026-01-13 11:21:33,718 - INFO - Epoch 21: Train Loss=1.4800, Train Acc=0.6438, Val Loss=1.5955, Val Acc=0.5464, Val AUC=0.6148
2026-01-13 11:21:38,717 - INFO - Epoch 22: Train Loss=1.4666, Train Acc=0.7045, Val Loss=1.5928, Val Acc=0.5574, Val AUC=0.6246
2026-01-13 11:21:43,817 - INFO - Epoch 23: Train Loss=1.4442, Train Acc=0.7221, Val Loss=1.5637, Val Acc=0.5847, Val AUC=0.6520
2026-01-13 11:21:43,845 - INFO - Saved best model with Val AUC=0.6520
2026-01-13 11:21:48,415 - INFO - Epoch 24: Train Loss=1.4270, Train Acc=0.7299, Val Loss=1.6103, Val Acc=0.5574, Val AUC=0.5985
2026-01-13 11:21:53,015 - INFO - Epoch 25: Train Loss=1.3692, Train Acc=0.7397, Val Loss=1.5585, Val Acc=0.5847, Val AUC=0.6456
2026-01-13 11:21:57,414 - INFO - Epoch 26: Train Loss=1.2867, Train Acc=0.7867, Val Loss=1.6308, Val Acc=0.5902, Val AUC=0.6038
2026-01-13 11:22:02,118 - INFO - Epoch 27: Train Loss=1.3368, Train Acc=0.8141, Val Loss=1.6686, Val Acc=0.5738, Val AUC=0.6346
2026-01-13 11:22:06,615 - INFO - Epoch 28: Train Loss=1.2274, Train Acc=0.8297, Val Loss=1.7094, Val Acc=0.5464, Val AUC=0.6105
2026-01-13 11:22:10,923 - INFO - Epoch 29: Train Loss=1.3094, Train Acc=0.8200, Val Loss=1.6698, Val Acc=0.5683, Val AUC=0.5969
2026-01-13 11:22:15,418 - INFO - Epoch 30: Train Loss=1.2593, Train Acc=0.8160, Val Loss=1.6993, Val Acc=0.5628, Val AUC=0.6483
2026-01-13 11:22:20,318 - INFO - Epoch 31: Train Loss=1.1385, Train Acc=0.8689, Val Loss=1.7906, Val Acc=0.5902, Val AUC=0.6645
2026-01-13 11:22:20,346 - INFO - Saved best model with Val AUC=0.6645
2026-01-13 11:22:24,918 - INFO - Epoch 32: Train Loss=1.1055, Train Acc=0.9022, Val Loss=1.7973, Val Acc=0.5738, Val AUC=0.6940
2026-01-13 11:22:24,945 - INFO - Saved best model with Val AUC=0.6940
2026-01-13 11:22:29,718 - INFO - Epoch 33: Train Loss=1.1182, Train Acc=0.8963, Val Loss=2.0575, Val Acc=0.5738, Val AUC=0.6169
2026-01-13 11:22:34,418 - INFO - Epoch 34: Train Loss=1.1379, Train Acc=0.9159, Val Loss=2.0297, Val Acc=0.5246, Val AUC=0.6238
2026-01-13 11:22:39,218 - INFO - Epoch 35: Train Loss=1.0713, Train Acc=0.9080, Val Loss=2.2288, Val Acc=0.5464, Val AUC=0.6205
2026-01-13 11:22:43,716 - INFO - Epoch 36: Train Loss=1.0188, Train Acc=0.9159, Val Loss=2.1037, Val Acc=0.5847, Val AUC=0.6401
2026-01-13 11:22:48,418 - INFO - Epoch 37: Train Loss=1.0835, Train Acc=0.9061, Val Loss=2.1389, Val Acc=0.5902, Val AUC=0.6208
2026-01-13 11:22:53,115 - INFO - Epoch 38: Train Loss=1.0495, Train Acc=0.9061, Val Loss=2.1037, Val Acc=0.5410, Val AUC=0.6660
2026-01-13 11:22:57,917 - INFO - Epoch 39: Train Loss=1.0223, Train Acc=0.9393, Val Loss=2.2641, Val Acc=0.5301, Val AUC=0.5898
2026-01-13 11:23:02,520 - INFO - Epoch 40: Train Loss=1.0504, Train Acc=0.9237, Val Loss=2.2676, Val Acc=0.5956, Val AUC=0.6645
2026-01-13 11:23:07,018 - INFO - Epoch 41: Train Loss=0.9579, Train Acc=0.9432, Val Loss=2.3944, Val Acc=0.5902, Val AUC=0.6386
2026-01-13 11:23:11,414 - INFO - Epoch 42: Train Loss=0.9848, Train Acc=0.9393, Val Loss=2.5180, Val Acc=0.5847, Val AUC=0.6514
2026-01-13 11:23:15,918 - INFO - Epoch 43: Train Loss=1.0255, Train Acc=0.9315, Val Loss=2.4617, Val Acc=0.5519, Val AUC=0.6323
2026-01-13 11:23:20,516 - INFO - Epoch 44: Train Loss=1.0009, Train Acc=0.9315, Val Loss=2.4815, Val Acc=0.5738, Val AUC=0.6436
2026-01-13 11:23:25,017 - INFO - Epoch 45: Train Loss=0.9600, Train Acc=0.9550, Val Loss=2.5143, Val Acc=0.5519, Val AUC=0.6791
2026-01-13 11:23:29,517 - INFO - Epoch 46: Train Loss=0.9831, Train Acc=0.9315, Val Loss=2.5558, Val Acc=0.5628, Val AUC=0.6537
2026-01-13 11:23:34,718 - INFO - Epoch 47: Train Loss=0.9483, Train Acc=0.9452, Val Loss=2.9053, Val Acc=0.5847, Val AUC=0.6582
2026-01-13 11:23:40,021 - INFO - Epoch 48: Train Loss=0.9742, Train Acc=0.9609, Val Loss=3.0505, Val Acc=0.5792, Val AUC=0.6579
2026-01-13 11:23:44,615 - INFO - Epoch 49: Train Loss=1.0409, Train Acc=0.9393, Val Loss=3.2661, Val Acc=0.5464, Val AUC=0.6530
2026-01-13 11:23:49,217 - INFO - Epoch 50: Train Loss=0.8909, Train Acc=0.9609, Val Loss=2.6088, Val Acc=0.5683, Val AUC=0.6965
2026-01-13 11:23:49,245 - INFO - Saved best model with Val AUC=0.6965
2026-01-13 11:23:54,016 - INFO - Epoch 51: Train Loss=1.0626, Train Acc=0.9354, Val Loss=2.4968, Val Acc=0.5956, Val AUC=0.6905
2026-01-13 11:23:58,515 - INFO - Epoch 52: Train Loss=0.9194, Train Acc=0.9687, Val Loss=3.0076, Val Acc=0.5792, Val AUC=0.6757
2026-01-13 11:24:03,117 - INFO - Epoch 53: Train Loss=0.8767, Train Acc=0.9785, Val Loss=3.8800, Val Acc=0.5683, Val AUC=0.6737
2026-01-13 11:24:07,814 - INFO - Epoch 54: Train Loss=0.8690, Train Acc=0.9648, Val Loss=3.4894, Val Acc=0.5519, Val AUC=0.6686
2026-01-13 11:24:12,315 - INFO - Epoch 55: Train Loss=1.0421, Train Acc=0.9413, Val Loss=3.1316, Val Acc=0.5683, Val AUC=0.6729
2026-01-13 11:24:16,614 - INFO - Epoch 56: Train Loss=0.9520, Train Acc=0.9530, Val Loss=3.2883, Val Acc=0.5902, Val AUC=0.6731
2026-01-13 11:24:21,515 - INFO - Epoch 57: Train Loss=0.8843, Train Acc=0.9569, Val Loss=2.9553, Val Acc=0.5628, Val AUC=0.7014
2026-01-13 11:24:21,539 - INFO - Saved best model with Val AUC=0.7014
2026-01-13 11:24:26,711 - INFO - Epoch 58: Train Loss=1.0191, Train Acc=0.9432, Val Loss=3.4428, Val Acc=0.5683, Val AUC=0.6628
2026-01-13 11:24:31,815 - INFO - Epoch 59: Train Loss=0.9458, Train Acc=0.9491, Val Loss=2.9783, Val Acc=0.5902, Val AUC=0.6573
2026-01-13 11:24:37,215 - INFO - Epoch 60: Train Loss=0.9300, Train Acc=0.9628, Val Loss=3.3123, Val Acc=0.5628, Val AUC=0.6760
2026-01-13 11:24:41,817 - INFO - Epoch 61: Train Loss=0.9827, Train Acc=0.9530, Val Loss=2.8811, Val Acc=0.5847, Val AUC=0.6785
2026-01-13 11:24:46,415 - INFO - Epoch 62: Train Loss=0.8737, Train Acc=0.9706, Val Loss=3.4680, Val Acc=0.5683, Val AUC=0.6602
2026-01-13 11:24:50,917 - INFO - Epoch 63: Train Loss=0.8435, Train Acc=0.9726, Val Loss=3.0981, Val Acc=0.5464, Val AUC=0.6568
2026-01-13 11:24:55,414 - INFO - Epoch 64: Train Loss=1.0231, Train Acc=0.9491, Val Loss=3.2810, Val Acc=0.5902, Val AUC=0.6736
2026-01-13 11:25:00,114 - INFO - Epoch 65: Train Loss=0.9291, Train Acc=0.9569, Val Loss=2.8470, Val Acc=0.5683, Val AUC=0.6621
2026-01-13 11:25:04,515 - INFO - Epoch 66: Train Loss=0.8598, Train Acc=0.9687, Val Loss=2.9203, Val Acc=0.5956, Val AUC=0.6872
2026-01-13 11:25:08,914 - INFO - Epoch 67: Train Loss=0.8350, Train Acc=0.9726, Val Loss=3.3683, Val Acc=0.5683, Val AUC=0.6760
2026-01-13 11:25:13,414 - INFO - Epoch 68: Train Loss=0.7967, Train Acc=0.9804, Val Loss=3.3065, Val Acc=0.5683, Val AUC=0.6811
2026-01-13 11:25:18,117 - INFO - Epoch 69: Train Loss=0.8196, Train Acc=0.9667, Val Loss=3.2878, Val Acc=0.5464, Val AUC=0.6627
2026-01-13 11:25:23,018 - INFO - Epoch 70: Train Loss=0.8537, Train Acc=0.9667, Val Loss=3.5796, Val Acc=0.5410, Val AUC=0.6435
2026-01-13 11:25:27,815 - INFO - Epoch 71: Train Loss=0.7751, Train Acc=0.9843, Val Loss=3.8580, Val Acc=0.5464, Val AUC=0.6761
2026-01-13 11:25:32,317 - INFO - Epoch 72: Train Loss=0.7476, Train Acc=0.9922, Val Loss=3.6331, Val Acc=0.5464, Val AUC=0.6737
2026-01-13 11:25:37,215 - INFO - Epoch 73: Train Loss=0.7992, Train Acc=0.9785, Val Loss=3.5616, Val Acc=0.5847, Val AUC=0.6548
2026-01-13 11:25:42,218 - INFO - Epoch 74: Train Loss=0.7670, Train Acc=0.9883, Val Loss=3.4521, Val Acc=0.5464, Val AUC=0.6534
2026-01-13 11:25:47,118 - INFO - Epoch 75: Train Loss=0.7620, Train Acc=0.9863, Val Loss=3.7063, Val Acc=0.5410, Val AUC=0.6542
2026-01-13 11:25:51,717 - INFO - Epoch 76: Train Loss=0.7749, Train Acc=0.9804, Val Loss=3.5786, Val Acc=0.5738, Val AUC=0.6669
2026-01-13 11:25:57,317 - INFO - Epoch 77: Train Loss=0.8239, Train Acc=0.9726, Val Loss=3.1755, Val Acc=0.5738, Val AUC=0.6720
2026-01-13 11:26:02,817 - INFO - Epoch 78: Train Loss=0.7954, Train Acc=0.9765, Val Loss=2.9004, Val Acc=0.5683, Val AUC=0.6893
2026-01-13 11:26:08,616 - INFO - Epoch 79: Train Loss=0.7463, Train Acc=0.9863, Val Loss=2.6963, Val Acc=0.6011, Val AUC=0.7002
2026-01-13 11:26:13,619 - INFO - Epoch 80: Train Loss=0.8028, Train Acc=0.9785, Val Loss=2.9552, Val Acc=0.5792, Val AUC=0.6989
2026-01-13 11:26:18,215 - INFO - Epoch 81: Train Loss=0.7890, Train Acc=0.9843, Val Loss=2.7691, Val Acc=0.6339, Val AUC=0.6848
2026-01-13 11:26:23,017 - INFO - Epoch 82: Train Loss=0.7393, Train Acc=0.9922, Val Loss=2.6253, Val Acc=0.6339, Val AUC=0.6894
2026-01-13 11:26:27,916 - INFO - Epoch 83: Train Loss=0.7294, Train Acc=0.9902, Val Loss=2.9959, Val Acc=0.6120, Val AUC=0.6960
2026-01-13 11:26:32,415 - INFO - Epoch 84: Train Loss=0.7365, Train Acc=0.9824, Val Loss=3.1512, Val Acc=0.6448, Val AUC=0.7030
2026-01-13 11:26:32,438 - INFO - Saved best model with Val AUC=0.7030
2026-01-13 11:26:37,317 - INFO - Epoch 85: Train Loss=0.7541, Train Acc=0.9863, Val Loss=3.0388, Val Acc=0.6393, Val AUC=0.6952
2026-01-13 11:26:42,218 - INFO - Epoch 86: Train Loss=0.7371, Train Acc=0.9922, Val Loss=3.0956, Val Acc=0.6557, Val AUC=0.7124
2026-01-13 11:26:42,244 - INFO - Saved best model with Val AUC=0.7124
2026-01-13 11:26:46,916 - INFO - Epoch 87: Train Loss=0.7452, Train Acc=0.9863, Val Loss=3.1338, Val Acc=0.6339, Val AUC=0.7052
2026-01-13 11:26:51,618 - INFO - Epoch 88: Train Loss=0.7383, Train Acc=0.9883, Val Loss=2.6395, Val Acc=0.6448, Val AUC=0.7101
2026-01-13 11:26:55,917 - INFO - Epoch 89: Train Loss=0.7456, Train Acc=0.9824, Val Loss=2.8152, Val Acc=0.6721, Val AUC=0.7135
2026-01-13 11:26:55,942 - INFO - Saved best model with Val AUC=0.7135
2026-01-13 11:27:00,616 - INFO - Epoch 90: Train Loss=0.7545, Train Acc=0.9804, Val Loss=3.5734, Val Acc=0.6339, Val AUC=0.7071
2026-01-13 11:27:05,315 - INFO - Epoch 91: Train Loss=0.7237, Train Acc=0.9922, Val Loss=3.4343, Val Acc=0.6503, Val AUC=0.6645
2026-01-13 11:27:09,915 - INFO - Epoch 92: Train Loss=0.7061, Train Acc=0.9941, Val Loss=3.3013, Val Acc=0.6175, Val AUC=0.6784
2026-01-13 11:27:14,520 - INFO - Epoch 93: Train Loss=0.8147, Train Acc=0.9804, Val Loss=3.1201, Val Acc=0.5792, Val AUC=0.6663
2026-01-13 11:27:19,317 - INFO - Epoch 94: Train Loss=0.6981, Train Acc=0.9922, Val Loss=3.0326, Val Acc=0.6503, Val AUC=0.6955
2026-01-13 11:27:24,215 - INFO - Epoch 95: Train Loss=0.7475, Train Acc=0.9843, Val Loss=2.8615, Val Acc=0.6230, Val AUC=0.6774
2026-01-13 11:27:29,917 - INFO - Epoch 96: Train Loss=0.6793, Train Acc=0.9961, Val Loss=2.9345, Val Acc=0.6393, Val AUC=0.6749
2026-01-13 11:27:35,116 - INFO - Epoch 97: Train Loss=0.8791, Train Acc=0.9687, Val Loss=3.5300, Val Acc=0.5847, Val AUC=0.6508
2026-01-13 11:27:40,517 - INFO - Epoch 98: Train Loss=0.7664, Train Acc=0.9863, Val Loss=3.4056, Val Acc=0.5956, Val AUC=0.6641
2026-01-13 11:27:46,119 - INFO - Epoch 99: Train Loss=0.6927, Train Acc=0.9941, Val Loss=3.5168, Val Acc=0.6284, Val AUC=0.6678
2026-01-13 11:27:51,018 - INFO - Epoch 100: Train Loss=0.7063, Train Acc=0.9863, Val Loss=3.3400, Val Acc=0.6284, Val AUC=0.6549
2026-01-13 11:27:55,722 - INFO - Epoch 101: Train Loss=0.7124, Train Acc=0.9863, Val Loss=3.6924, Val Acc=0.5956, Val AUC=0.6669
2026-01-13 11:28:00,316 - INFO - Epoch 102: Train Loss=0.7055, Train Acc=0.9922, Val Loss=3.8856, Val Acc=0.6011, Val AUC=0.6533
2026-01-13 11:28:05,017 - INFO - Epoch 103: Train Loss=0.7001, Train Acc=0.9941, Val Loss=3.3708, Val Acc=0.5902, Val AUC=0.6690
2026-01-13 11:28:11,020 - INFO - Epoch 104: Train Loss=0.6704, Train Acc=0.9980, Val Loss=3.4346, Val Acc=0.5847, Val AUC=0.6700
2026-01-13 11:28:17,809 - INFO - Epoch 105: Train Loss=0.7793, Train Acc=0.9863, Val Loss=3.4125, Val Acc=0.6175, Val AUC=0.6681
2026-01-13 11:28:22,719 - INFO - Epoch 106: Train Loss=0.6754, Train Acc=0.9941, Val Loss=3.2156, Val Acc=0.6066, Val AUC=0.6596
2026-01-13 11:28:28,317 - INFO - Epoch 107: Train Loss=0.7741, Train Acc=0.9902, Val Loss=3.5340, Val Acc=0.6120, Val AUC=0.6702
2026-01-13 11:28:33,916 - INFO - Epoch 108: Train Loss=0.7142, Train Acc=0.9902, Val Loss=3.3389, Val Acc=0.5956, Val AUC=0.6649
2026-01-13 11:28:39,423 - INFO - Epoch 109: Train Loss=0.7267, Train Acc=0.9883, Val Loss=3.5745, Val Acc=0.5847, Val AUC=0.6512
2026-01-13 11:28:44,415 - INFO - Epoch 110: Train Loss=0.7110, Train Acc=0.9922, Val Loss=3.3638, Val Acc=0.5847, Val AUC=0.6585
2026-01-13 11:28:49,017 - INFO - Epoch 111: Train Loss=0.6807, Train Acc=0.9902, Val Loss=3.3121, Val Acc=0.5956, Val AUC=0.6611
2026-01-13 11:28:53,615 - INFO - Epoch 112: Train Loss=0.6838, Train Acc=0.9922, Val Loss=3.2406, Val Acc=0.6066, Val AUC=0.6673
2026-01-13 11:28:58,217 - INFO - Epoch 113: Train Loss=0.7034, Train Acc=0.9922, Val Loss=2.9631, Val Acc=0.6284, Val AUC=0.6653
2026-01-13 11:29:02,816 - INFO - Epoch 114: Train Loss=0.6932, Train Acc=0.9922, Val Loss=3.1437, Val Acc=0.5956, Val AUC=0.6727
2026-01-13 11:29:07,416 - INFO - Epoch 115: Train Loss=0.6794, Train Acc=0.9883, Val Loss=3.2749, Val Acc=0.6066, Val AUC=0.6748
2026-01-13 11:29:11,915 - INFO - Epoch 116: Train Loss=0.6633, Train Acc=0.9961, Val Loss=3.6154, Val Acc=0.6011, Val AUC=0.6743
2026-01-13 11:29:16,517 - INFO - Epoch 117: Train Loss=0.7184, Train Acc=0.9922, Val Loss=3.4649, Val Acc=0.6011, Val AUC=0.6769
2026-01-13 11:29:21,115 - INFO - Epoch 118: Train Loss=0.6487, Train Acc=0.9961, Val Loss=3.1522, Val Acc=0.5956, Val AUC=0.6724
2026-01-13 11:29:25,617 - INFO - Epoch 119: Train Loss=0.6592, Train Acc=0.9922, Val Loss=3.0195, Val Acc=0.5847, Val AUC=0.6749
2026-01-13 11:29:25,618 - INFO - Early stopping at epoch 119
2026-01-13 11:29:26,217 - INFO - 
Fold 2 Test Results:
2026-01-13 11:29:26,217 - INFO - Accuracy: 0.6328
2026-01-13 11:29:26,217 - INFO - AUC: 0.6737
2026-01-13 11:29:26,217 - INFO - F1: 0.6314
2026-01-13 11:29:26,561 - INFO - Saved ROC curve plot for Fold 2
2026-01-13 11:29:26,781 - INFO - Saved confusion matrix plot for Fold 2
2026-01-13 11:29:26,781 - INFO - 
============================================================
2026-01-13 11:29:26,781 - INFO - Classification Report - Fold 2
2026-01-13 11:29:26,781 - INFO - ============================================================
2026-01-13 11:29:27,734 - INFO - Saved clinical metrics plot for Fold 2
2026-01-13 11:29:29,241 - INFO - Saved site performance plot for Fold 2
2026-01-13 11:29:29,242 - INFO - 
==================================================
2026-01-13 11:29:29,242 - INFO - Training Fold 3/5
2026-01-13 11:29:29,242 - INFO - ==================================================
2026-01-13 11:29:29,335 - INFO - Fold 3: Applied per-fold sMRI normalization
2026-01-13 11:29:29,370 - INFO - Model parameters: 6,047,268
2026-01-13 11:29:33,818 - INFO - Epoch 1: Train Loss=1.7443, Train Acc=0.4844, Val Loss=1.6315, Val Acc=0.4699, Val AUC=0.5162
2026-01-13 11:29:33,844 - INFO - Saved best model with Val AUC=0.5162
2026-01-13 11:29:38,706 - INFO - Epoch 2: Train Loss=1.7210, Train Acc=0.4767, Val Loss=1.6305, Val Acc=0.4699, Val AUC=0.5163
2026-01-13 11:29:38,730 - INFO - Saved best model with Val AUC=0.5163
2026-01-13 11:29:43,418 - INFO - Epoch 3: Train Loss=1.7234, Train Acc=0.4689, Val Loss=1.6279, Val Acc=0.4699, Val AUC=0.5362
2026-01-13 11:29:43,445 - INFO - Saved best model with Val AUC=0.5362
2026-01-13 11:29:48,122 - INFO - Epoch 4: Train Loss=1.7071, Train Acc=0.4883, Val Loss=1.6249, Val Acc=0.4699, Val AUC=0.5556
2026-01-13 11:29:48,151 - INFO - Saved best model with Val AUC=0.5556
2026-01-13 11:29:53,118 - INFO - Epoch 5: Train Loss=1.7163, Train Acc=0.4553, Val Loss=1.6219, Val Acc=0.4699, Val AUC=0.5605
2026-01-13 11:29:53,145 - INFO - Saved best model with Val AUC=0.5605
2026-01-13 11:29:57,816 - INFO - Epoch 6: Train Loss=1.6675, Train Acc=0.4786, Val Loss=1.6194, Val Acc=0.4699, Val AUC=0.5352
2026-01-13 11:30:02,717 - INFO - Epoch 7: Train Loss=1.7331, Train Acc=0.4650, Val Loss=1.6149, Val Acc=0.4699, Val AUC=0.5363
2026-01-13 11:30:07,316 - INFO - Epoch 8: Train Loss=1.6464, Train Acc=0.4883, Val Loss=1.6055, Val Acc=0.4754, Val AUC=0.5589
2026-01-13 11:30:12,118 - INFO - Epoch 9: Train Loss=1.6179, Train Acc=0.5233, Val Loss=1.5978, Val Acc=0.4863, Val AUC=0.5729
2026-01-13 11:30:12,145 - INFO - Saved best model with Val AUC=0.5729
2026-01-13 11:30:18,218 - INFO - Epoch 10: Train Loss=1.6214, Train Acc=0.5078, Val Loss=1.5978, Val Acc=0.4809, Val AUC=0.6054
2026-01-13 11:30:18,244 - INFO - Saved best model with Val AUC=0.6054
2026-01-13 11:30:22,921 - INFO - Epoch 11: Train Loss=1.6202, Train Acc=0.4883, Val Loss=1.5988, Val Acc=0.4699, Val AUC=0.6342
2026-01-13 11:30:22,954 - INFO - Saved best model with Val AUC=0.6342
2026-01-13 11:30:27,919 - INFO - Epoch 12: Train Loss=1.5966, Train Acc=0.4942, Val Loss=1.5955, Val Acc=0.4699, Val AUC=0.5462
2026-01-13 11:30:32,619 - INFO - Epoch 13: Train Loss=1.5962, Train Acc=0.4805, Val Loss=1.5904, Val Acc=0.4699, Val AUC=0.6214
2026-01-13 11:30:37,819 - INFO - Epoch 14: Train Loss=1.6341, Train Acc=0.4903, Val Loss=1.5928, Val Acc=0.4699, Val AUC=0.5608
2026-01-13 11:30:42,818 - INFO - Epoch 15: Train Loss=1.6090, Train Acc=0.4883, Val Loss=1.5927, Val Acc=0.4699, Val AUC=0.5426
2026-01-13 11:30:47,518 - INFO - Epoch 16: Train Loss=1.5892, Train Acc=0.4728, Val Loss=1.5879, Val Acc=0.4699, Val AUC=0.5820
2026-01-13 11:30:52,517 - INFO - Epoch 17: Train Loss=1.5927, Train Acc=0.4747, Val Loss=1.5851, Val Acc=0.4699, Val AUC=0.5933
2026-01-13 11:30:57,317 - INFO - Epoch 18: Train Loss=1.5909, Train Acc=0.5311, Val Loss=1.5850, Val Acc=0.5683, Val AUC=0.5785
2026-01-13 11:31:02,220 - INFO - Epoch 19: Train Loss=1.5790, Train Acc=0.5233, Val Loss=1.5674, Val Acc=0.5519, Val AUC=0.6512
2026-01-13 11:31:02,247 - INFO - Saved best model with Val AUC=0.6512
2026-01-13 11:31:07,218 - INFO - Epoch 20: Train Loss=1.5626, Train Acc=0.5681, Val Loss=1.5655, Val Acc=0.5137, Val AUC=0.6514
2026-01-13 11:31:07,245 - INFO - Saved best model with Val AUC=0.6514
2026-01-13 11:31:11,818 - INFO - Epoch 21: Train Loss=1.5829, Train Acc=0.5486, Val Loss=1.5556, Val Acc=0.5574, Val AUC=0.6574
2026-01-13 11:31:11,844 - INFO - Saved best model with Val AUC=0.6574
2026-01-13 11:31:16,814 - INFO - Epoch 22: Train Loss=1.5481, Train Acc=0.5992, Val Loss=1.5770, Val Acc=0.4645, Val AUC=0.6645
2026-01-13 11:31:16,838 - INFO - Saved best model with Val AUC=0.6645
2026-01-13 11:31:21,615 - INFO - Epoch 23: Train Loss=1.5503, Train Acc=0.6070, Val Loss=1.5745, Val Acc=0.4918, Val AUC=0.6415
2026-01-13 11:31:26,715 - INFO - Epoch 24: Train Loss=1.5390, Train Acc=0.6459, Val Loss=1.5764, Val Acc=0.5355, Val AUC=0.6277
2026-01-13 11:31:32,322 - INFO - Epoch 25: Train Loss=1.4615, Train Acc=0.6576, Val Loss=1.5867, Val Acc=0.5519, Val AUC=0.6395
2026-01-13 11:31:37,117 - INFO - Epoch 26: Train Loss=1.4611, Train Acc=0.7198, Val Loss=1.6355, Val Acc=0.4973, Val AUC=0.6730
2026-01-13 11:31:37,145 - INFO - Saved best model with Val AUC=0.6730
2026-01-13 11:31:41,915 - INFO - Epoch 27: Train Loss=1.4004, Train Acc=0.7510, Val Loss=1.5400, Val Acc=0.5902, Val AUC=0.6720
2026-01-13 11:31:46,719 - INFO - Epoch 28: Train Loss=1.5277, Train Acc=0.8093, Val Loss=1.5954, Val Acc=0.5956, Val AUC=0.6642
2026-01-13 11:31:51,917 - INFO - Epoch 29: Train Loss=1.2707, Train Acc=0.8463, Val Loss=1.7509, Val Acc=0.5683, Val AUC=0.6364
2026-01-13 11:31:56,818 - INFO - Epoch 30: Train Loss=1.4032, Train Acc=0.8288, Val Loss=1.7191, Val Acc=0.5683, Val AUC=0.6369
2026-01-13 11:32:01,617 - INFO - Epoch 31: Train Loss=1.3325, Train Acc=0.8599, Val Loss=1.7747, Val Acc=0.5902, Val AUC=0.6401
2026-01-13 11:32:06,717 - INFO - Epoch 32: Train Loss=1.3039, Train Acc=0.8268, Val Loss=1.8342, Val Acc=0.5464, Val AUC=0.6525
2026-01-13 11:32:11,721 - INFO - Epoch 33: Train Loss=1.1593, Train Acc=0.8677, Val Loss=1.7955, Val Acc=0.5628, Val AUC=0.6497
2026-01-13 11:32:16,520 - INFO - Epoch 34: Train Loss=1.1234, Train Acc=0.8872, Val Loss=1.7562, Val Acc=0.6393, Val AUC=0.6780
2026-01-13 11:32:16,547 - INFO - Saved best model with Val AUC=0.6780
2026-01-13 11:32:21,118 - INFO - Epoch 35: Train Loss=1.1004, Train Acc=0.8891, Val Loss=1.9224, Val Acc=0.6120, Val AUC=0.6459
2026-01-13 11:32:26,018 - INFO - Epoch 36: Train Loss=1.1952, Train Acc=0.8735, Val Loss=1.8875, Val Acc=0.5902, Val AUC=0.6382
2026-01-13 11:32:30,816 - INFO - Epoch 37: Train Loss=1.4666, Train Acc=0.9086, Val Loss=2.2359, Val Acc=0.5574, Val AUC=0.6242
2026-01-13 11:32:35,516 - INFO - Epoch 38: Train Loss=1.4784, Train Acc=0.9066, Val Loss=1.9456, Val Acc=0.6011, Val AUC=0.6379
2026-01-13 11:32:40,315 - INFO - Epoch 39: Train Loss=1.0646, Train Acc=0.9241, Val Loss=2.1392, Val Acc=0.5956, Val AUC=0.6397
2026-01-13 11:32:45,117 - INFO - Epoch 40: Train Loss=1.0368, Train Acc=0.9397, Val Loss=2.6818, Val Acc=0.6230, Val AUC=0.6497
2026-01-13 11:32:50,205 - INFO - Epoch 41: Train Loss=1.0858, Train Acc=0.9339, Val Loss=2.3285, Val Acc=0.6230, Val AUC=0.6612
2026-01-13 11:32:55,115 - INFO - Epoch 42: Train Loss=1.1798, Train Acc=0.9163, Val Loss=2.2181, Val Acc=0.6175, Val AUC=0.6406
2026-01-13 11:32:59,819 - INFO - Epoch 43: Train Loss=1.0316, Train Acc=0.9183, Val Loss=2.1261, Val Acc=0.5902, Val AUC=0.5946
2026-01-13 11:33:04,817 - INFO - Epoch 44: Train Loss=1.3442, Train Acc=0.9416, Val Loss=2.1498, Val Acc=0.6175, Val AUC=0.6497
2026-01-13 11:33:09,518 - INFO - Epoch 45: Train Loss=0.8989, Train Acc=0.9630, Val Loss=2.1824, Val Acc=0.6393, Val AUC=0.6641
2026-01-13 11:33:14,316 - INFO - Epoch 46: Train Loss=1.0599, Train Acc=0.9183, Val Loss=2.1976, Val Acc=0.5574, Val AUC=0.6679
2026-01-13 11:33:19,015 - INFO - Epoch 47: Train Loss=1.5798, Train Acc=0.8969, Val Loss=2.4181, Val Acc=0.6230, Val AUC=0.6671
2026-01-13 11:33:23,619 - INFO - Epoch 48: Train Loss=1.4105, Train Acc=0.9280, Val Loss=2.4593, Val Acc=0.6120, Val AUC=0.6387
2026-01-13 11:33:28,518 - INFO - Epoch 49: Train Loss=0.9241, Train Acc=0.9553, Val Loss=2.4924, Val Acc=0.6284, Val AUC=0.6465
2026-01-13 11:33:33,418 - INFO - Epoch 50: Train Loss=1.0398, Train Acc=0.9630, Val Loss=2.7851, Val Acc=0.6284, Val AUC=0.6386
2026-01-13 11:33:38,015 - INFO - Epoch 51: Train Loss=0.9053, Train Acc=0.9630, Val Loss=2.8972, Val Acc=0.5956, Val AUC=0.6410
2026-01-13 11:33:42,816 - INFO - Epoch 52: Train Loss=0.8904, Train Acc=0.9591, Val Loss=2.7819, Val Acc=0.6120, Val AUC=0.6422
2026-01-13 11:33:47,516 - INFO - Epoch 53: Train Loss=1.0487, Train Acc=0.9533, Val Loss=3.1954, Val Acc=0.6393, Val AUC=0.6667
2026-01-13 11:33:52,217 - INFO - Epoch 54: Train Loss=1.4701, Train Acc=0.9475, Val Loss=2.6493, Val Acc=0.6612, Val AUC=0.6863
2026-01-13 11:33:52,245 - INFO - Saved best model with Val AUC=0.6863
2026-01-13 11:33:57,217 - INFO - Epoch 55: Train Loss=1.0440, Train Acc=0.9747, Val Loss=2.8077, Val Acc=0.6120, Val AUC=0.6592
2026-01-13 11:34:01,915 - INFO - Epoch 56: Train Loss=1.2719, Train Acc=0.9650, Val Loss=2.9824, Val Acc=0.6448, Val AUC=0.6700
2026-01-13 11:34:06,818 - INFO - Epoch 57: Train Loss=0.8959, Train Acc=0.9728, Val Loss=2.8293, Val Acc=0.6066, Val AUC=0.6623
2026-01-13 11:34:11,619 - INFO - Epoch 58: Train Loss=1.4781, Train Acc=0.9630, Val Loss=2.6932, Val Acc=0.6339, Val AUC=0.6670
2026-01-13 11:34:16,317 - INFO - Epoch 59: Train Loss=1.2312, Train Acc=0.9767, Val Loss=3.3914, Val Acc=0.6230, Val AUC=0.6477
2026-01-13 11:34:21,118 - INFO - Epoch 60: Train Loss=0.8709, Train Acc=0.9650, Val Loss=3.1540, Val Acc=0.6393, Val AUC=0.6448
2026-01-13 11:34:25,919 - INFO - Epoch 61: Train Loss=0.9705, Train Acc=0.9514, Val Loss=2.5424, Val Acc=0.6448, Val AUC=0.6735
2026-01-13 11:34:30,818 - INFO - Epoch 62: Train Loss=0.9784, Train Acc=0.9767, Val Loss=3.1147, Val Acc=0.6120, Val AUC=0.6622
2026-01-13 11:34:35,518 - INFO - Epoch 63: Train Loss=0.9583, Train Acc=0.9650, Val Loss=3.0084, Val Acc=0.6393, Val AUC=0.6660
2026-01-13 11:34:41,225 - INFO - Epoch 64: Train Loss=1.3392, Train Acc=0.9747, Val Loss=3.3589, Val Acc=0.6393, Val AUC=0.6498
2026-01-13 11:34:46,117 - INFO - Epoch 65: Train Loss=1.1580, Train Acc=0.9728, Val Loss=3.5312, Val Acc=0.6284, Val AUC=0.6549
2026-01-13 11:34:51,701 - INFO - Epoch 66: Train Loss=0.8392, Train Acc=0.9708, Val Loss=3.0748, Val Acc=0.6011, Val AUC=0.6540
2026-01-13 11:34:57,819 - INFO - Epoch 67: Train Loss=0.8060, Train Acc=0.9786, Val Loss=2.9021, Val Acc=0.6066, Val AUC=0.6622
2026-01-13 11:35:03,216 - INFO - Epoch 68: Train Loss=1.2700, Train Acc=0.9767, Val Loss=3.4924, Val Acc=0.6120, Val AUC=0.6593
2026-01-13 11:35:08,215 - INFO - Epoch 69: Train Loss=0.8272, Train Acc=0.9747, Val Loss=3.1626, Val Acc=0.6120, Val AUC=0.6723
2026-01-13 11:35:13,415 - INFO - Epoch 70: Train Loss=1.4148, Train Acc=0.9805, Val Loss=3.2521, Val Acc=0.6120, Val AUC=0.6661
2026-01-13 11:35:18,017 - INFO - Epoch 71: Train Loss=1.2830, Train Acc=0.9630, Val Loss=3.3328, Val Acc=0.6120, Val AUC=0.6380
2026-01-13 11:35:23,416 - INFO - Epoch 72: Train Loss=0.7340, Train Acc=0.9922, Val Loss=3.2624, Val Acc=0.6339, Val AUC=0.6579
2026-01-13 11:35:27,916 - INFO - Epoch 73: Train Loss=0.7617, Train Acc=0.9825, Val Loss=3.5112, Val Acc=0.6284, Val AUC=0.6892
2026-01-13 11:35:27,941 - INFO - Saved best model with Val AUC=0.6892
2026-01-13 11:35:32,718 - INFO - Epoch 74: Train Loss=1.0568, Train Acc=0.9805, Val Loss=3.7000, Val Acc=0.5792, Val AUC=0.6551
2026-01-13 11:35:37,718 - INFO - Epoch 75: Train Loss=1.4377, Train Acc=0.9805, Val Loss=3.8476, Val Acc=0.5792, Val AUC=0.6459
2026-01-13 11:35:42,416 - INFO - Epoch 76: Train Loss=0.7439, Train Acc=0.9825, Val Loss=3.4909, Val Acc=0.6339, Val AUC=0.6594
2026-01-13 11:35:47,018 - INFO - Epoch 77: Train Loss=0.7454, Train Acc=0.9864, Val Loss=3.9259, Val Acc=0.6066, Val AUC=0.6657
2026-01-13 11:35:51,416 - INFO - Epoch 78: Train Loss=0.8016, Train Acc=0.9844, Val Loss=4.1804, Val Acc=0.6230, Val AUC=0.6647
2026-01-13 11:35:56,017 - INFO - Epoch 79: Train Loss=0.9489, Train Acc=0.9844, Val Loss=3.7751, Val Acc=0.6339, Val AUC=0.6888
2026-01-13 11:36:00,716 - INFO - Epoch 80: Train Loss=0.8584, Train Acc=0.9747, Val Loss=3.2904, Val Acc=0.6503, Val AUC=0.6862
2026-01-13 11:36:05,015 - INFO - Epoch 81: Train Loss=1.0262, Train Acc=0.9844, Val Loss=3.9220, Val Acc=0.6011, Val AUC=0.6648
2026-01-13 11:36:09,719 - INFO - Epoch 82: Train Loss=1.2104, Train Acc=0.9922, Val Loss=3.4561, Val Acc=0.6339, Val AUC=0.6774
2026-01-13 11:36:14,719 - INFO - Epoch 83: Train Loss=0.7070, Train Acc=0.9922, Val Loss=3.2651, Val Acc=0.6448, Val AUC=0.6876
2026-01-13 11:36:19,818 - INFO - Epoch 84: Train Loss=1.1346, Train Acc=0.9883, Val Loss=4.1678, Val Acc=0.6448, Val AUC=0.6868
2026-01-13 11:36:24,717 - INFO - Epoch 85: Train Loss=1.2407, Train Acc=0.9864, Val Loss=3.7177, Val Acc=0.6339, Val AUC=0.6762
2026-01-13 11:36:29,717 - INFO - Epoch 86: Train Loss=1.3303, Train Acc=0.9825, Val Loss=3.8391, Val Acc=0.6120, Val AUC=0.6622
2026-01-13 11:36:34,317 - INFO - Epoch 87: Train Loss=0.6973, Train Acc=0.9903, Val Loss=4.1088, Val Acc=0.6120, Val AUC=0.6804
2026-01-13 11:36:39,218 - INFO - Epoch 88: Train Loss=0.9352, Train Acc=0.9844, Val Loss=4.0594, Val Acc=0.6393, Val AUC=0.6723
2026-01-13 11:36:44,118 - INFO - Epoch 89: Train Loss=0.7598, Train Acc=0.9864, Val Loss=3.6518, Val Acc=0.6230, Val AUC=0.6817
2026-01-13 11:36:49,418 - INFO - Epoch 90: Train Loss=1.2990, Train Acc=0.9767, Val Loss=3.7224, Val Acc=0.6339, Val AUC=0.6735
2026-01-13 11:36:55,617 - INFO - Epoch 91: Train Loss=0.6927, Train Acc=0.9883, Val Loss=3.3446, Val Acc=0.6230, Val AUC=0.6816
2026-01-13 11:37:00,416 - INFO - Epoch 92: Train Loss=0.7652, Train Acc=0.9786, Val Loss=3.8859, Val Acc=0.6284, Val AUC=0.6655
2026-01-13 11:37:05,519 - INFO - Epoch 93: Train Loss=1.2975, Train Acc=0.9747, Val Loss=3.7409, Val Acc=0.6230, Val AUC=0.6627
2026-01-13 11:37:11,219 - INFO - Epoch 94: Train Loss=0.9950, Train Acc=0.9903, Val Loss=3.2834, Val Acc=0.6066, Val AUC=0.6537
2026-01-13 11:37:16,221 - INFO - Epoch 95: Train Loss=0.7021, Train Acc=0.9922, Val Loss=3.1653, Val Acc=0.5847, Val AUC=0.6581
2026-01-13 11:37:21,318 - INFO - Epoch 96: Train Loss=0.8438, Train Acc=0.9922, Val Loss=3.5693, Val Acc=0.6448, Val AUC=0.6759
2026-01-13 11:37:25,818 - INFO - Epoch 97: Train Loss=0.6761, Train Acc=0.9961, Val Loss=3.5164, Val Acc=0.6284, Val AUC=0.6820
2026-01-13 11:37:31,999 - INFO - Epoch 98: Train Loss=0.6686, Train Acc=0.9942, Val Loss=3.8197, Val Acc=0.6284, Val AUC=0.6611
2026-01-13 11:37:37,917 - INFO - Epoch 99: Train Loss=0.6926, Train Acc=0.9942, Val Loss=4.0835, Val Acc=0.6175, Val AUC=0.6566
2026-01-13 11:37:43,417 - INFO - Epoch 100: Train Loss=1.0419, Train Acc=0.9961, Val Loss=4.0600, Val Acc=0.6230, Val AUC=0.6546
2026-01-13 11:37:48,519 - INFO - Epoch 101: Train Loss=1.3030, Train Acc=0.9883, Val Loss=3.8529, Val Acc=0.6066, Val AUC=0.6585
2026-01-13 11:37:53,423 - INFO - Epoch 102: Train Loss=0.7099, Train Acc=0.9883, Val Loss=3.9364, Val Acc=0.6448, Val AUC=0.6594
2026-01-13 11:38:01,416 - INFO - Epoch 103: Train Loss=0.6756, Train Acc=0.9961, Val Loss=3.8135, Val Acc=0.6393, Val AUC=0.6634
2026-01-13 11:38:01,416 - INFO - Early stopping at epoch 103
2026-01-13 11:38:02,025 - INFO - 
Fold 3 Test Results:
2026-01-13 11:38:02,025 - INFO - Accuracy: 0.6437
2026-01-13 11:38:02,025 - INFO - AUC: 0.6976
2026-01-13 11:38:02,025 - INFO - F1: 0.6439
2026-01-13 11:38:02,375 - INFO - Saved ROC curve plot for Fold 3
2026-01-13 11:38:02,620 - INFO - Saved confusion matrix plot for Fold 3
2026-01-13 11:38:02,620 - INFO - 
============================================================
2026-01-13 11:38:02,620 - INFO - Classification Report - Fold 3
2026-01-13 11:38:02,620 - INFO - ============================================================
2026-01-13 11:38:03,722 - INFO - Saved clinical metrics plot for Fold 3
2026-01-13 11:38:05,121 - INFO - Saved site performance plot for Fold 3
2026-01-13 11:38:05,123 - INFO - 
==================================================
2026-01-13 11:38:05,123 - INFO - Training Fold 4/5
2026-01-13 11:38:05,123 - INFO - ==================================================
2026-01-13 11:38:05,237 - INFO - Fold 4: Applied per-fold sMRI normalization
2026-01-13 11:38:05,286 - INFO - Model parameters: 6,047,268
2026-01-13 11:38:11,318 - INFO - Epoch 1: Train Loss=1.7170, Train Acc=0.5000, Val Loss=1.6312, Val Acc=0.4699, Val AUC=0.4850
2026-01-13 11:38:11,345 - INFO - Saved best model with Val AUC=0.4850
2026-01-13 11:38:16,917 - INFO - Epoch 2: Train Loss=1.7736, Train Acc=0.4923, Val Loss=1.6308, Val Acc=0.4699, Val AUC=0.5029
2026-01-13 11:38:16,941 - INFO - Saved best model with Val AUC=0.5029
2026-01-13 11:38:22,618 - INFO - Epoch 3: Train Loss=1.7089, Train Acc=0.4846, Val Loss=1.6303, Val Acc=0.4699, Val AUC=0.5215
2026-01-13 11:38:22,643 - INFO - Saved best model with Val AUC=0.5215
2026-01-13 11:38:28,417 - INFO - Epoch 4: Train Loss=1.6581, Train Acc=0.5251, Val Loss=1.6292, Val Acc=0.5410, Val AUC=0.5145
2026-01-13 11:38:34,218 - INFO - Epoch 5: Train Loss=1.6968, Train Acc=0.4942, Val Loss=1.6254, Val Acc=0.4699, Val AUC=0.4897
2026-01-13 11:38:39,817 - INFO - Epoch 6: Train Loss=1.7063, Train Acc=0.5135, Val Loss=1.6198, Val Acc=0.4699, Val AUC=0.5046
2026-01-13 11:38:45,317 - INFO - Epoch 7: Train Loss=1.7055, Train Acc=0.4826, Val Loss=1.6137, Val Acc=0.4699, Val AUC=0.5862
2026-01-13 11:38:45,343 - INFO - Saved best model with Val AUC=0.5862
2026-01-13 11:38:51,219 - INFO - Epoch 8: Train Loss=1.6229, Train Acc=0.5174, Val Loss=1.6138, Val Acc=0.4863, Val AUC=0.4550
2026-01-13 11:38:56,717 - INFO - Epoch 9: Train Loss=1.6473, Train Acc=0.4961, Val Loss=1.6102, Val Acc=0.4754, Val AUC=0.4181
2026-01-13 11:39:02,217 - INFO - Epoch 10: Train Loss=1.6327, Train Acc=0.4826, Val Loss=1.5990, Val Acc=0.4699, Val AUC=0.4529
2026-01-13 11:39:07,918 - INFO - Epoch 11: Train Loss=1.6037, Train Acc=0.5270, Val Loss=1.5978, Val Acc=0.4754, Val AUC=0.4572
2026-01-13 11:39:13,317 - INFO - Epoch 12: Train Loss=1.6087, Train Acc=0.4807, Val Loss=1.5945, Val Acc=0.4699, Val AUC=0.4958
2026-01-13 11:39:18,918 - INFO - Epoch 13: Train Loss=1.6251, Train Acc=0.4691, Val Loss=1.5943, Val Acc=0.4699, Val AUC=0.4827
2026-01-13 11:39:25,021 - INFO - Epoch 14: Train Loss=1.6335, Train Acc=0.5058, Val Loss=1.5875, Val Acc=0.4809, Val AUC=0.5197
2026-01-13 11:39:31,416 - INFO - Epoch 15: Train Loss=1.6145, Train Acc=0.4575, Val Loss=1.5894, Val Acc=0.4863, Val AUC=0.4915
2026-01-13 11:39:36,119 - INFO - Epoch 16: Train Loss=1.5863, Train Acc=0.4575, Val Loss=1.5898, Val Acc=0.4699, Val AUC=0.4615
2026-01-13 11:39:41,119 - INFO - Epoch 17: Train Loss=1.5961, Train Acc=0.4923, Val Loss=1.5910, Val Acc=0.4699, Val AUC=0.4753
2026-01-13 11:39:46,318 - INFO - Epoch 18: Train Loss=1.5772, Train Acc=0.5135, Val Loss=1.5892, Val Acc=0.5355, Val AUC=0.4901
2026-01-13 11:39:51,318 - INFO - Epoch 19: Train Loss=1.5777, Train Acc=0.5541, Val Loss=1.5858, Val Acc=0.5191, Val AUC=0.5133
2026-01-13 11:39:56,120 - INFO - Epoch 20: Train Loss=1.5576, Train Acc=0.5212, Val Loss=1.5971, Val Acc=0.4918, Val AUC=0.4924
2026-01-13 11:40:01,019 - INFO - Epoch 21: Train Loss=1.5673, Train Acc=0.5734, Val Loss=1.6246, Val Acc=0.5410, Val AUC=0.5596
2026-01-13 11:40:06,118 - INFO - Epoch 22: Train Loss=1.5566, Train Acc=0.6525, Val Loss=1.6129, Val Acc=0.5574, Val AUC=0.5796
2026-01-13 11:40:11,016 - INFO - Epoch 23: Train Loss=1.4903, Train Acc=0.6931, Val Loss=1.6005, Val Acc=0.5847, Val AUC=0.5762
2026-01-13 11:40:16,021 - INFO - Epoch 24: Train Loss=1.4924, Train Acc=0.7008, Val Loss=1.5952, Val Acc=0.6120, Val AUC=0.5478
2026-01-13 11:40:21,016 - INFO - Epoch 25: Train Loss=1.4732, Train Acc=0.7297, Val Loss=1.6506, Val Acc=0.5628, Val AUC=0.6156
2026-01-13 11:40:21,041 - INFO - Saved best model with Val AUC=0.6156
2026-01-13 11:40:25,519 - INFO - Epoch 26: Train Loss=1.4328, Train Acc=0.7510, Val Loss=1.6190, Val Acc=0.5847, Val AUC=0.5949
2026-01-13 11:40:30,316 - INFO - Epoch 27: Train Loss=1.4246, Train Acc=0.7259, Val Loss=1.7255, Val Acc=0.5738, Val AUC=0.5897
2026-01-13 11:40:35,122 - INFO - Epoch 28: Train Loss=1.5436, Train Acc=0.7819, Val Loss=1.6434, Val Acc=0.5956, Val AUC=0.6472
2026-01-13 11:40:35,152 - INFO - Saved best model with Val AUC=0.6472
2026-01-13 11:40:40,219 - INFO - Epoch 29: Train Loss=1.4678, Train Acc=0.7490, Val Loss=1.6390, Val Acc=0.6175, Val AUC=0.6379
2026-01-13 11:40:46,320 - INFO - Epoch 30: Train Loss=1.3399, Train Acc=0.8147, Val Loss=1.6451, Val Acc=0.5464, Val AUC=0.6400
2026-01-13 11:40:52,219 - INFO - Epoch 31: Train Loss=1.3141, Train Acc=0.8166, Val Loss=1.7138, Val Acc=0.5464, Val AUC=0.5640
2026-01-13 11:40:57,416 - INFO - Epoch 32: Train Loss=1.3094, Train Acc=0.8224, Val Loss=1.6461, Val Acc=0.5410, Val AUC=0.5759
2026-01-13 11:41:02,216 - INFO - Epoch 33: Train Loss=1.3044, Train Acc=0.8127, Val Loss=1.7620, Val Acc=0.6011, Val AUC=0.6056
2026-01-13 11:41:06,917 - INFO - Epoch 34: Train Loss=1.2982, Train Acc=0.8475, Val Loss=1.7059, Val Acc=0.6011, Val AUC=0.6001
2026-01-13 11:41:11,819 - INFO - Epoch 35: Train Loss=1.3736, Train Acc=0.8552, Val Loss=1.6938, Val Acc=0.6120, Val AUC=0.6311
2026-01-13 11:41:16,417 - INFO - Epoch 36: Train Loss=1.2088, Train Acc=0.8707, Val Loss=1.9052, Val Acc=0.5738, Val AUC=0.6093
2026-01-13 11:41:21,417 - INFO - Epoch 37: Train Loss=1.1006, Train Acc=0.9112, Val Loss=1.7570, Val Acc=0.5847, Val AUC=0.6218
2026-01-13 11:41:26,520 - INFO - Epoch 38: Train Loss=1.1726, Train Acc=0.8842, Val Loss=1.8516, Val Acc=0.6230, Val AUC=0.6436
2026-01-13 11:41:31,618 - INFO - Epoch 39: Train Loss=1.2854, Train Acc=0.8958, Val Loss=2.0737, Val Acc=0.5574, Val AUC=0.5826
2026-01-13 11:41:36,419 - INFO - Epoch 40: Train Loss=1.1621, Train Acc=0.9189, Val Loss=2.0961, Val Acc=0.5683, Val AUC=0.5977
2026-01-13 11:41:41,620 - INFO - Epoch 41: Train Loss=1.0641, Train Acc=0.9131, Val Loss=2.0229, Val Acc=0.6120, Val AUC=0.6232
2026-01-13 11:41:46,619 - INFO - Epoch 42: Train Loss=1.1654, Train Acc=0.9324, Val Loss=2.3610, Val Acc=0.5847, Val AUC=0.6047
2026-01-13 11:41:51,619 - INFO - Epoch 43: Train Loss=0.9937, Train Acc=0.9208, Val Loss=2.6375, Val Acc=0.5738, Val AUC=0.5699
2026-01-13 11:41:56,719 - INFO - Epoch 44: Train Loss=1.1123, Train Acc=0.9073, Val Loss=2.1379, Val Acc=0.5792, Val AUC=0.5987
2026-01-13 11:42:01,920 - INFO - Epoch 45: Train Loss=0.9558, Train Acc=0.9440, Val Loss=2.1442, Val Acc=0.6175, Val AUC=0.6056
2026-01-13 11:42:07,316 - INFO - Epoch 46: Train Loss=1.1324, Train Acc=0.9344, Val Loss=2.5120, Val Acc=0.5956, Val AUC=0.6042
2026-01-13 11:42:11,919 - INFO - Epoch 47: Train Loss=1.2476, Train Acc=0.9208, Val Loss=2.4621, Val Acc=0.5738, Val AUC=0.5830
2026-01-13 11:42:16,824 - INFO - Epoch 48: Train Loss=1.0533, Train Acc=0.9363, Val Loss=2.2612, Val Acc=0.6011, Val AUC=0.6091
2026-01-13 11:42:22,118 - INFO - Epoch 49: Train Loss=1.0624, Train Acc=0.9402, Val Loss=2.6363, Val Acc=0.5956, Val AUC=0.5849
2026-01-13 11:42:27,222 - INFO - Epoch 50: Train Loss=1.2275, Train Acc=0.9266, Val Loss=2.3464, Val Acc=0.5738, Val AUC=0.5881
2026-01-13 11:42:32,419 - INFO - Epoch 51: Train Loss=1.0092, Train Acc=0.9479, Val Loss=2.5342, Val Acc=0.5956, Val AUC=0.6097
2026-01-13 11:42:37,519 - INFO - Epoch 52: Train Loss=0.8961, Train Acc=0.9691, Val Loss=2.8630, Val Acc=0.6120, Val AUC=0.6334
2026-01-13 11:42:42,816 - INFO - Epoch 53: Train Loss=1.0121, Train Acc=0.9517, Val Loss=2.7001, Val Acc=0.5956, Val AUC=0.6124
2026-01-13 11:42:47,820 - INFO - Epoch 54: Train Loss=1.1809, Train Acc=0.9556, Val Loss=2.7439, Val Acc=0.6120, Val AUC=0.6210
2026-01-13 11:42:54,318 - INFO - Epoch 55: Train Loss=0.9902, Train Acc=0.9653, Val Loss=2.8270, Val Acc=0.5628, Val AUC=0.6023
2026-01-13 11:43:00,118 - INFO - Epoch 56: Train Loss=0.9519, Train Acc=0.9633, Val Loss=2.5802, Val Acc=0.6339, Val AUC=0.6417
2026-01-13 11:43:05,718 - INFO - Epoch 57: Train Loss=0.9372, Train Acc=0.9556, Val Loss=2.9764, Val Acc=0.6175, Val AUC=0.6430
2026-01-13 11:43:11,419 - INFO - Epoch 58: Train Loss=1.1226, Train Acc=0.9421, Val Loss=2.9138, Val Acc=0.6066, Val AUC=0.6429
2026-01-13 11:43:11,419 - INFO - Early stopping at epoch 58
2026-01-13 11:43:12,019 - INFO - 
Fold 4 Test Results:
2026-01-13 11:43:12,019 - INFO - Accuracy: 0.6000
2026-01-13 11:43:12,019 - INFO - AUC: 0.5910
2026-01-13 11:43:12,019 - INFO - F1: 0.5851
2026-01-13 11:43:12,438 - INFO - Saved ROC curve plot for Fold 4
2026-01-13 11:43:12,695 - INFO - Saved confusion matrix plot for Fold 4
2026-01-13 11:43:12,695 - INFO - 
============================================================
2026-01-13 11:43:12,695 - INFO - Classification Report - Fold 4
2026-01-13 11:43:12,695 - INFO - ============================================================
2026-01-13 11:43:13,832 - INFO - Saved clinical metrics plot for Fold 4
2026-01-13 11:43:15,674 - INFO - Saved site performance plot for Fold 4
2026-01-13 11:43:15,676 - INFO - 
==================================================
2026-01-13 11:43:15,676 - INFO - Training Fold 5/5
2026-01-13 11:43:15,676 - INFO - ==================================================
2026-01-13 11:43:15,777 - INFO - Fold 5: Applied per-fold sMRI normalization
2026-01-13 11:43:15,818 - INFO - Model parameters: 6,047,268
2026-01-13 11:43:20,721 - INFO - Epoch 1: Train Loss=1.9790, Train Acc=0.4990, Val Loss=1.6924, Val Acc=0.5301, Val AUC=0.5523
2026-01-13 11:43:20,801 - INFO - Saved best model with Val AUC=0.5523
2026-01-13 11:43:26,417 - INFO - Epoch 2: Train Loss=1.9241, Train Acc=0.4990, Val Loss=1.6914, Val Acc=0.5301, Val AUC=0.5471
2026-01-13 11:43:31,917 - INFO - Epoch 3: Train Loss=1.8057, Train Acc=0.5106, Val Loss=1.6668, Val Acc=0.5301, Val AUC=0.5227
2026-01-13 11:43:37,517 - INFO - Epoch 4: Train Loss=1.7823, Train Acc=0.5432, Val Loss=1.6469, Val Acc=0.5301, Val AUC=0.5281
2026-01-13 11:43:43,219 - INFO - Epoch 5: Train Loss=1.7371, Train Acc=0.5067, Val Loss=1.6293, Val Acc=0.5137, Val AUC=0.4899
2026-01-13 11:43:49,317 - INFO - Epoch 6: Train Loss=1.7031, Train Acc=0.5048, Val Loss=1.6133, Val Acc=0.4536, Val AUC=0.5088
2026-01-13 11:43:54,917 - INFO - Epoch 7: Train Loss=1.6993, Train Acc=0.5163, Val Loss=1.6071, Val Acc=0.4754, Val AUC=0.5078
2026-01-13 11:44:00,717 - INFO - Epoch 8: Train Loss=1.6718, Train Acc=0.5278, Val Loss=1.5991, Val Acc=0.4699, Val AUC=0.5266
2026-01-13 11:44:06,517 - INFO - Epoch 9: Train Loss=1.6925, Train Acc=0.5067, Val Loss=1.5937, Val Acc=0.4699, Val AUC=0.5066
2026-01-13 11:44:11,619 - INFO - Epoch 10: Train Loss=1.6183, Train Acc=0.5298, Val Loss=1.5915, Val Acc=0.4754, Val AUC=0.5318
2026-01-13 11:44:16,717 - INFO - Epoch 11: Train Loss=1.6373, Train Acc=0.4798, Val Loss=1.5889, Val Acc=0.4536, Val AUC=0.5738
2026-01-13 11:44:16,743 - INFO - Saved best model with Val AUC=0.5738
2026-01-13 11:44:21,709 - INFO - Epoch 12: Train Loss=1.6153, Train Acc=0.5125, Val Loss=1.5786, Val Acc=0.5301, Val AUC=0.6359
2026-01-13 11:44:21,738 - INFO - Saved best model with Val AUC=0.6359
2026-01-13 11:44:27,926 - INFO - Epoch 13: Train Loss=1.6028, Train Acc=0.5393, Val Loss=1.5669, Val Acc=0.5574, Val AUC=0.6210
2026-01-13 11:44:34,632 - INFO - Epoch 14: Train Loss=1.6086, Train Acc=0.5317, Val Loss=1.5607, Val Acc=0.5628, Val AUC=0.6349
2026-01-13 11:44:41,126 - INFO - Epoch 15: Train Loss=1.5455, Train Acc=0.6008, Val Loss=1.5418, Val Acc=0.6011, Val AUC=0.6612
2026-01-13 11:44:41,162 - INFO - Saved best model with Val AUC=0.6612
2026-01-13 11:44:47,820 - INFO - Epoch 16: Train Loss=1.5468, Train Acc=0.6276, Val Loss=1.5418, Val Acc=0.5464, Val AUC=0.6910
2026-01-13 11:44:47,847 - INFO - Saved best model with Val AUC=0.6910
2026-01-13 11:44:53,219 - INFO - Epoch 17: Train Loss=1.5134, Train Acc=0.6583, Val Loss=1.5761, Val Acc=0.5410, Val AUC=0.6708
2026-01-13 11:44:58,518 - INFO - Epoch 18: Train Loss=1.4615, Train Acc=0.7044, Val Loss=1.5870, Val Acc=0.5301, Val AUC=0.6833
2026-01-13 11:45:03,516 - INFO - Epoch 19: Train Loss=1.3909, Train Acc=0.7313, Val Loss=1.6046, Val Acc=0.5738, Val AUC=0.6030
2026-01-13 11:45:08,316 - INFO - Epoch 20: Train Loss=1.3867, Train Acc=0.7466, Val Loss=1.6064, Val Acc=0.5902, Val AUC=0.6375
2026-01-13 11:45:13,616 - INFO - Epoch 21: Train Loss=1.3427, Train Acc=0.7601, Val Loss=1.7230, Val Acc=0.5355, Val AUC=0.6005
2026-01-13 11:45:18,521 - INFO - Epoch 22: Train Loss=1.3685, Train Acc=0.7812, Val Loss=1.6228, Val Acc=0.5574, Val AUC=0.5985
2026-01-13 11:45:23,619 - INFO - Epoch 23: Train Loss=1.2919, Train Acc=0.8023, Val Loss=1.6977, Val Acc=0.5956, Val AUC=0.6526
2026-01-13 11:45:28,718 - INFO - Epoch 24: Train Loss=1.2986, Train Acc=0.8388, Val Loss=1.7522, Val Acc=0.5464, Val AUC=0.6363
2026-01-13 11:45:34,919 - INFO - Epoch 25: Train Loss=1.1685, Train Acc=0.8656, Val Loss=1.8269, Val Acc=0.5847, Val AUC=0.6501
2026-01-13 11:45:41,018 - INFO - Epoch 26: Train Loss=1.2087, Train Acc=0.8637, Val Loss=1.7960, Val Acc=0.5410, Val AUC=0.6489
2026-01-13 11:45:46,917 - INFO - Epoch 27: Train Loss=1.1799, Train Acc=0.8714, Val Loss=1.8917, Val Acc=0.5410, Val AUC=0.5923
2026-01-13 11:45:52,618 - INFO - Epoch 28: Train Loss=1.1137, Train Acc=0.9021, Val Loss=1.8637, Val Acc=0.5410, Val AUC=0.6499
2026-01-13 11:45:58,217 - INFO - Epoch 29: Train Loss=1.1049, Train Acc=0.9117, Val Loss=2.3442, Val Acc=0.5410, Val AUC=0.6166
2026-01-13 11:46:04,117 - INFO - Epoch 30: Train Loss=1.0321, Train Acc=0.9060, Val Loss=2.0511, Val Acc=0.5902, Val AUC=0.6765
2026-01-13 11:46:09,618 - INFO - Epoch 31: Train Loss=1.1459, Train Acc=0.9060, Val Loss=2.0586, Val Acc=0.5847, Val AUC=0.6386
2026-01-13 11:46:15,316 - INFO - Epoch 32: Train Loss=1.1843, Train Acc=0.8925, Val Loss=1.8946, Val Acc=0.5355, Val AUC=0.5798
2026-01-13 11:46:21,018 - INFO - Epoch 33: Train Loss=1.1303, Train Acc=0.8791, Val Loss=1.7626, Val Acc=0.5956, Val AUC=0.6602
2026-01-13 11:46:25,820 - INFO - Epoch 34: Train Loss=1.1230, Train Acc=0.9098, Val Loss=2.0046, Val Acc=0.5738, Val AUC=0.6193
2026-01-13 11:46:30,821 - INFO - Epoch 35: Train Loss=1.0162, Train Acc=0.9290, Val Loss=2.4561, Val Acc=0.5847, Val AUC=0.6445
2026-01-13 11:46:35,719 - INFO - Epoch 36: Train Loss=1.0097, Train Acc=0.9367, Val Loss=2.1844, Val Acc=0.5464, Val AUC=0.6134
2026-01-13 11:46:41,520 - INFO - Epoch 37: Train Loss=1.0239, Train Acc=0.9309, Val Loss=2.3921, Val Acc=0.5574, Val AUC=0.6211
2026-01-13 11:46:48,017 - INFO - Epoch 38: Train Loss=0.9958, Train Acc=0.9232, Val Loss=2.1104, Val Acc=0.5355, Val AUC=0.5927
2026-01-13 11:46:53,818 - INFO - Epoch 39: Train Loss=0.8799, Train Acc=0.9559, Val Loss=2.6897, Val Acc=0.5574, Val AUC=0.6108
2026-01-13 11:46:59,418 - INFO - Epoch 40: Train Loss=0.9063, Train Acc=0.9616, Val Loss=2.6947, Val Acc=0.5956, Val AUC=0.6246
2026-01-13 11:47:05,018 - INFO - Epoch 41: Train Loss=1.0828, Train Acc=0.9290, Val Loss=2.7908, Val Acc=0.5519, Val AUC=0.5661
2026-01-13 11:47:10,718 - INFO - Epoch 42: Train Loss=1.0611, Train Acc=0.9136, Val Loss=2.3358, Val Acc=0.5628, Val AUC=0.6107
2026-01-13 11:47:16,219 - INFO - Epoch 43: Train Loss=0.9562, Train Acc=0.9520, Val Loss=2.2662, Val Acc=0.5628, Val AUC=0.6021
2026-01-13 11:47:22,018 - INFO - Epoch 44: Train Loss=1.0311, Train Acc=0.9424, Val Loss=2.5990, Val Acc=0.5628, Val AUC=0.6220
2026-01-13 11:47:27,820 - INFO - Epoch 45: Train Loss=0.9710, Train Acc=0.9501, Val Loss=2.6978, Val Acc=0.5956, Val AUC=0.6327
2026-01-13 11:47:33,718 - INFO - Epoch 46: Train Loss=0.9681, Train Acc=0.9501, Val Loss=2.5170, Val Acc=0.5519, Val AUC=0.6218
2026-01-13 11:47:33,718 - INFO - Early stopping at epoch 46
2026-01-13 11:47:34,411 - INFO - 
Fold 5 Test Results:
2026-01-13 11:47:34,411 - INFO - Accuracy: 0.5210
2026-01-13 11:47:34,411 - INFO - AUC: 0.5980
2026-01-13 11:47:34,411 - INFO - F1: 0.4553
2026-01-13 11:47:34,756 - INFO - Saved ROC curve plot for Fold 5
2026-01-13 11:47:34,982 - INFO - Saved confusion matrix plot for Fold 5
2026-01-13 11:47:34,982 - INFO - 
============================================================
2026-01-13 11:47:34,982 - INFO - Classification Report - Fold 5
2026-01-13 11:47:34,982 - INFO - ============================================================
2026-01-13 11:47:35,956 - INFO - Saved clinical metrics plot for Fold 5
2026-01-13 11:47:37,318 - INFO - Saved site performance plot for Fold 5
2026-01-13 11:47:37,320 - INFO - 
==================================================
2026-01-13 11:47:37,320 - INFO - Final Results Across All Folds
2026-01-13 11:47:37,320 - INFO - ==================================================
2026-01-13 11:47:37,320 - INFO - Average Test Accuracy: 0.6052 ± 0.0445
2026-01-13 11:47:37,320 - INFO - Average Test AUC: 0.6461 ± 0.0432
2026-01-13 11:47:37,320 - INFO - Average Test F1: 0.5886 ± 0.0695
2026-01-13 11:47:37,320 - INFO - 
==================================================
2026-01-13 11:47:37,320 - INFO - Generating Cross-Fold Visualizations
2026-01-13 11:47:37,320 - INFO - ==================================================
2026-01-13 11:47:37,682 - INFO - Saved ROC per fold plot (Mean AUC: 0.6461)
2026-01-13 11:47:38,153 - INFO - Saved training history plot
2026-01-13 11:47:39,531 - INFO - Saved overall site performance plot
2026-01-13 11:47:40,505 - INFO - Saved overall clinical metrics plot
2026-01-13 11:47:40,505 - INFO - 
============================================================
2026-01-13 11:47:40,506 - INFO - Overall Classification Report (All Folds)
2026-01-13 11:47:40,506 - INFO - ============================================================
2026-01-13 11:47:40,515 - INFO - Saved overall results CSV
2026-01-13 11:47:40,516 - INFO - Saved summary metrics CSV
2026-01-13 11:47:40,523 - INFO - 
Training completed successfully!
