2026-01-12 09:41:16,099 - INFO - Training Configuration:
2026-01-12 09:41:16,099 - INFO - {
    "num_samples": 871,
    "num_nodes": 200,
    "smri_dim": 2500,
    "num_sites": 20,
    "hidden_dim": 256,
    "dropout": 0.3,
    "batch_size": 32,
    "learning_rate": 0.0005,
    "weight_decay": 0.01,
    "epochs": 200,
    "patience": 30,
    "lambda_cls": 1.0,
    "k_fold": 5,
    "random_seed": 42,
    "lambda_site": 0.05,
    "lambda_age": 0.01,
    "lambda_reg": 0.0001,
    "save_dir": "./results_GNN",
    "data_dir": "./data"
}
2026-01-12 09:41:16,236 - INFO - Using device: cuda
2026-01-12 09:41:16,237 - INFO - Loading data...
2026-01-12 09:41:16,237 - INFO - Loading phenotypic data from ./data/phynotypic
2026-01-12 09:41:16,241 - INFO - Loaded phenotypic data for 871 subjects
2026-01-12 09:41:16,241 - INFO - Labels distribution: ASD=403, TD=468
2026-01-12 09:41:16,241 - INFO - Number of unique sites: 20
2026-01-12 09:41:16,241 - INFO - Loading fMRI data from ./data/fMRI/CC200
2026-01-12 09:41:16,559 - INFO - Loaded fMRI data shape: (871, 200, 200)
2026-01-12 09:41:16,559 - INFO - Loading sMRI data from ./data/sMRI/freesurfer_stats
2026-01-12 09:41:18,881 - INFO - Loaded sMRI data shape: (871, 2072)
2026-01-12 09:41:20,776 - INFO - Applied Fisher z and per-subject z-score to fMRI data
2026-01-12 09:41:20,853 - INFO - Applied per-feature z-score to sMRI data
2026-01-12 09:41:20,853 - INFO - Creating 5-fold site-aware splits
2026-01-12 09:41:20,870 - INFO - Fold 1: Train=511, Val=177, Test=183
2026-01-12 09:41:20,885 - INFO - Fold 2: Train=511, Val=183, Test=177
2026-01-12 09:41:20,900 - INFO - Fold 3: Train=514, Val=183, Test=174
2026-01-12 09:41:20,916 - INFO - Fold 4: Train=518, Val=183, Test=170
2026-01-12 09:41:20,931 - INFO - Fold 5: Train=521, Val=183, Test=167
2026-01-12 09:41:20,931 - INFO - 
==================================================
2026-01-12 09:41:20,931 - INFO - Training Fold 1/5
2026-01-12 09:41:20,931 - INFO - ==================================================
2026-01-12 09:41:21,467 - INFO - Model parameters: 6,420,512
2026-01-12 09:41:28,218 - INFO - Epoch 1: Train Loss=0.4205, Train Acc=0.5323, Val Loss=0.3995, Val Acc=0.5198, Val AUC=0.5068
2026-01-12 09:41:28,245 - INFO - Saved best model with Val AUC=0.5068
2026-01-12 09:41:33,818 - INFO - Epoch 2: Train Loss=0.4290, Train Acc=0.4834, Val Loss=0.3998, Val Acc=0.5198, Val AUC=0.4613
2026-01-12 09:41:38,717 - INFO - Epoch 3: Train Loss=0.4268, Train Acc=0.5029, Val Loss=0.4006, Val Acc=0.5254, Val AUC=0.4584
2026-01-12 09:41:43,418 - INFO - Epoch 4: Train Loss=0.4280, Train Acc=0.5029, Val Loss=0.3989, Val Acc=0.5367, Val AUC=0.5146
2026-01-12 09:41:43,447 - INFO - Saved best model with Val AUC=0.5146
2026-01-12 09:41:48,216 - INFO - Epoch 5: Train Loss=0.4185, Train Acc=0.5127, Val Loss=0.3967, Val Acc=0.5367, Val AUC=0.5133
2026-01-12 09:41:54,018 - INFO - Epoch 6: Train Loss=0.4092, Train Acc=0.5303, Val Loss=0.3983, Val Acc=0.5480, Val AUC=0.5167
2026-01-12 09:41:54,046 - INFO - Saved best model with Val AUC=0.5167
2026-01-12 09:41:59,817 - INFO - Epoch 7: Train Loss=0.4039, Train Acc=0.5440, Val Loss=0.3940, Val Acc=0.5198, Val AUC=0.5706
2026-01-12 09:41:59,842 - INFO - Saved best model with Val AUC=0.5706
2026-01-12 09:42:05,317 - INFO - Epoch 8: Train Loss=0.4107, Train Acc=0.5323, Val Loss=0.3938, Val Acc=0.5198, Val AUC=0.5666
2026-01-12 09:42:11,121 - INFO - Epoch 9: Train Loss=0.3988, Train Acc=0.5421, Val Loss=0.3882, Val Acc=0.5424, Val AUC=0.5877
2026-01-12 09:42:11,146 - INFO - Saved best model with Val AUC=0.5877
2026-01-12 09:42:16,619 - INFO - Epoch 10: Train Loss=0.3914, Train Acc=0.5440, Val Loss=0.3822, Val Acc=0.5706, Val AUC=0.5529
2026-01-12 09:42:21,820 - INFO - Epoch 11: Train Loss=0.3871, Train Acc=0.5910, Val Loss=0.3812, Val Acc=0.5763, Val AUC=0.5864
2026-01-12 09:42:26,718 - INFO - Epoch 12: Train Loss=0.3787, Train Acc=0.6477, Val Loss=0.3807, Val Acc=0.5763, Val AUC=0.5698
2026-01-12 09:42:31,319 - INFO - Epoch 13: Train Loss=0.3755, Train Acc=0.6380, Val Loss=0.3746, Val Acc=0.6215, Val AUC=0.6748
2026-01-12 09:42:31,348 - INFO - Saved best model with Val AUC=0.6748
2026-01-12 09:42:36,518 - INFO - Epoch 14: Train Loss=0.3647, Train Acc=0.6751, Val Loss=0.3793, Val Acc=0.5650, Val AUC=0.6615
2026-01-12 09:42:42,118 - INFO - Epoch 15: Train Loss=0.3563, Train Acc=0.7065, Val Loss=0.3739, Val Acc=0.6102, Val AUC=0.7202
2026-01-12 09:42:42,144 - INFO - Saved best model with Val AUC=0.7202
2026-01-12 09:42:47,818 - INFO - Epoch 16: Train Loss=0.3413, Train Acc=0.7808, Val Loss=0.3694, Val Acc=0.6497, Val AUC=0.6894
2026-01-12 09:42:53,318 - INFO - Epoch 17: Train Loss=0.3371, Train Acc=0.7867, Val Loss=0.3952, Val Acc=0.6102, Val AUC=0.6760
2026-01-12 09:42:58,317 - INFO - Epoch 18: Train Loss=0.3324, Train Acc=0.8063, Val Loss=0.4020, Val Acc=0.6497, Val AUC=0.6844
2026-01-12 09:43:03,319 - INFO - Epoch 19: Train Loss=0.3058, Train Acc=0.8708, Val Loss=0.4041, Val Acc=0.6384, Val AUC=0.7141
2026-01-12 09:43:08,118 - INFO - Epoch 20: Train Loss=0.3078, Train Acc=0.8728, Val Loss=0.4066, Val Acc=0.7006, Val AUC=0.7487
2026-01-12 09:43:08,144 - INFO - Saved best model with Val AUC=0.7487
2026-01-12 09:43:12,621 - INFO - Epoch 21: Train Loss=0.2926, Train Acc=0.8845, Val Loss=0.4175, Val Acc=0.6610, Val AUC=0.7605
2026-01-12 09:43:12,646 - INFO - Saved best model with Val AUC=0.7605
2026-01-12 09:43:17,317 - INFO - Epoch 22: Train Loss=0.2900, Train Acc=0.9002, Val Loss=0.4406, Val Acc=0.6610, Val AUC=0.7279
2026-01-12 09:43:22,417 - INFO - Epoch 23: Train Loss=0.2768, Train Acc=0.9119, Val Loss=0.4903, Val Acc=0.6497, Val AUC=0.7168
2026-01-12 09:43:26,918 - INFO - Epoch 24: Train Loss=0.2802, Train Acc=0.9217, Val Loss=0.4365, Val Acc=0.6610, Val AUC=0.6844
2026-01-12 09:43:31,717 - INFO - Epoch 25: Train Loss=0.2657, Train Acc=0.9374, Val Loss=0.4820, Val Acc=0.6667, Val AUC=0.6992
2026-01-12 09:43:37,020 - INFO - Epoch 26: Train Loss=0.2578, Train Acc=0.9413, Val Loss=0.4835, Val Acc=0.6836, Val AUC=0.7252
2026-01-12 09:43:42,919 - INFO - Epoch 27: Train Loss=0.2663, Train Acc=0.9295, Val Loss=0.4653, Val Acc=0.6949, Val AUC=0.7428
2026-01-12 09:43:48,020 - INFO - Epoch 28: Train Loss=0.2472, Train Acc=0.9511, Val Loss=0.5657, Val Acc=0.6384, Val AUC=0.6624
2026-01-12 09:43:53,018 - INFO - Epoch 29: Train Loss=0.2661, Train Acc=0.9237, Val Loss=0.4585, Val Acc=0.6949, Val AUC=0.7343
2026-01-12 09:43:57,817 - INFO - Epoch 30: Train Loss=0.2504, Train Acc=0.9550, Val Loss=0.4674, Val Acc=0.6667, Val AUC=0.7170
2026-01-12 09:44:03,219 - INFO - Epoch 31: Train Loss=0.2660, Train Acc=0.9393, Val Loss=0.4477, Val Acc=0.6836, Val AUC=0.7409
2026-01-12 09:44:09,018 - INFO - Epoch 32: Train Loss=0.2533, Train Acc=0.9511, Val Loss=0.4647, Val Acc=0.7006, Val AUC=0.7276
2026-01-12 09:44:14,617 - INFO - Epoch 33: Train Loss=0.2459, Train Acc=0.9550, Val Loss=0.5165, Val Acc=0.6554, Val AUC=0.7308
2026-01-12 09:44:20,317 - INFO - Epoch 34: Train Loss=0.2408, Train Acc=0.9550, Val Loss=0.5366, Val Acc=0.6271, Val AUC=0.7086
2026-01-12 09:44:26,018 - INFO - Epoch 35: Train Loss=0.2287, Train Acc=0.9765, Val Loss=0.5214, Val Acc=0.6949, Val AUC=0.7299
2026-01-12 09:44:31,417 - INFO - Epoch 36: Train Loss=0.2335, Train Acc=0.9667, Val Loss=0.4876, Val Acc=0.6893, Val AUC=0.7445
2026-01-12 09:44:37,018 - INFO - Epoch 37: Train Loss=0.2390, Train Acc=0.9491, Val Loss=0.5283, Val Acc=0.6893, Val AUC=0.7464
2026-01-12 09:44:42,817 - INFO - Epoch 38: Train Loss=0.2307, Train Acc=0.9550, Val Loss=0.5738, Val Acc=0.6328, Val AUC=0.7292
2026-01-12 09:44:48,118 - INFO - Epoch 39: Train Loss=0.2271, Train Acc=0.9667, Val Loss=0.6431, Val Acc=0.6328, Val AUC=0.6886
2026-01-12 09:44:53,617 - INFO - Epoch 40: Train Loss=0.2320, Train Acc=0.9667, Val Loss=0.5455, Val Acc=0.6949, Val AUC=0.7308
2026-01-12 09:44:59,520 - INFO - Epoch 41: Train Loss=0.2288, Train Acc=0.9667, Val Loss=0.5959, Val Acc=0.6893, Val AUC=0.7169
2026-01-12 09:45:05,317 - INFO - Epoch 42: Train Loss=0.2424, Train Acc=0.9569, Val Loss=0.5182, Val Acc=0.6667, Val AUC=0.7275
2026-01-12 09:45:11,018 - INFO - Epoch 43: Train Loss=0.2321, Train Acc=0.9706, Val Loss=0.4963, Val Acc=0.6893, Val AUC=0.7075
2026-01-12 09:45:16,517 - INFO - Epoch 44: Train Loss=0.2341, Train Acc=0.9648, Val Loss=0.5015, Val Acc=0.7006, Val AUC=0.7441
2026-01-12 09:45:21,917 - INFO - Epoch 45: Train Loss=0.2267, Train Acc=0.9648, Val Loss=0.5525, Val Acc=0.6497, Val AUC=0.6983
2026-01-12 09:45:27,619 - INFO - Epoch 46: Train Loss=0.2251, Train Acc=0.9550, Val Loss=0.5398, Val Acc=0.6384, Val AUC=0.7168
2026-01-12 09:45:33,318 - INFO - Epoch 47: Train Loss=0.2220, Train Acc=0.9706, Val Loss=0.5009, Val Acc=0.6949, Val AUC=0.7210
2026-01-12 09:45:38,916 - INFO - Epoch 48: Train Loss=0.2138, Train Acc=0.9863, Val Loss=0.4779, Val Acc=0.6780, Val AUC=0.7432
2026-01-12 09:45:44,717 - INFO - Epoch 49: Train Loss=0.2156, Train Acc=0.9746, Val Loss=0.5325, Val Acc=0.6780, Val AUC=0.7228
2026-01-12 09:45:50,217 - INFO - Epoch 50: Train Loss=0.2210, Train Acc=0.9785, Val Loss=0.5079, Val Acc=0.6836, Val AUC=0.7192
2026-01-12 09:45:55,717 - INFO - Epoch 51: Train Loss=0.2063, Train Acc=0.9824, Val Loss=0.5358, Val Acc=0.6949, Val AUC=0.7389
2026-01-12 09:45:55,717 - INFO - Early stopping at epoch 51
2026-01-12 09:45:56,324 - INFO - 
Fold 1 Test Results:
2026-01-12 09:45:56,324 - INFO - Accuracy: 0.6557
2026-01-12 09:45:56,398 - INFO - AUC: 0.6706
2026-01-12 09:45:56,398 - INFO - F1: 0.6296
2026-01-12 09:45:56,747 - INFO - Saved ROC curve plot for Fold 1
2026-01-12 09:45:56,968 - INFO - Saved confusion matrix plot for Fold 1
2026-01-12 09:45:56,968 - INFO - 
============================================================
2026-01-12 09:45:56,968 - INFO - Classification Report - Fold 1
2026-01-12 09:45:56,968 - INFO - ============================================================
2026-01-12 09:45:58,088 - INFO - Saved clinical metrics plot for Fold 1
2026-01-12 09:45:59,572 - INFO - Saved site performance plot for Fold 1
2026-01-12 09:45:59,575 - INFO - 
==================================================
2026-01-12 09:45:59,575 - INFO - Training Fold 2/5
2026-01-12 09:45:59,575 - INFO - ==================================================
2026-01-12 09:45:59,951 - INFO - Model parameters: 6,420,512
2026-01-12 09:46:05,122 - INFO - Epoch 1: Train Loss=0.4190, Train Acc=0.5205, Val Loss=0.3992, Val Acc=0.5301, Val AUC=0.4860
2026-01-12 09:46:05,151 - INFO - Saved best model with Val AUC=0.4860
2026-01-12 09:46:09,921 - INFO - Epoch 2: Train Loss=0.4129, Train Acc=0.5166, Val Loss=0.3991, Val Acc=0.5301, Val AUC=0.5215
2026-01-12 09:46:09,946 - INFO - Saved best model with Val AUC=0.5215
2026-01-12 09:46:14,522 - INFO - Epoch 3: Train Loss=0.4093, Train Acc=0.5421, Val Loss=0.3976, Val Acc=0.5191, Val AUC=0.5735
2026-01-12 09:46:14,547 - INFO - Saved best model with Val AUC=0.5735
2026-01-12 09:46:19,608 - INFO - Epoch 4: Train Loss=0.4122, Train Acc=0.5147, Val Loss=0.3955, Val Acc=0.5683, Val AUC=0.6090
2026-01-12 09:46:19,634 - INFO - Saved best model with Val AUC=0.6090
2026-01-12 09:46:24,724 - INFO - Epoch 5: Train Loss=0.4110, Train Acc=0.4912, Val Loss=0.3959, Val Acc=0.5355, Val AUC=0.5577
2026-01-12 09:46:29,622 - INFO - Epoch 6: Train Loss=0.4054, Train Acc=0.5323, Val Loss=0.3950, Val Acc=0.5464, Val AUC=0.5050
2026-01-12 09:46:34,322 - INFO - Epoch 7: Train Loss=0.3952, Train Acc=0.5636, Val Loss=0.3930, Val Acc=0.5191, Val AUC=0.5155
2026-01-12 09:46:39,221 - INFO - Epoch 8: Train Loss=0.3976, Train Acc=0.5010, Val Loss=0.3903, Val Acc=0.5137, Val AUC=0.5242
2026-01-12 09:46:44,723 - INFO - Epoch 9: Train Loss=0.3954, Train Acc=0.5245, Val Loss=0.3870, Val Acc=0.5191, Val AUC=0.5784
2026-01-12 09:46:50,325 - INFO - Epoch 10: Train Loss=0.3815, Train Acc=0.5519, Val Loss=0.3908, Val Acc=0.4536, Val AUC=0.4811
2026-01-12 09:46:55,722 - INFO - Epoch 11: Train Loss=0.3887, Train Acc=0.5421, Val Loss=0.3838, Val Acc=0.4809, Val AUC=0.4823
2026-01-12 09:47:00,624 - INFO - Epoch 12: Train Loss=0.3810, Train Acc=0.5440, Val Loss=0.3758, Val Acc=0.5410, Val AUC=0.6087
2026-01-12 09:47:05,702 - INFO - Epoch 13: Train Loss=0.3769, Train Acc=0.5519, Val Loss=0.3793, Val Acc=0.5191, Val AUC=0.5474
2026-01-12 09:47:10,999 - INFO - Epoch 14: Train Loss=0.3669, Train Acc=0.5890, Val Loss=0.3767, Val Acc=0.5574, Val AUC=0.5661
2026-01-12 09:47:16,301 - INFO - Epoch 15: Train Loss=0.3584, Train Acc=0.6438, Val Loss=0.3691, Val Acc=0.5902, Val AUC=0.6621
2026-01-12 09:47:16,329 - INFO - Saved best model with Val AUC=0.6621
2026-01-12 09:47:22,324 - INFO - Epoch 16: Train Loss=0.3542, Train Acc=0.6732, Val Loss=0.3894, Val Acc=0.5738, Val AUC=0.5863
2026-01-12 09:47:28,623 - INFO - Epoch 17: Train Loss=0.3398, Train Acc=0.7358, Val Loss=0.3828, Val Acc=0.5464, Val AUC=0.6234
2026-01-12 09:47:34,622 - INFO - Epoch 18: Train Loss=0.3382, Train Acc=0.7378, Val Loss=0.3762, Val Acc=0.5464, Val AUC=0.6104
2026-01-12 09:47:40,521 - INFO - Epoch 19: Train Loss=0.3128, Train Acc=0.8200, Val Loss=0.4269, Val Acc=0.6066, Val AUC=0.6281
2026-01-12 09:47:46,321 - INFO - Epoch 20: Train Loss=0.3103, Train Acc=0.8102, Val Loss=0.4143, Val Acc=0.5956, Val AUC=0.6568
2026-01-12 09:47:52,524 - INFO - Epoch 21: Train Loss=0.3064, Train Acc=0.8297, Val Loss=0.3956, Val Acc=0.6011, Val AUC=0.6466
2026-01-12 09:47:57,722 - INFO - Epoch 22: Train Loss=0.2778, Train Acc=0.8885, Val Loss=0.4657, Val Acc=0.6175, Val AUC=0.6673
2026-01-12 09:47:57,751 - INFO - Saved best model with Val AUC=0.6673
2026-01-12 09:48:03,005 - INFO - Epoch 23: Train Loss=0.2852, Train Acc=0.8728, Val Loss=0.4762, Val Acc=0.6066, Val AUC=0.6539
2026-01-12 09:48:08,126 - INFO - Epoch 24: Train Loss=0.2765, Train Acc=0.8787, Val Loss=0.4680, Val Acc=0.5902, Val AUC=0.6643
2026-01-12 09:48:13,720 - INFO - Epoch 25: Train Loss=0.2838, Train Acc=0.9061, Val Loss=0.4531, Val Acc=0.6557, Val AUC=0.6801
2026-01-12 09:48:13,745 - INFO - Saved best model with Val AUC=0.6801
2026-01-12 09:48:18,521 - INFO - Epoch 26: Train Loss=0.2644, Train Acc=0.8924, Val Loss=0.4221, Val Acc=0.6230, Val AUC=0.7134
2026-01-12 09:48:18,546 - INFO - Saved best model with Val AUC=0.7134
2026-01-12 09:48:23,126 - INFO - Epoch 27: Train Loss=0.2390, Train Acc=0.9491, Val Loss=0.4564, Val Acc=0.6284, Val AUC=0.6819
2026-01-12 09:48:27,621 - INFO - Epoch 28: Train Loss=0.2357, Train Acc=0.9530, Val Loss=0.4987, Val Acc=0.6448, Val AUC=0.7021
2026-01-12 09:48:32,021 - INFO - Epoch 29: Train Loss=0.2501, Train Acc=0.9295, Val Loss=0.5280, Val Acc=0.6339, Val AUC=0.7086
2026-01-12 09:48:37,221 - INFO - Epoch 30: Train Loss=0.2486, Train Acc=0.9315, Val Loss=0.4849, Val Acc=0.6612, Val AUC=0.7190
2026-01-12 09:48:37,246 - INFO - Saved best model with Val AUC=0.7190
2026-01-12 09:48:42,820 - INFO - Epoch 31: Train Loss=0.2316, Train Acc=0.9550, Val Loss=0.5935, Val Acc=0.5902, Val AUC=0.6949
2026-01-12 09:48:47,420 - INFO - Epoch 32: Train Loss=0.2308, Train Acc=0.9628, Val Loss=0.5213, Val Acc=0.6612, Val AUC=0.7219
2026-01-12 09:48:47,444 - INFO - Saved best model with Val AUC=0.7219
2026-01-12 09:48:52,121 - INFO - Epoch 33: Train Loss=0.2224, Train Acc=0.9726, Val Loss=0.5307, Val Acc=0.6120, Val AUC=0.7236
2026-01-12 09:48:52,145 - INFO - Saved best model with Val AUC=0.7236
2026-01-12 09:48:56,822 - INFO - Epoch 34: Train Loss=0.2432, Train Acc=0.9491, Val Loss=0.5526, Val Acc=0.6448, Val AUC=0.6718
2026-01-12 09:49:01,922 - INFO - Epoch 35: Train Loss=0.2256, Train Acc=0.9667, Val Loss=0.5343, Val Acc=0.6448, Val AUC=0.6821
2026-01-12 09:49:06,420 - INFO - Epoch 36: Train Loss=0.2230, Train Acc=0.9726, Val Loss=0.6017, Val Acc=0.6011, Val AUC=0.6546
2026-01-12 09:49:11,624 - INFO - Epoch 37: Train Loss=0.2253, Train Acc=0.9667, Val Loss=0.6346, Val Acc=0.6230, Val AUC=0.6614
2026-01-12 09:49:17,321 - INFO - Epoch 38: Train Loss=0.2167, Train Acc=0.9706, Val Loss=0.6280, Val Acc=0.5956, Val AUC=0.6665
2026-01-12 09:49:22,821 - INFO - Epoch 39: Train Loss=0.2289, Train Acc=0.9569, Val Loss=0.5564, Val Acc=0.6339, Val AUC=0.7065
2026-01-12 09:49:28,323 - INFO - Epoch 40: Train Loss=0.2334, Train Acc=0.9413, Val Loss=0.5753, Val Acc=0.6339, Val AUC=0.6949
2026-01-12 09:49:33,821 - INFO - Epoch 41: Train Loss=0.2202, Train Acc=0.9687, Val Loss=0.5080, Val Acc=0.6448, Val AUC=0.7095
2026-01-12 09:49:38,822 - INFO - Epoch 42: Train Loss=0.2181, Train Acc=0.9765, Val Loss=0.6191, Val Acc=0.6175, Val AUC=0.6350
2026-01-12 09:49:44,422 - INFO - Epoch 43: Train Loss=0.2092, Train Acc=0.9824, Val Loss=0.5426, Val Acc=0.6776, Val AUC=0.7314
2026-01-12 09:49:44,447 - INFO - Saved best model with Val AUC=0.7314
2026-01-12 09:49:50,021 - INFO - Epoch 44: Train Loss=0.2061, Train Acc=0.9843, Val Loss=0.5900, Val Acc=0.6175, Val AUC=0.7227
2026-01-12 09:49:55,422 - INFO - Epoch 45: Train Loss=0.2150, Train Acc=0.9785, Val Loss=0.5639, Val Acc=0.6448, Val AUC=0.7205
2026-01-12 09:50:00,920 - INFO - Epoch 46: Train Loss=0.2144, Train Acc=0.9648, Val Loss=0.5647, Val Acc=0.6230, Val AUC=0.6960
2026-01-12 09:50:06,521 - INFO - Epoch 47: Train Loss=0.1975, Train Acc=0.9941, Val Loss=0.5957, Val Acc=0.6011, Val AUC=0.6635
2026-01-12 09:50:12,022 - INFO - Epoch 48: Train Loss=0.1980, Train Acc=0.9883, Val Loss=0.6176, Val Acc=0.6339, Val AUC=0.6874
2026-01-12 09:50:17,721 - INFO - Epoch 49: Train Loss=0.2019, Train Acc=0.9902, Val Loss=0.6682, Val Acc=0.6230, Val AUC=0.6719
2026-01-12 09:50:23,222 - INFO - Epoch 50: Train Loss=0.2074, Train Acc=0.9765, Val Loss=0.6416, Val Acc=0.6393, Val AUC=0.6930
2026-01-12 09:50:28,627 - INFO - Epoch 51: Train Loss=0.1970, Train Acc=0.9922, Val Loss=0.6067, Val Acc=0.6448, Val AUC=0.7091
2026-01-12 09:50:33,723 - INFO - Epoch 52: Train Loss=0.2009, Train Acc=0.9785, Val Loss=0.5747, Val Acc=0.6448, Val AUC=0.7282
2026-01-12 09:50:39,722 - INFO - Epoch 53: Train Loss=0.1995, Train Acc=0.9843, Val Loss=0.6086, Val Acc=0.6448, Val AUC=0.7015
2026-01-12 09:50:44,522 - INFO - Epoch 54: Train Loss=0.1966, Train Acc=0.9824, Val Loss=0.6183, Val Acc=0.6667, Val AUC=0.7103
2026-01-12 09:50:49,221 - INFO - Epoch 55: Train Loss=0.2140, Train Acc=0.9706, Val Loss=0.6182, Val Acc=0.6776, Val AUC=0.6985
2026-01-12 09:50:53,820 - INFO - Epoch 56: Train Loss=0.1926, Train Acc=0.9941, Val Loss=0.6140, Val Acc=0.6557, Val AUC=0.7020
2026-01-12 09:50:58,621 - INFO - Epoch 57: Train Loss=0.1995, Train Acc=0.9843, Val Loss=0.6276, Val Acc=0.6776, Val AUC=0.7046
2026-01-12 09:51:04,223 - INFO - Epoch 58: Train Loss=0.1894, Train Acc=0.9961, Val Loss=0.6630, Val Acc=0.6448, Val AUC=0.6863
2026-01-12 09:51:09,721 - INFO - Epoch 59: Train Loss=0.1989, Train Acc=0.9863, Val Loss=0.7208, Val Acc=0.5902, Val AUC=0.6785
2026-01-12 09:51:15,221 - INFO - Epoch 60: Train Loss=0.1897, Train Acc=0.9863, Val Loss=0.6130, Val Acc=0.6393, Val AUC=0.6864
2026-01-12 09:51:21,422 - INFO - Epoch 61: Train Loss=0.2039, Train Acc=0.9765, Val Loss=0.5901, Val Acc=0.6448, Val AUC=0.6960
2026-01-12 09:51:26,921 - INFO - Epoch 62: Train Loss=0.1881, Train Acc=0.9883, Val Loss=0.5748, Val Acc=0.6776, Val AUC=0.7288
2026-01-12 09:51:32,220 - INFO - Epoch 63: Train Loss=0.1869, Train Acc=0.9863, Val Loss=0.6688, Val Acc=0.6503, Val AUC=0.6713
2026-01-12 09:51:37,325 - INFO - Epoch 64: Train Loss=0.1875, Train Acc=0.9863, Val Loss=0.6685, Val Acc=0.6284, Val AUC=0.6888
2026-01-12 09:51:42,620 - INFO - Epoch 65: Train Loss=0.2141, Train Acc=0.9687, Val Loss=0.6072, Val Acc=0.6612, Val AUC=0.6906
2026-01-12 09:51:48,121 - INFO - Epoch 66: Train Loss=0.1871, Train Acc=0.9883, Val Loss=0.5822, Val Acc=0.6557, Val AUC=0.6807
2026-01-12 09:51:53,422 - INFO - Epoch 67: Train Loss=0.1865, Train Acc=0.9785, Val Loss=0.5924, Val Acc=0.6066, Val AUC=0.6950
2026-01-12 09:51:59,021 - INFO - Epoch 68: Train Loss=0.1800, Train Acc=0.9902, Val Loss=0.6056, Val Acc=0.6393, Val AUC=0.7105
2026-01-12 09:52:04,620 - INFO - Epoch 69: Train Loss=0.2032, Train Acc=0.9726, Val Loss=0.6050, Val Acc=0.6612, Val AUC=0.7027
2026-01-12 09:52:10,021 - INFO - Epoch 70: Train Loss=0.1854, Train Acc=0.9785, Val Loss=0.6225, Val Acc=0.6284, Val AUC=0.7181
2026-01-12 09:52:14,720 - INFO - Epoch 71: Train Loss=0.1792, Train Acc=0.9883, Val Loss=0.6040, Val Acc=0.6557, Val AUC=0.7176
2026-01-12 09:52:19,421 - INFO - Epoch 72: Train Loss=0.1797, Train Acc=0.9922, Val Loss=0.6483, Val Acc=0.6448, Val AUC=0.6851
2026-01-12 09:52:24,022 - INFO - Epoch 73: Train Loss=0.1739, Train Acc=0.9941, Val Loss=0.6221, Val Acc=0.6066, Val AUC=0.7038
2026-01-12 09:52:24,022 - INFO - Early stopping at epoch 73
2026-01-12 09:52:24,617 - INFO - 
Fold 2 Test Results:
2026-01-12 09:52:24,617 - INFO - Accuracy: 0.6554
2026-01-12 09:52:24,617 - INFO - AUC: 0.7274
2026-01-12 09:52:24,617 - INFO - F1: 0.6498
2026-01-12 09:52:24,955 - INFO - Saved ROC curve plot for Fold 2
2026-01-12 09:52:25,171 - INFO - Saved confusion matrix plot for Fold 2
2026-01-12 09:52:25,171 - INFO - 
============================================================
2026-01-12 09:52:25,171 - INFO - Classification Report - Fold 2
2026-01-12 09:52:25,171 - INFO - ============================================================
2026-01-12 09:52:26,107 - INFO - Saved clinical metrics plot for Fold 2
2026-01-12 09:52:27,672 - INFO - Saved site performance plot for Fold 2
2026-01-12 09:52:27,674 - INFO - 
==================================================
2026-01-12 09:52:27,674 - INFO - Training Fold 3/5
2026-01-12 09:52:27,674 - INFO - ==================================================
2026-01-12 09:52:27,794 - INFO - Model parameters: 6,420,512
2026-01-12 09:52:32,302 - INFO - Epoch 1: Train Loss=0.4438, Train Acc=0.4689, Val Loss=0.4139, Val Acc=0.4699, Val AUC=0.4824
2026-01-12 09:52:32,329 - INFO - Saved best model with Val AUC=0.4824
2026-01-12 09:52:36,824 - INFO - Epoch 2: Train Loss=0.4462, Train Acc=0.4572, Val Loss=0.4141, Val Acc=0.4699, Val AUC=0.4885
2026-01-12 09:52:36,851 - INFO - Saved best model with Val AUC=0.4885
2026-01-12 09:52:41,706 - INFO - Epoch 3: Train Loss=0.4245, Train Acc=0.4805, Val Loss=0.4086, Val Acc=0.4699, Val AUC=0.5783
2026-01-12 09:52:41,734 - INFO - Saved best model with Val AUC=0.5783
2026-01-12 09:52:46,532 - INFO - Epoch 4: Train Loss=0.4253, Train Acc=0.4844, Val Loss=0.4034, Val Acc=0.4754, Val AUC=0.5324
2026-01-12 09:52:51,521 - INFO - Epoch 5: Train Loss=0.4022, Train Acc=0.5097, Val Loss=0.3989, Val Acc=0.4699, Val AUC=0.5483
2026-01-12 09:52:57,122 - INFO - Epoch 6: Train Loss=0.4047, Train Acc=0.4591, Val Loss=0.3969, Val Acc=0.4426, Val AUC=0.4797
2026-01-12 09:53:02,621 - INFO - Epoch 7: Train Loss=0.3930, Train Acc=0.5000, Val Loss=0.3934, Val Acc=0.5082, Val AUC=0.5309
2026-01-12 09:53:08,221 - INFO - Epoch 8: Train Loss=0.3991, Train Acc=0.5467, Val Loss=0.3928, Val Acc=0.5191, Val AUC=0.4994
2026-01-12 09:53:13,721 - INFO - Epoch 9: Train Loss=0.3866, Train Acc=0.5486, Val Loss=0.3916, Val Acc=0.4918, Val AUC=0.4540
2026-01-12 09:53:19,021 - INFO - Epoch 10: Train Loss=0.3907, Train Acc=0.5409, Val Loss=0.4023, Val Acc=0.5191, Val AUC=0.4994
2026-01-12 09:53:24,426 - INFO - Epoch 11: Train Loss=0.3790, Train Acc=0.5856, Val Loss=0.3813, Val Acc=0.5082, Val AUC=0.5024
2026-01-12 09:53:29,821 - INFO - Epoch 12: Train Loss=0.3758, Train Acc=0.6109, Val Loss=0.3766, Val Acc=0.5410, Val AUC=0.5309
2026-01-12 09:53:35,421 - INFO - Epoch 13: Train Loss=0.3535, Train Acc=0.6479, Val Loss=0.3738, Val Acc=0.5246, Val AUC=0.5404
2026-01-12 09:53:41,023 - INFO - Epoch 14: Train Loss=0.3441, Train Acc=0.6887, Val Loss=0.3725, Val Acc=0.5355, Val AUC=0.5665
2026-01-12 09:53:46,521 - INFO - Epoch 15: Train Loss=0.3417, Train Acc=0.7179, Val Loss=0.3859, Val Acc=0.5246, Val AUC=0.5463
2026-01-12 09:53:52,020 - INFO - Epoch 16: Train Loss=0.3492, Train Acc=0.6829, Val Loss=0.3798, Val Acc=0.5082, Val AUC=0.5531
2026-01-12 09:53:57,321 - INFO - Epoch 17: Train Loss=0.3227, Train Acc=0.7802, Val Loss=0.3948, Val Acc=0.5628, Val AUC=0.5785
2026-01-12 09:53:57,350 - INFO - Saved best model with Val AUC=0.5785
2026-01-12 09:54:02,121 - INFO - Epoch 18: Train Loss=0.3281, Train Acc=0.7607, Val Loss=0.4448, Val Acc=0.5246, Val AUC=0.5375
2026-01-12 09:54:06,720 - INFO - Epoch 19: Train Loss=0.3146, Train Acc=0.8346, Val Loss=0.4357, Val Acc=0.6066, Val AUC=0.6418
2026-01-12 09:54:06,745 - INFO - Saved best model with Val AUC=0.6418
2026-01-12 09:54:11,321 - INFO - Epoch 20: Train Loss=0.2975, Train Acc=0.8463, Val Loss=0.4499, Val Acc=0.5847, Val AUC=0.6435
2026-01-12 09:54:11,346 - INFO - Saved best model with Val AUC=0.6435
2026-01-12 09:54:15,921 - INFO - Epoch 21: Train Loss=0.3019, Train Acc=0.8716, Val Loss=0.4844, Val Acc=0.6066, Val AUC=0.6314
2026-01-12 09:54:21,822 - INFO - Epoch 22: Train Loss=0.2694, Train Acc=0.8969, Val Loss=0.4944, Val Acc=0.6066, Val AUC=0.6652
2026-01-12 09:54:21,850 - INFO - Saved best model with Val AUC=0.6652
2026-01-12 09:54:27,521 - INFO - Epoch 23: Train Loss=0.2921, Train Acc=0.9008, Val Loss=0.5181, Val Acc=0.5683, Val AUC=0.6029
2026-01-12 09:54:32,921 - INFO - Epoch 24: Train Loss=0.2631, Train Acc=0.9086, Val Loss=0.5393, Val Acc=0.6066, Val AUC=0.7031
2026-01-12 09:54:32,946 - INFO - Saved best model with Val AUC=0.7031
2026-01-12 09:54:38,421 - INFO - Epoch 25: Train Loss=0.2689, Train Acc=0.9241, Val Loss=0.5932, Val Acc=0.5902, Val AUC=0.6409
2026-01-12 09:54:44,622 - INFO - Epoch 26: Train Loss=0.2321, Train Acc=0.9475, Val Loss=0.5162, Val Acc=0.6503, Val AUC=0.6754
2026-01-12 09:54:50,122 - INFO - Epoch 27: Train Loss=0.2790, Train Acc=0.9533, Val Loss=0.5543, Val Acc=0.5956, Val AUC=0.6418
2026-01-12 09:54:55,123 - INFO - Epoch 28: Train Loss=0.2194, Train Acc=0.9786, Val Loss=0.5559, Val Acc=0.6120, Val AUC=0.6683
2026-01-12 09:55:00,024 - INFO - Epoch 29: Train Loss=0.2223, Train Acc=0.9767, Val Loss=0.5512, Val Acc=0.6120, Val AUC=0.6792
2026-01-12 09:55:05,221 - INFO - Epoch 30: Train Loss=0.2102, Train Acc=0.9805, Val Loss=0.5820, Val Acc=0.6120, Val AUC=0.6566
2026-01-12 09:55:10,623 - INFO - Epoch 31: Train Loss=0.2342, Train Acc=0.9572, Val Loss=0.6820, Val Acc=0.6230, Val AUC=0.6539
2026-01-12 09:55:16,421 - INFO - Epoch 32: Train Loss=0.2263, Train Acc=0.9494, Val Loss=0.6555, Val Acc=0.6448, Val AUC=0.7248
2026-01-12 09:55:16,447 - INFO - Saved best model with Val AUC=0.7248
2026-01-12 09:55:21,123 - INFO - Epoch 33: Train Loss=0.2221, Train Acc=0.9630, Val Loss=0.5613, Val Acc=0.5956, Val AUC=0.6572
2026-01-12 09:55:25,821 - INFO - Epoch 34: Train Loss=0.2736, Train Acc=0.9708, Val Loss=0.6695, Val Acc=0.5902, Val AUC=0.6409
2026-01-12 09:55:31,521 - INFO - Epoch 35: Train Loss=0.2417, Train Acc=0.9747, Val Loss=0.5759, Val Acc=0.5956, Val AUC=0.6749
2026-01-12 09:55:37,121 - INFO - Epoch 36: Train Loss=0.2131, Train Acc=0.9747, Val Loss=0.6335, Val Acc=0.6120, Val AUC=0.6784
2026-01-12 09:55:42,622 - INFO - Epoch 37: Train Loss=0.2084, Train Acc=0.9767, Val Loss=0.6469, Val Acc=0.5738, Val AUC=0.6634
2026-01-12 09:55:48,123 - INFO - Epoch 38: Train Loss=0.2903, Train Acc=0.9767, Val Loss=0.6640, Val Acc=0.6667, Val AUC=0.6757
2026-01-12 09:55:54,021 - INFO - Epoch 39: Train Loss=0.2141, Train Acc=0.9767, Val Loss=0.6983, Val Acc=0.6120, Val AUC=0.6773
2026-01-12 09:55:59,720 - INFO - Epoch 40: Train Loss=0.2212, Train Acc=0.9572, Val Loss=0.9167, Val Acc=0.5956, Val AUC=0.6178
2026-01-12 09:56:05,225 - INFO - Epoch 41: Train Loss=0.2366, Train Acc=0.9708, Val Loss=0.7233, Val Acc=0.5847, Val AUC=0.6509
2026-01-12 09:56:10,822 - INFO - Epoch 42: Train Loss=0.1950, Train Acc=0.9903, Val Loss=0.6255, Val Acc=0.6339, Val AUC=0.6787
2026-01-12 09:56:15,424 - INFO - Epoch 43: Train Loss=0.1994, Train Acc=0.9805, Val Loss=0.6969, Val Acc=0.6011, Val AUC=0.6489
2026-01-12 09:56:20,326 - INFO - Epoch 44: Train Loss=0.1951, Train Acc=0.9844, Val Loss=0.6538, Val Acc=0.6393, Val AUC=0.6847
2026-01-12 09:56:25,124 - INFO - Epoch 45: Train Loss=0.2133, Train Acc=0.9728, Val Loss=0.6922, Val Acc=0.5847, Val AUC=0.6225
2026-01-12 09:56:29,823 - INFO - Epoch 46: Train Loss=0.2730, Train Acc=0.9786, Val Loss=0.6865, Val Acc=0.6503, Val AUC=0.6657
2026-01-12 09:56:34,723 - INFO - Epoch 47: Train Loss=0.2662, Train Acc=0.9572, Val Loss=0.7656, Val Acc=0.6066, Val AUC=0.6518
2026-01-12 09:56:39,624 - INFO - Epoch 48: Train Loss=0.2520, Train Acc=0.9844, Val Loss=0.6560, Val Acc=0.5902, Val AUC=0.6460
2026-01-12 09:56:45,827 - INFO - Epoch 49: Train Loss=0.1932, Train Acc=0.9825, Val Loss=0.6193, Val Acc=0.5683, Val AUC=0.6293
2026-01-12 09:56:52,123 - INFO - Epoch 50: Train Loss=0.2809, Train Acc=0.9922, Val Loss=0.6612, Val Acc=0.6066, Val AUC=0.6488
2026-01-12 09:56:57,920 - INFO - Epoch 51: Train Loss=0.2089, Train Acc=0.9825, Val Loss=0.7454, Val Acc=0.6120, Val AUC=0.6281
2026-01-12 09:57:03,421 - INFO - Epoch 52: Train Loss=0.1989, Train Acc=0.9844, Val Loss=0.6934, Val Acc=0.6011, Val AUC=0.6443
2026-01-12 09:57:09,020 - INFO - Epoch 53: Train Loss=0.2857, Train Acc=0.9728, Val Loss=0.6912, Val Acc=0.6175, Val AUC=0.6464
2026-01-12 09:57:13,522 - INFO - Epoch 54: Train Loss=0.2225, Train Acc=0.9883, Val Loss=0.7236, Val Acc=0.5902, Val AUC=0.6543
2026-01-12 09:57:18,327 - INFO - Epoch 55: Train Loss=0.2252, Train Acc=0.9747, Val Loss=0.8135, Val Acc=0.5519, Val AUC=0.6017
2026-01-12 09:57:23,105 - INFO - Epoch 56: Train Loss=0.2111, Train Acc=0.9786, Val Loss=0.7058, Val Acc=0.5738, Val AUC=0.6401
2026-01-12 09:57:27,621 - INFO - Epoch 57: Train Loss=0.1927, Train Acc=0.9903, Val Loss=0.6340, Val Acc=0.6175, Val AUC=0.6369
2026-01-12 09:57:32,222 - INFO - Epoch 58: Train Loss=0.2397, Train Acc=0.9864, Val Loss=0.7231, Val Acc=0.6066, Val AUC=0.6313
2026-01-12 09:57:37,128 - INFO - Epoch 59: Train Loss=0.2647, Train Acc=0.9805, Val Loss=0.6373, Val Acc=0.6393, Val AUC=0.6750
2026-01-12 09:57:42,727 - INFO - Epoch 60: Train Loss=0.2363, Train Acc=0.9864, Val Loss=0.7276, Val Acc=0.5847, Val AUC=0.6307
2026-01-12 09:57:47,523 - INFO - Epoch 61: Train Loss=0.1803, Train Acc=0.9961, Val Loss=0.6441, Val Acc=0.6120, Val AUC=0.6798
2026-01-12 09:57:52,622 - INFO - Epoch 62: Train Loss=0.1933, Train Acc=0.9903, Val Loss=0.6860, Val Acc=0.5956, Val AUC=0.6670
2026-01-12 09:57:52,622 - INFO - Early stopping at epoch 62
2026-01-12 09:57:53,299 - INFO - 
Fold 3 Test Results:
2026-01-12 09:57:53,299 - INFO - Accuracy: 0.5920
2026-01-12 09:57:53,299 - INFO - AUC: 0.6114
2026-01-12 09:57:53,299 - INFO - F1: 0.5680
2026-01-12 09:57:53,642 - INFO - Saved ROC curve plot for Fold 3
2026-01-12 09:57:53,861 - INFO - Saved confusion matrix plot for Fold 3
2026-01-12 09:57:53,861 - INFO - 
============================================================
2026-01-12 09:57:53,861 - INFO - Classification Report - Fold 3
2026-01-12 09:57:53,861 - INFO - ============================================================
2026-01-12 09:57:54,816 - INFO - Saved clinical metrics plot for Fold 3
2026-01-12 09:57:56,185 - INFO - Saved site performance plot for Fold 3
2026-01-12 09:57:56,187 - INFO - 
==================================================
2026-01-12 09:57:56,187 - INFO - Training Fold 4/5
2026-01-12 09:57:56,187 - INFO - ==================================================
2026-01-12 09:57:56,307 - INFO - Model parameters: 6,420,512
2026-01-12 09:58:00,821 - INFO - Epoch 1: Train Loss=0.4866, Train Acc=0.4595, Val Loss=0.3972, Val Acc=0.4699, Val AUC=0.5275
2026-01-12 09:58:00,849 - INFO - Saved best model with Val AUC=0.5275
2026-01-12 09:58:05,826 - INFO - Epoch 2: Train Loss=0.4801, Train Acc=0.4517, Val Loss=0.3972, Val Acc=0.4754, Val AUC=0.5257
2026-01-12 09:58:11,521 - INFO - Epoch 3: Train Loss=0.4464, Train Acc=0.4961, Val Loss=0.3964, Val Acc=0.5246, Val AUC=0.5141
2026-01-12 09:58:16,521 - INFO - Epoch 4: Train Loss=0.4204, Train Acc=0.4923, Val Loss=0.3951, Val Acc=0.5355, Val AUC=0.5555
2026-01-12 09:58:16,548 - INFO - Saved best model with Val AUC=0.5555
2026-01-12 09:58:21,320 - INFO - Epoch 5: Train Loss=0.4194, Train Acc=0.5135, Val Loss=0.3935, Val Acc=0.5464, Val AUC=0.6017
2026-01-12 09:58:21,345 - INFO - Saved best model with Val AUC=0.6017
2026-01-12 09:58:26,021 - INFO - Epoch 6: Train Loss=0.4091, Train Acc=0.5154, Val Loss=0.3922, Val Acc=0.5355, Val AUC=0.6025
2026-01-12 09:58:26,048 - INFO - Saved best model with Val AUC=0.6025
2026-01-12 09:58:30,621 - INFO - Epoch 7: Train Loss=0.3954, Train Acc=0.5290, Val Loss=0.3936, Val Acc=0.5246, Val AUC=0.5481
2026-01-12 09:58:35,521 - INFO - Epoch 8: Train Loss=0.3929, Train Acc=0.5463, Val Loss=0.3871, Val Acc=0.5464, Val AUC=0.6057
2026-01-12 09:58:35,547 - INFO - Saved best model with Val AUC=0.6057
2026-01-12 09:58:40,025 - INFO - Epoch 9: Train Loss=0.3950, Train Acc=0.5039, Val Loss=0.3880, Val Acc=0.5464, Val AUC=0.6144
2026-01-12 09:58:40,111 - INFO - Saved best model with Val AUC=0.6144
2026-01-12 09:58:45,621 - INFO - Epoch 10: Train Loss=0.3842, Train Acc=0.5792, Val Loss=0.3819, Val Acc=0.5574, Val AUC=0.6194
2026-01-12 09:58:45,645 - INFO - Saved best model with Val AUC=0.6194
2026-01-12 09:58:50,722 - INFO - Epoch 11: Train Loss=0.3823, Train Acc=0.5695, Val Loss=0.3798, Val Acc=0.5464, Val AUC=0.6181
2026-01-12 09:58:55,922 - INFO - Epoch 12: Train Loss=0.3826, Train Acc=0.6100, Val Loss=0.3805, Val Acc=0.5683, Val AUC=0.5891
2026-01-12 09:59:01,221 - INFO - Epoch 13: Train Loss=0.3673, Train Acc=0.6718, Val Loss=0.3826, Val Acc=0.5738, Val AUC=0.6171
2026-01-12 09:59:06,723 - INFO - Epoch 14: Train Loss=0.3717, Train Acc=0.6486, Val Loss=0.3820, Val Acc=0.5956, Val AUC=0.6172
2026-01-12 09:59:11,799 - INFO - Epoch 15: Train Loss=0.3543, Train Acc=0.7220, Val Loss=0.3735, Val Acc=0.6175, Val AUC=0.6835
2026-01-12 09:59:11,828 - INFO - Saved best model with Val AUC=0.6835
2026-01-12 09:59:17,122 - INFO - Epoch 16: Train Loss=0.3530, Train Acc=0.7510, Val Loss=0.3839, Val Acc=0.6011, Val AUC=0.6376
2026-01-12 09:59:22,124 - INFO - Epoch 17: Train Loss=0.3270, Train Acc=0.7819, Val Loss=0.3901, Val Acc=0.6120, Val AUC=0.6519
2026-01-12 09:59:27,922 - INFO - Epoch 18: Train Loss=0.3226, Train Acc=0.8340, Val Loss=0.4416, Val Acc=0.5683, Val AUC=0.5598
2026-01-12 09:59:33,521 - INFO - Epoch 19: Train Loss=0.3040, Train Acc=0.8514, Val Loss=0.4323, Val Acc=0.5683, Val AUC=0.6139
2026-01-12 09:59:39,021 - INFO - Epoch 20: Train Loss=0.3154, Train Acc=0.8301, Val Loss=0.4171, Val Acc=0.6120, Val AUC=0.6647
2026-01-12 09:59:44,922 - INFO - Epoch 21: Train Loss=0.2892, Train Acc=0.8552, Val Loss=0.4521, Val Acc=0.5956, Val AUC=0.6044
2026-01-12 09:59:50,429 - INFO - Epoch 22: Train Loss=0.2748, Train Acc=0.9054, Val Loss=0.4934, Val Acc=0.6503, Val AUC=0.6657
2026-01-12 09:59:55,222 - INFO - Epoch 23: Train Loss=0.2992, Train Acc=0.8745, Val Loss=0.4339, Val Acc=0.6230, Val AUC=0.6753
2026-01-12 10:00:00,121 - INFO - Epoch 24: Train Loss=0.2694, Train Acc=0.9035, Val Loss=0.4388, Val Acc=0.6230, Val AUC=0.6534
2026-01-12 10:00:04,722 - INFO - Epoch 25: Train Loss=0.2547, Train Acc=0.9382, Val Loss=0.4558, Val Acc=0.6393, Val AUC=0.6785
2026-01-12 10:00:10,722 - INFO - Epoch 26: Train Loss=0.2585, Train Acc=0.9402, Val Loss=0.5467, Val Acc=0.5574, Val AUC=0.6247
2026-01-12 10:00:17,123 - INFO - Epoch 27: Train Loss=0.2673, Train Acc=0.9459, Val Loss=0.4746, Val Acc=0.6066, Val AUC=0.6705
2026-01-12 10:00:22,606 - INFO - Epoch 28: Train Loss=0.2869, Train Acc=0.9305, Val Loss=0.6381, Val Acc=0.5738, Val AUC=0.5987
2026-01-12 10:00:27,499 - INFO - Epoch 29: Train Loss=0.2561, Train Acc=0.9382, Val Loss=0.5488, Val Acc=0.6011, Val AUC=0.6474
2026-01-12 10:00:32,221 - INFO - Epoch 30: Train Loss=0.2364, Train Acc=0.9421, Val Loss=0.5520, Val Acc=0.6011, Val AUC=0.6610
2026-01-12 10:00:37,222 - INFO - Epoch 31: Train Loss=0.2410, Train Acc=0.9440, Val Loss=0.5647, Val Acc=0.6230, Val AUC=0.6712
2026-01-12 10:00:43,221 - INFO - Epoch 32: Train Loss=0.2480, Train Acc=0.9344, Val Loss=0.5420, Val Acc=0.6448, Val AUC=0.6784
2026-01-12 10:00:48,822 - INFO - Epoch 33: Train Loss=0.2507, Train Acc=0.9459, Val Loss=0.6084, Val Acc=0.5574, Val AUC=0.6061
2026-01-12 10:00:54,621 - INFO - Epoch 34: Train Loss=0.2276, Train Acc=0.9614, Val Loss=0.6154, Val Acc=0.6120, Val AUC=0.6296
2026-01-12 10:01:00,123 - INFO - Epoch 35: Train Loss=0.2368, Train Acc=0.9575, Val Loss=0.6439, Val Acc=0.5956, Val AUC=0.6352
2026-01-12 10:01:05,622 - INFO - Epoch 36: Train Loss=0.2472, Train Acc=0.9633, Val Loss=0.5895, Val Acc=0.5792, Val AUC=0.6490
2026-01-12 10:01:11,321 - INFO - Epoch 37: Train Loss=0.2252, Train Acc=0.9653, Val Loss=0.5832, Val Acc=0.6448, Val AUC=0.6964
2026-01-12 10:01:11,346 - INFO - Saved best model with Val AUC=0.6964
2026-01-12 10:01:16,920 - INFO - Epoch 38: Train Loss=0.2343, Train Acc=0.9614, Val Loss=0.5279, Val Acc=0.6339, Val AUC=0.6787
2026-01-12 10:01:22,821 - INFO - Epoch 39: Train Loss=0.2189, Train Acc=0.9653, Val Loss=0.5062, Val Acc=0.6721, Val AUC=0.7193
2026-01-12 10:01:22,846 - INFO - Saved best model with Val AUC=0.7193
2026-01-12 10:01:28,321 - INFO - Epoch 40: Train Loss=0.2293, Train Acc=0.9691, Val Loss=0.6289, Val Acc=0.6284, Val AUC=0.6418
2026-01-12 10:01:34,222 - INFO - Epoch 41: Train Loss=0.2462, Train Acc=0.9421, Val Loss=0.6054, Val Acc=0.5847, Val AUC=0.6334
2026-01-12 10:01:40,021 - INFO - Epoch 42: Train Loss=0.2177, Train Acc=0.9768, Val Loss=0.5440, Val Acc=0.6011, Val AUC=0.6747
2026-01-12 10:01:45,622 - INFO - Epoch 43: Train Loss=0.2134, Train Acc=0.9730, Val Loss=0.6163, Val Acc=0.6339, Val AUC=0.6675
2026-01-12 10:01:51,221 - INFO - Epoch 44: Train Loss=0.2115, Train Acc=0.9807, Val Loss=0.6332, Val Acc=0.6120, Val AUC=0.6580
2026-01-12 10:01:56,820 - INFO - Epoch 45: Train Loss=0.2189, Train Acc=0.9749, Val Loss=0.6422, Val Acc=0.6175, Val AUC=0.6887
2026-01-12 10:02:02,221 - INFO - Epoch 46: Train Loss=0.2081, Train Acc=0.9884, Val Loss=0.6155, Val Acc=0.6721, Val AUC=0.6823
2026-01-12 10:02:07,020 - INFO - Epoch 47: Train Loss=0.2597, Train Acc=0.9749, Val Loss=0.6402, Val Acc=0.6066, Val AUC=0.6430
2026-01-12 10:02:11,520 - INFO - Epoch 48: Train Loss=0.2201, Train Acc=0.9653, Val Loss=0.6060, Val Acc=0.5956, Val AUC=0.6599
2026-01-12 10:02:16,122 - INFO - Epoch 49: Train Loss=0.2059, Train Acc=0.9903, Val Loss=0.5753, Val Acc=0.6667, Val AUC=0.6848
2026-01-12 10:02:20,921 - INFO - Epoch 50: Train Loss=0.2058, Train Acc=0.9788, Val Loss=0.6261, Val Acc=0.6120, Val AUC=0.6874
2026-01-12 10:02:25,623 - INFO - Epoch 51: Train Loss=0.2146, Train Acc=0.9672, Val Loss=0.5698, Val Acc=0.6667, Val AUC=0.6994
2026-01-12 10:02:30,321 - INFO - Epoch 52: Train Loss=0.2491, Train Acc=0.9595, Val Loss=0.5538, Val Acc=0.6776, Val AUC=0.6865
2026-01-12 10:02:34,822 - INFO - Epoch 53: Train Loss=0.2062, Train Acc=0.9807, Val Loss=0.5432, Val Acc=0.6284, Val AUC=0.6923
2026-01-12 10:02:39,521 - INFO - Epoch 54: Train Loss=0.2110, Train Acc=0.9768, Val Loss=0.6008, Val Acc=0.6776, Val AUC=0.6851
2026-01-12 10:02:44,123 - INFO - Epoch 55: Train Loss=0.2459, Train Acc=0.9846, Val Loss=0.6125, Val Acc=0.6448, Val AUC=0.6841
2026-01-12 10:02:48,704 - INFO - Epoch 56: Train Loss=0.1993, Train Acc=0.9884, Val Loss=0.6241, Val Acc=0.6230, Val AUC=0.6904
2026-01-12 10:02:53,425 - INFO - Epoch 57: Train Loss=0.2080, Train Acc=0.9826, Val Loss=0.6028, Val Acc=0.6393, Val AUC=0.6687
2026-01-12 10:02:58,121 - INFO - Epoch 58: Train Loss=0.2668, Train Acc=0.9691, Val Loss=0.6287, Val Acc=0.6393, Val AUC=0.6653
2026-01-12 10:03:03,120 - INFO - Epoch 59: Train Loss=0.1955, Train Acc=0.9846, Val Loss=0.6327, Val Acc=0.6503, Val AUC=0.6783
2026-01-12 10:03:08,621 - INFO - Epoch 60: Train Loss=0.1979, Train Acc=0.9807, Val Loss=0.6104, Val Acc=0.6066, Val AUC=0.6967
2026-01-12 10:03:14,121 - INFO - Epoch 61: Train Loss=0.1981, Train Acc=0.9846, Val Loss=0.6858, Val Acc=0.6066, Val AUC=0.7044
2026-01-12 10:03:19,821 - INFO - Epoch 62: Train Loss=0.2132, Train Acc=0.9768, Val Loss=0.6217, Val Acc=0.6393, Val AUC=0.6986
2026-01-12 10:03:25,321 - INFO - Epoch 63: Train Loss=0.2004, Train Acc=0.9768, Val Loss=0.6605, Val Acc=0.5956, Val AUC=0.6759
2026-01-12 10:03:30,922 - INFO - Epoch 64: Train Loss=0.2269, Train Acc=0.9672, Val Loss=0.5706, Val Acc=0.6503, Val AUC=0.7099
2026-01-12 10:03:36,420 - INFO - Epoch 65: Train Loss=0.2006, Train Acc=0.9730, Val Loss=0.6438, Val Acc=0.6066, Val AUC=0.6830
2026-01-12 10:03:41,421 - INFO - Epoch 66: Train Loss=0.2097, Train Acc=0.9691, Val Loss=0.6080, Val Acc=0.6503, Val AUC=0.7151
2026-01-12 10:03:46,021 - INFO - Epoch 67: Train Loss=0.2018, Train Acc=0.9846, Val Loss=0.5964, Val Acc=0.6066, Val AUC=0.6842
2026-01-12 10:03:50,621 - INFO - Epoch 68: Train Loss=0.1908, Train Acc=0.9903, Val Loss=0.6513, Val Acc=0.5956, Val AUC=0.6786
2026-01-12 10:03:55,222 - INFO - Epoch 69: Train Loss=0.2274, Train Acc=0.9826, Val Loss=0.6557, Val Acc=0.6175, Val AUC=0.6717
2026-01-12 10:03:55,222 - INFO - Early stopping at epoch 69
2026-01-12 10:03:55,903 - INFO - 
Fold 4 Test Results:
2026-01-12 10:03:55,903 - INFO - Accuracy: 0.6706
2026-01-12 10:03:55,903 - INFO - AUC: 0.7265
2026-01-12 10:03:55,903 - INFO - F1: 0.6629
2026-01-12 10:03:56,235 - INFO - Saved ROC curve plot for Fold 4
2026-01-12 10:03:56,449 - INFO - Saved confusion matrix plot for Fold 4
2026-01-12 10:03:56,449 - INFO - 
============================================================
2026-01-12 10:03:56,449 - INFO - Classification Report - Fold 4
2026-01-12 10:03:56,450 - INFO - ============================================================
2026-01-12 10:03:57,375 - INFO - Saved clinical metrics plot for Fold 4
2026-01-12 10:03:59,001 - INFO - Saved site performance plot for Fold 4
2026-01-12 10:03:59,003 - INFO - 
==================================================
2026-01-12 10:03:59,003 - INFO - Training Fold 5/5
2026-01-12 10:03:59,003 - INFO - ==================================================
2026-01-12 10:03:59,115 - INFO - Model parameters: 6,420,512
2026-01-12 10:04:03,523 - INFO - Epoch 1: Train Loss=0.4834, Train Acc=0.5374, Val Loss=0.3962, Val Acc=0.5301, Val AUC=0.5747
2026-01-12 10:04:03,619 - INFO - Saved best model with Val AUC=0.5747
2026-01-12 10:04:08,521 - INFO - Epoch 2: Train Loss=0.4762, Train Acc=0.5336, Val Loss=0.3960, Val Acc=0.5301, Val AUC=0.5919
2026-01-12 10:04:08,549 - INFO - Saved best model with Val AUC=0.5919
2026-01-12 10:04:13,426 - INFO - Epoch 3: Train Loss=0.4599, Train Acc=0.5547, Val Loss=0.3952, Val Acc=0.5246, Val AUC=0.5758
2026-01-12 10:04:18,123 - INFO - Epoch 4: Train Loss=0.4183, Train Acc=0.5451, Val Loss=0.3918, Val Acc=0.5683, Val AUC=0.6148
2026-01-12 10:04:18,219 - INFO - Saved best model with Val AUC=0.6148
2026-01-12 10:04:22,720 - INFO - Epoch 5: Train Loss=0.4137, Train Acc=0.4818, Val Loss=0.3911, Val Acc=0.5628, Val AUC=0.6410
2026-01-12 10:04:22,745 - INFO - Saved best model with Val AUC=0.6410
2026-01-12 10:04:27,422 - INFO - Epoch 6: Train Loss=0.4104, Train Acc=0.5106, Val Loss=0.3933, Val Acc=0.4536, Val AUC=0.4857
2026-01-12 10:04:31,807 - INFO - Epoch 7: Train Loss=0.4000, Train Acc=0.5240, Val Loss=0.3910, Val Acc=0.4754, Val AUC=0.5034
2026-01-12 10:04:36,621 - INFO - Epoch 8: Train Loss=0.3975, Train Acc=0.5528, Val Loss=0.3879, Val Acc=0.5301, Val AUC=0.5693
2026-01-12 10:04:41,520 - INFO - Epoch 9: Train Loss=0.3919, Train Acc=0.5355, Val Loss=0.3847, Val Acc=0.5027, Val AUC=0.5806
2026-01-12 10:04:46,320 - INFO - Epoch 10: Train Loss=0.3898, Train Acc=0.5202, Val Loss=0.3816, Val Acc=0.5301, Val AUC=0.5656
2026-01-12 10:04:51,821 - INFO - Epoch 11: Train Loss=0.3796, Train Acc=0.5681, Val Loss=0.3762, Val Acc=0.5792, Val AUC=0.6473
2026-01-12 10:04:51,846 - INFO - Saved best model with Val AUC=0.6473
2026-01-12 10:04:57,420 - INFO - Epoch 12: Train Loss=0.3805, Train Acc=0.6180, Val Loss=0.3741, Val Acc=0.5574, Val AUC=0.6422
2026-01-12 10:05:03,121 - INFO - Epoch 13: Train Loss=0.3721, Train Acc=0.6353, Val Loss=0.3781, Val Acc=0.5792, Val AUC=0.6266
2026-01-12 10:05:08,520 - INFO - Epoch 14: Train Loss=0.3635, Train Acc=0.7006, Val Loss=0.3766, Val Acc=0.6120, Val AUC=0.6603
2026-01-12 10:05:08,544 - INFO - Saved best model with Val AUC=0.6603
2026-01-12 10:05:14,120 - INFO - Epoch 15: Train Loss=0.3539, Train Acc=0.7370, Val Loss=0.3778, Val Acc=0.5738, Val AUC=0.6230
2026-01-12 10:05:19,721 - INFO - Epoch 16: Train Loss=0.3409, Train Acc=0.7908, Val Loss=0.3856, Val Acc=0.5683, Val AUC=0.6551
2026-01-12 10:05:25,020 - INFO - Epoch 17: Train Loss=0.3417, Train Acc=0.7869, Val Loss=0.3920, Val Acc=0.5574, Val AUC=0.6256
2026-01-12 10:05:29,621 - INFO - Epoch 18: Train Loss=0.3287, Train Acc=0.8215, Val Loss=0.4015, Val Acc=0.5628, Val AUC=0.6214
2026-01-12 10:05:35,320 - INFO - Epoch 19: Train Loss=0.3013, Train Acc=0.8714, Val Loss=0.4409, Val Acc=0.5738, Val AUC=0.6217
2026-01-12 10:05:40,226 - INFO - Epoch 20: Train Loss=0.2804, Train Acc=0.9098, Val Loss=0.4332, Val Acc=0.5956, Val AUC=0.6557
2026-01-12 10:05:45,221 - INFO - Epoch 21: Train Loss=0.2918, Train Acc=0.8868, Val Loss=0.5122, Val Acc=0.5738, Val AUC=0.6224
2026-01-12 10:05:51,121 - INFO - Epoch 22: Train Loss=0.2979, Train Acc=0.9040, Val Loss=0.4815, Val Acc=0.5792, Val AUC=0.6078
2026-01-12 10:05:56,720 - INFO - Epoch 23: Train Loss=0.2859, Train Acc=0.8964, Val Loss=0.4392, Val Acc=0.6612, Val AUC=0.6750
2026-01-12 10:05:56,745 - INFO - Saved best model with Val AUC=0.6750
2026-01-12 10:06:02,123 - INFO - Epoch 24: Train Loss=0.2592, Train Acc=0.9347, Val Loss=0.5668, Val Acc=0.5519, Val AUC=0.6175
2026-01-12 10:06:07,021 - INFO - Epoch 25: Train Loss=0.2513, Train Acc=0.9405, Val Loss=0.5236, Val Acc=0.5519, Val AUC=0.6146
2026-01-12 10:06:11,920 - INFO - Epoch 26: Train Loss=0.2672, Train Acc=0.9290, Val Loss=0.6145, Val Acc=0.5738, Val AUC=0.6246
2026-01-12 10:06:18,222 - INFO - Epoch 27: Train Loss=0.2566, Train Acc=0.9347, Val Loss=0.5301, Val Acc=0.5738, Val AUC=0.6418
2026-01-12 10:06:23,821 - INFO - Epoch 28: Train Loss=0.2473, Train Acc=0.9674, Val Loss=0.5158, Val Acc=0.5956, Val AUC=0.6544
2026-01-12 10:06:29,422 - INFO - Epoch 29: Train Loss=0.2369, Train Acc=0.9559, Val Loss=0.5836, Val Acc=0.5683, Val AUC=0.6391
2026-01-12 10:06:35,121 - INFO - Epoch 30: Train Loss=0.2472, Train Acc=0.9616, Val Loss=0.5808, Val Acc=0.5683, Val AUC=0.6556
2026-01-12 10:06:40,922 - INFO - Epoch 31: Train Loss=0.2306, Train Acc=0.9559, Val Loss=0.5946, Val Acc=0.5847, Val AUC=0.6375
2026-01-12 10:06:46,523 - INFO - Epoch 32: Train Loss=0.2417, Train Acc=0.9482, Val Loss=0.5694, Val Acc=0.5956, Val AUC=0.6548
2026-01-12 10:06:52,021 - INFO - Epoch 33: Train Loss=0.2420, Train Acc=0.9539, Val Loss=0.5899, Val Acc=0.6120, Val AUC=0.6711
2026-01-12 10:06:57,620 - INFO - Epoch 34: Train Loss=0.2430, Train Acc=0.9616, Val Loss=0.6460, Val Acc=0.5464, Val AUC=0.6105
2026-01-12 10:07:03,520 - INFO - Epoch 35: Train Loss=0.2373, Train Acc=0.9559, Val Loss=0.6335, Val Acc=0.5738, Val AUC=0.6207
2026-01-12 10:07:08,921 - INFO - Epoch 36: Train Loss=0.2283, Train Acc=0.9693, Val Loss=0.5682, Val Acc=0.6175, Val AUC=0.6854
2026-01-12 10:07:08,946 - INFO - Saved best model with Val AUC=0.6854
2026-01-12 10:07:13,927 - INFO - Epoch 37: Train Loss=0.2453, Train Acc=0.9578, Val Loss=0.5571, Val Acc=0.6284, Val AUC=0.6723
2026-01-12 10:07:19,023 - INFO - Epoch 38: Train Loss=0.2346, Train Acc=0.9501, Val Loss=0.6005, Val Acc=0.6175, Val AUC=0.6572
2026-01-12 10:07:23,924 - INFO - Epoch 39: Train Loss=0.2276, Train Acc=0.9674, Val Loss=0.5492, Val Acc=0.6011, Val AUC=0.6677
2026-01-12 10:07:28,621 - INFO - Epoch 40: Train Loss=0.2250, Train Acc=0.9846, Val Loss=0.6054, Val Acc=0.5902, Val AUC=0.6809
2026-01-12 10:07:33,220 - INFO - Epoch 41: Train Loss=0.2302, Train Acc=0.9712, Val Loss=0.5842, Val Acc=0.6284, Val AUC=0.6664
2026-01-12 10:07:37,921 - INFO - Epoch 42: Train Loss=0.2306, Train Acc=0.9616, Val Loss=0.6395, Val Acc=0.5628, Val AUC=0.6385
2026-01-12 10:07:42,522 - INFO - Epoch 43: Train Loss=0.2100, Train Acc=0.9808, Val Loss=0.6097, Val Acc=0.5956, Val AUC=0.6277
2026-01-12 10:07:47,522 - INFO - Epoch 44: Train Loss=0.2261, Train Acc=0.9750, Val Loss=0.6512, Val Acc=0.5519, Val AUC=0.6248
2026-01-12 10:07:52,222 - INFO - Epoch 45: Train Loss=0.2140, Train Acc=0.9616, Val Loss=0.6289, Val Acc=0.5683, Val AUC=0.6302
2026-01-12 10:07:57,522 - INFO - Epoch 46: Train Loss=0.2226, Train Acc=0.9712, Val Loss=0.6538, Val Acc=0.5628, Val AUC=0.6549
2026-01-12 10:08:02,400 - INFO - Epoch 47: Train Loss=0.2193, Train Acc=0.9750, Val Loss=0.6589, Val Acc=0.5738, Val AUC=0.6452
2026-01-12 10:08:07,322 - INFO - Epoch 48: Train Loss=0.2191, Train Acc=0.9693, Val Loss=0.5440, Val Acc=0.5683, Val AUC=0.6536
2026-01-12 10:08:12,098 - INFO - Epoch 49: Train Loss=0.2095, Train Acc=0.9827, Val Loss=0.6395, Val Acc=0.5792, Val AUC=0.6500
2026-01-12 10:08:16,721 - INFO - Epoch 50: Train Loss=0.2355, Train Acc=0.9712, Val Loss=0.7922, Val Acc=0.5519, Val AUC=0.6139
2026-01-12 10:08:22,221 - INFO - Epoch 51: Train Loss=0.2277, Train Acc=0.9693, Val Loss=0.6045, Val Acc=0.5628, Val AUC=0.6443
2026-01-12 10:08:27,822 - INFO - Epoch 52: Train Loss=0.2195, Train Acc=0.9770, Val Loss=0.5716, Val Acc=0.5902, Val AUC=0.6512
2026-01-12 10:08:33,420 - INFO - Epoch 53: Train Loss=0.2054, Train Acc=0.9827, Val Loss=0.6204, Val Acc=0.5792, Val AUC=0.6436
2026-01-12 10:08:39,120 - INFO - Epoch 54: Train Loss=0.2228, Train Acc=0.9808, Val Loss=0.6897, Val Acc=0.6120, Val AUC=0.6397
2026-01-12 10:08:44,620 - INFO - Epoch 55: Train Loss=0.2059, Train Acc=0.9731, Val Loss=0.6659, Val Acc=0.5738, Val AUC=0.6407
2026-01-12 10:08:49,322 - INFO - Epoch 56: Train Loss=0.2139, Train Acc=0.9712, Val Loss=0.5902, Val Acc=0.6120, Val AUC=0.6531
2026-01-12 10:08:53,923 - INFO - Epoch 57: Train Loss=0.2079, Train Acc=0.9846, Val Loss=0.6025, Val Acc=0.5847, Val AUC=0.6392
2026-01-12 10:08:58,522 - INFO - Epoch 58: Train Loss=0.2188, Train Acc=0.9731, Val Loss=0.6204, Val Acc=0.5792, Val AUC=0.6320
2026-01-12 10:09:03,020 - INFO - Epoch 59: Train Loss=0.2033, Train Acc=0.9770, Val Loss=0.6128, Val Acc=0.5410, Val AUC=0.6382
2026-01-12 10:09:07,622 - INFO - Epoch 60: Train Loss=0.2204, Train Acc=0.9904, Val Loss=0.6250, Val Acc=0.5792, Val AUC=0.6530
2026-01-12 10:09:13,122 - INFO - Epoch 61: Train Loss=0.2068, Train Acc=0.9846, Val Loss=0.5743, Val Acc=0.5956, Val AUC=0.6585
2026-01-12 10:09:19,220 - INFO - Epoch 62: Train Loss=0.1969, Train Acc=0.9827, Val Loss=0.6194, Val Acc=0.5738, Val AUC=0.6621
2026-01-12 10:09:24,821 - INFO - Epoch 63: Train Loss=0.1952, Train Acc=0.9827, Val Loss=0.7204, Val Acc=0.5738, Val AUC=0.6322
2026-01-12 10:09:30,621 - INFO - Epoch 64: Train Loss=0.1979, Train Acc=0.9770, Val Loss=0.7048, Val Acc=0.5847, Val AUC=0.6476
2026-01-12 10:09:36,221 - INFO - Epoch 65: Train Loss=0.2174, Train Acc=0.9770, Val Loss=0.8124, Val Acc=0.5355, Val AUC=0.5918
2026-01-12 10:09:42,020 - INFO - Epoch 66: Train Loss=0.1904, Train Acc=0.9866, Val Loss=0.6519, Val Acc=0.5847, Val AUC=0.6459
2026-01-12 10:09:42,020 - INFO - Early stopping at epoch 66
2026-01-12 10:09:42,617 - INFO - 
Fold 5 Test Results:
2026-01-12 10:09:42,617 - INFO - Accuracy: 0.6287
2026-01-12 10:09:42,617 - INFO - AUC: 0.6448
2026-01-12 10:09:42,617 - INFO - F1: 0.6287
2026-01-12 10:09:42,951 - INFO - Saved ROC curve plot for Fold 5
2026-01-12 10:09:43,164 - INFO - Saved confusion matrix plot for Fold 5
2026-01-12 10:09:43,164 - INFO - 
============================================================
2026-01-12 10:09:43,164 - INFO - Classification Report - Fold 5
2026-01-12 10:09:43,164 - INFO - ============================================================
2026-01-12 10:09:44,100 - INFO - Saved clinical metrics plot for Fold 5
2026-01-12 10:09:45,423 - INFO - Saved site performance plot for Fold 5
2026-01-12 10:09:45,425 - INFO - 
==================================================
2026-01-12 10:09:45,425 - INFO - Final Results Across All Folds
2026-01-12 10:09:45,425 - INFO - ==================================================
2026-01-12 10:09:45,425 - INFO - Average Test Accuracy: 0.6405 ± 0.0278
2026-01-12 10:09:45,425 - INFO - Average Test AUC: 0.6761 ± 0.0455
2026-01-12 10:09:45,425 - INFO - Average Test F1: 0.6278 ± 0.0325
2026-01-12 10:09:45,425 - INFO - 
==================================================
2026-01-12 10:09:45,425 - INFO - Generating Cross-Fold Visualizations
2026-01-12 10:09:45,425 - INFO - ==================================================
2026-01-12 10:09:45,769 - INFO - Saved ROC per fold plot (Mean AUC: 0.6761)
2026-01-12 10:09:46,245 - INFO - Saved training history plot
2026-01-12 10:09:47,577 - INFO - Saved overall site performance plot
2026-01-12 10:09:48,497 - INFO - Saved overall clinical metrics plot
2026-01-12 10:09:48,497 - INFO - 
============================================================
2026-01-12 10:09:48,497 - INFO - Overall Classification Report (All Folds)
2026-01-12 10:09:48,497 - INFO - ============================================================
2026-01-12 10:09:48,505 - INFO - Saved overall results CSV
2026-01-12 10:09:48,506 - INFO - Saved summary metrics CSV
2026-01-12 10:09:48,511 - INFO - 
Training completed successfully!
