================================================================================
CatBoost fMRI/sMRI Classification
================================================================================

Working directory: /root/Multmodal_ABIDE/data
fMRI Atlas: CC200
ComBat fMRI: True
ComBat sMRI: True

============================================================
LOADING DATA
============================================================
Loading fMRI data...
Skipping sample 51334
Loading sMRI data...
  Loading Desikan-Killiany features...
  Loading ASEG features...
  Loading WMPARC features...
Loading phenotypic data...

Data shapes:
  fMRI: (870, 19900)
  sMRI: (870, 1435)
  Labels: (870,)

============================================================
HARMONIZATION
============================================================
Applying ComBat harmonization...
[neuroCombat] Creating design matrix
[neuroCombat] Standardizing data across features
[neuroCombat] Fitting L/S model and finding priors
[neuroCombat] Finding parametric adjustments
[neuroCombat] Final adjustment of data
Applying ComBat harmonization...
[neuroCombat] Creating design matrix
[neuroCombat] Standardizing data across features
[neuroCombat] Fitting L/S model and finding priors
[neuroCombat] Finding parametric adjustments
[neuroCombat] Final adjustment of data

============================================================
CREATING FOLD SPLITS
============================================================

============================================================
FEATURE SELECTION
============================================================

Fold 1: Feature selection...
  Combined features shape: (870, 6000)

Fold 2: Feature selection...
  Combined features shape: (870, 6000)

Fold 3: Feature selection...
  Combined features shape: (870, 6000)

Fold 4: Feature selection...
  Combined features shape: (870, 6000)

Fold 5: Feature selection...
  Combined features shape: (870, 6000)

============================================================
TRAINING MODELS
============================================================

============================================================
Training Fold 1
============================================================
Train samples: 511
Val samples:   182
Test samples:  177
Training CatBoost with hyperparameter search...
Best learning rate: 0.001
Best depth:         10
Validation acc:     0.8736
Test accuracy:      0.8475
Model saved to /root/Multmodal_ABIDE/data/save_models/CC200_sMRI/with_ComBat/CAT_1.m

============================================================
Training Fold 2
============================================================
Train samples: 519
Val samples:   177
Test samples:  174
Training CatBoost with hyperparameter search...
Best learning rate: 0.01
Best depth:         4
Validation acc:     0.7966
Test accuracy:      0.7874
Model saved to /root/Multmodal_ABIDE/data/save_models/CC200_sMRI/with_ComBat/CAT_2.m

============================================================
Training Fold 3
============================================================
Train samples: 526
Val samples:   174
Test samples:  170
Training CatBoost with hyperparameter search...
Best learning rate: 0.1
Best depth:         4
Validation acc:     0.9770
Test accuracy:      0.9412
Model saved to /root/Multmodal_ABIDE/data/save_models/CC200_sMRI/with_ComBat/CAT_3.m

============================================================
Training Fold 4
============================================================
Train samples: 533
Val samples:   170
Test samples:  167
Training CatBoost with hyperparameter search...
Best learning rate: 0.1
Best depth:         6
Validation acc:     0.9471
Test accuracy:      0.9641
Model saved to /root/Multmodal_ABIDE/data/save_models/CC200_sMRI/with_ComBat/CAT_4.m

============================================================
Training Fold 5
============================================================
Train samples: 521
Val samples:   167
Test samples:  182
Training CatBoost with hyperparameter search...
Best learning rate: 0.1
Best depth:         8
Validation acc:     0.9760
Test accuracy:      0.9615
Model saved to /root/Multmodal_ABIDE/data/save_models/CC200_sMRI/with_ComBat/CAT_5.m

============================================================
RESULTS AND VISUALIZATION
============================================================

Classification Report:
============================================================
              precision    recall  f1-score   support

          TD       0.88      0.94      0.91       467
         ASD       0.93      0.85      0.89       403

    accuracy                           0.90       870
   macro avg       0.90      0.90      0.90       870
weighted avg       0.90      0.90      0.90       870


============================================================
FINAL RESULTS
============================================================
Average Validation Accuracy: 0.9141
Average Test Accuracy:       0.9003
Overall AUC:                 0.9528
Total Test Samples:          870
Results saved to /root/Multmodal_ABIDE/data/save_models/CC200_sMRI/with_ComBat/results.csv

================================================================================
TRAINING COMPLETE
================================================================================