2025-12-31 20:22:50,456 - INFO - Training Configuration:
2025-12-31 20:22:50,457 - INFO - {
    "num_samples": 871,
    "num_nodes": 200,
    "smri_dim": 2500,
    "num_sites": 20,
    "hidden_dim": 256,
    "dropout": 0.3,
    "batch_size": 32,
    "learning_rate": 0.0005,
    "weight_decay": 0.01,
    "epochs": 200,
    "patience": 30,
    "lambda_cls": 1.0,
    "k_fold": 5,
    "random_seed": 42,
    "lambda_site": 0.05,
    "lambda_age": 0.01,
    "lambda_reg": 0.0001,
    "save_dir": "./results",
    "data_dir": "./data"
}
2025-12-31 20:22:50,500 - INFO - Using device: cuda
2025-12-31 20:22:50,501 - INFO - Loading data...
2025-12-31 20:22:50,501 - INFO - Loading phenotypic data from ./data/phynotypic
2025-12-31 20:22:50,505 - INFO - Loaded phenotypic data for 871 subjects
2025-12-31 20:22:50,506 - INFO - Labels distribution: ASD=403, TD=468
2025-12-31 20:22:50,506 - INFO - Number of unique sites: 20
2025-12-31 20:22:50,506 - INFO - Loading fMRI data from ./data/fMRI/CC200
2025-12-31 20:22:50,800 - INFO - Loaded fMRI data shape: (871, 200, 200)
2025-12-31 20:22:50,800 - INFO - Loading sMRI data from ./data/sMRI/freesurfer_stats
2025-12-31 20:22:53,245 - INFO - Loaded sMRI data shape: (871, 2072)
2025-12-31 20:22:53,741 - INFO - Applied Fisher z and per-subject z-score to fMRI data
2025-12-31 20:22:53,773 - INFO - Applied per-feature z-score to sMRI data
2025-12-31 20:22:53,774 - INFO - Creating 5-fold site-aware splits
2025-12-31 20:22:53,792 - INFO - Fold 1: Train=511, Val=177, Test=183
2025-12-31 20:22:53,809 - INFO - Fold 2: Train=511, Val=183, Test=177
2025-12-31 20:22:53,827 - INFO - Fold 3: Train=514, Val=183, Test=174
2025-12-31 20:22:53,843 - INFO - Fold 4: Train=518, Val=183, Test=170
2025-12-31 20:22:53,860 - INFO - Fold 5: Train=521, Val=183, Test=167
2025-12-31 20:22:53,860 - INFO - 
==================================================
2025-12-31 20:22:53,860 - INFO - Training Fold 1/5
2025-12-31 20:22:53,860 - INFO - ==================================================
2025-12-31 20:22:54,110 - INFO - Model parameters: 6,420,512
2025-12-31 20:23:01,446 - INFO - Epoch 1: Train Loss=0.4200, Train Acc=0.5303, Val Loss=0.3995, Val Acc=0.5198, Val AUC=0.5078
2025-12-31 20:23:01,481 - INFO - Saved best model with Val AUC=0.5078
2025-12-31 20:23:08,138 - INFO - Epoch 2: Train Loss=0.4295, Train Acc=0.4834, Val Loss=0.3998, Val Acc=0.5198, Val AUC=0.4655
2025-12-31 20:23:14,625 - INFO - Epoch 3: Train Loss=0.4282, Train Acc=0.4971, Val Loss=0.4003, Val Acc=0.5198, Val AUC=0.4762
2025-12-31 20:23:21,427 - INFO - Epoch 4: Train Loss=0.4204, Train Acc=0.5205, Val Loss=0.3996, Val Acc=0.5198, Val AUC=0.5302
2025-12-31 20:23:21,463 - INFO - Saved best model with Val AUC=0.5302
2025-12-31 20:23:27,746 - INFO - Epoch 5: Train Loss=0.4176, Train Acc=0.5029, Val Loss=0.3976, Val Acc=0.5254, Val AUC=0.5083
2025-12-31 20:23:34,330 - INFO - Epoch 6: Train Loss=0.4078, Train Acc=0.5558, Val Loss=0.3950, Val Acc=0.5254, Val AUC=0.5840
2025-12-31 20:23:34,368 - INFO - Saved best model with Val AUC=0.5840
2025-12-31 20:23:40,943 - INFO - Epoch 7: Train Loss=0.4088, Train Acc=0.5342, Val Loss=0.3944, Val Acc=0.5311, Val AUC=0.6008
2025-12-31 20:23:40,979 - INFO - Saved best model with Val AUC=0.6008
2025-12-31 20:23:48,053 - INFO - Epoch 8: Train Loss=0.4021, Train Acc=0.5597, Val Loss=0.3965, Val Acc=0.5085, Val AUC=0.5161
2025-12-31 20:23:54,930 - INFO - Epoch 9: Train Loss=0.3983, Train Acc=0.5460, Val Loss=0.3887, Val Acc=0.5367, Val AUC=0.5749
2025-12-31 20:24:02,443 - INFO - Epoch 10: Train Loss=0.3888, Train Acc=0.5714, Val Loss=0.3845, Val Acc=0.5650, Val AUC=0.5882
2025-12-31 20:24:09,143 - INFO - Epoch 11: Train Loss=0.3866, Train Acc=0.6047, Val Loss=0.3843, Val Acc=0.5198, Val AUC=0.5625
2025-12-31 20:24:15,644 - INFO - Epoch 12: Train Loss=0.3801, Train Acc=0.5949, Val Loss=0.3827, Val Acc=0.5650, Val AUC=0.6224
2025-12-31 20:24:15,676 - INFO - Saved best model with Val AUC=0.6224
2025-12-31 20:24:22,840 - INFO - Epoch 13: Train Loss=0.3732, Train Acc=0.6654, Val Loss=0.3721, Val Acc=0.6271, Val AUC=0.6350
2025-12-31 20:24:22,875 - INFO - Saved best model with Val AUC=0.6350
2025-12-31 20:24:30,432 - INFO - Epoch 14: Train Loss=0.3611, Train Acc=0.6751, Val Loss=0.3726, Val Acc=0.5819, Val AUC=0.6620
2025-12-31 20:24:30,465 - INFO - Saved best model with Val AUC=0.6620
2025-12-31 20:24:38,231 - INFO - Epoch 15: Train Loss=0.3456, Train Acc=0.7260, Val Loss=0.3772, Val Acc=0.6328, Val AUC=0.6944
2025-12-31 20:24:38,264 - INFO - Saved best model with Val AUC=0.6944
2025-12-31 20:24:45,538 - INFO - Epoch 16: Train Loss=0.3270, Train Acc=0.7769, Val Loss=0.3840, Val Acc=0.6271, Val AUC=0.6838
2025-12-31 20:24:52,227 - INFO - Epoch 17: Train Loss=0.3250, Train Acc=0.8043, Val Loss=0.3845, Val Acc=0.6328, Val AUC=0.6742
2025-12-31 20:24:59,324 - INFO - Epoch 18: Train Loss=0.3149, Train Acc=0.8415, Val Loss=0.4013, Val Acc=0.6215, Val AUC=0.7059
2025-12-31 20:24:59,356 - INFO - Saved best model with Val AUC=0.7059
2025-12-31 20:25:06,227 - INFO - Epoch 19: Train Loss=0.2961, Train Acc=0.8669, Val Loss=0.4159, Val Acc=0.6045, Val AUC=0.6458
2025-12-31 20:25:13,527 - INFO - Epoch 20: Train Loss=0.2930, Train Acc=0.8845, Val Loss=0.3880, Val Acc=0.6554, Val AUC=0.7480
2025-12-31 20:25:13,561 - INFO - Saved best model with Val AUC=0.7480
2025-12-31 20:25:21,444 - INFO - Epoch 21: Train Loss=0.2864, Train Acc=0.8865, Val Loss=0.3823, Val Acc=0.6893, Val AUC=0.7515
2025-12-31 20:25:21,478 - INFO - Saved best model with Val AUC=0.7515
2025-12-31 20:25:28,942 - INFO - Epoch 22: Train Loss=0.2723, Train Acc=0.9159, Val Loss=0.4163, Val Acc=0.6610, Val AUC=0.7104
2025-12-31 20:25:36,141 - INFO - Epoch 23: Train Loss=0.2643, Train Acc=0.9159, Val Loss=0.4464, Val Acc=0.6384, Val AUC=0.6922
2025-12-31 20:25:44,826 - INFO - Epoch 24: Train Loss=0.2539, Train Acc=0.9393, Val Loss=0.4939, Val Acc=0.6045, Val AUC=0.6957
2025-12-31 20:25:52,343 - INFO - Epoch 25: Train Loss=0.2652, Train Acc=0.9256, Val Loss=0.4673, Val Acc=0.6893, Val AUC=0.7184
2025-12-31 20:25:59,240 - INFO - Epoch 26: Train Loss=0.2501, Train Acc=0.9393, Val Loss=0.4753, Val Acc=0.6384, Val AUC=0.7166
2025-12-31 20:26:06,948 - INFO - Epoch 27: Train Loss=0.2537, Train Acc=0.9393, Val Loss=0.4310, Val Acc=0.6893, Val AUC=0.7366
2025-12-31 20:26:14,126 - INFO - Epoch 28: Train Loss=0.2420, Train Acc=0.9530, Val Loss=0.4695, Val Acc=0.6328, Val AUC=0.7038
2025-12-31 20:26:21,231 - INFO - Epoch 29: Train Loss=0.2359, Train Acc=0.9550, Val Loss=0.4728, Val Acc=0.6893, Val AUC=0.7416
2025-12-31 20:26:29,043 - INFO - Epoch 30: Train Loss=0.2237, Train Acc=0.9804, Val Loss=0.5048, Val Acc=0.6780, Val AUC=0.7387
2025-12-31 20:26:36,523 - INFO - Epoch 31: Train Loss=0.2322, Train Acc=0.9569, Val Loss=0.5764, Val Acc=0.6158, Val AUC=0.7324
2025-12-31 20:26:43,346 - INFO - Epoch 32: Train Loss=0.2403, Train Acc=0.9569, Val Loss=0.5323, Val Acc=0.6610, Val AUC=0.7220
2025-12-31 20:26:50,226 - INFO - Epoch 33: Train Loss=0.2563, Train Acc=0.9393, Val Loss=0.5429, Val Acc=0.6497, Val AUC=0.7231
2025-12-31 20:26:58,028 - INFO - Epoch 34: Train Loss=0.2496, Train Acc=0.9295, Val Loss=0.4694, Val Acc=0.6667, Val AUC=0.7354
2025-12-31 20:27:05,125 - INFO - Epoch 35: Train Loss=0.2262, Train Acc=0.9609, Val Loss=0.4619, Val Acc=0.6893, Val AUC=0.7288
2025-12-31 20:27:11,638 - INFO - Epoch 36: Train Loss=0.2248, Train Acc=0.9569, Val Loss=0.4642, Val Acc=0.6723, Val AUC=0.7384
2025-12-31 20:27:17,033 - INFO - Epoch 37: Train Loss=0.2317, Train Acc=0.9530, Val Loss=0.5345, Val Acc=0.6158, Val AUC=0.6919
2025-12-31 20:27:22,026 - INFO - Epoch 38: Train Loss=0.2269, Train Acc=0.9648, Val Loss=0.5021, Val Acc=0.6497, Val AUC=0.7248
2025-12-31 20:27:26,738 - INFO - Epoch 39: Train Loss=0.2205, Train Acc=0.9726, Val Loss=0.4772, Val Acc=0.6893, Val AUC=0.7638
2025-12-31 20:27:26,820 - INFO - Saved best model with Val AUC=0.7638
2025-12-31 20:27:32,441 - INFO - Epoch 40: Train Loss=0.2158, Train Acc=0.9785, Val Loss=0.4825, Val Acc=0.6949, Val AUC=0.7889
2025-12-31 20:27:32,474 - INFO - Saved best model with Val AUC=0.7889
2025-12-31 20:27:37,433 - INFO - Epoch 41: Train Loss=0.2283, Train Acc=0.9550, Val Loss=0.5253, Val Acc=0.6384, Val AUC=0.7168
2025-12-31 20:27:43,039 - INFO - Epoch 42: Train Loss=0.2287, Train Acc=0.9550, Val Loss=0.5154, Val Acc=0.6328, Val AUC=0.7235
2025-12-31 20:27:48,043 - INFO - Epoch 43: Train Loss=0.2060, Train Acc=0.9843, Val Loss=0.4657, Val Acc=0.7175, Val AUC=0.7547
2025-12-31 20:27:54,227 - INFO - Epoch 44: Train Loss=0.2153, Train Acc=0.9706, Val Loss=0.4856, Val Acc=0.7458, Val AUC=0.7659
2025-12-31 20:28:00,352 - INFO - Epoch 45: Train Loss=0.2101, Train Acc=0.9765, Val Loss=0.5882, Val Acc=0.6893, Val AUC=0.7339
2025-12-31 20:28:07,444 - INFO - Epoch 46: Train Loss=0.2251, Train Acc=0.9628, Val Loss=0.5212, Val Acc=0.7119, Val AUC=0.7714
2025-12-31 20:28:14,143 - INFO - Epoch 47: Train Loss=0.2086, Train Acc=0.9804, Val Loss=0.4896, Val Acc=0.6723, Val AUC=0.7292
2025-12-31 20:28:20,725 - INFO - Epoch 48: Train Loss=0.2080, Train Acc=0.9746, Val Loss=0.4572, Val Acc=0.6949, Val AUC=0.7545
2025-12-31 20:28:27,846 - INFO - Epoch 49: Train Loss=0.2027, Train Acc=0.9765, Val Loss=0.4775, Val Acc=0.6723, Val AUC=0.7497
2025-12-31 20:28:34,947 - INFO - Epoch 50: Train Loss=0.2087, Train Acc=0.9785, Val Loss=0.4594, Val Acc=0.6836, Val AUC=0.7519
2025-12-31 20:28:42,244 - INFO - Epoch 51: Train Loss=0.1996, Train Acc=0.9824, Val Loss=0.5171, Val Acc=0.6610, Val AUC=0.7353
2025-12-31 20:28:49,636 - INFO - Epoch 52: Train Loss=0.2105, Train Acc=0.9726, Val Loss=0.4875, Val Acc=0.6667, Val AUC=0.7577
2025-12-31 20:28:56,148 - INFO - Epoch 53: Train Loss=0.1936, Train Acc=0.9843, Val Loss=0.5105, Val Acc=0.6667, Val AUC=0.7379
2025-12-31 20:29:02,825 - INFO - Epoch 54: Train Loss=0.1973, Train Acc=0.9785, Val Loss=0.5515, Val Acc=0.6780, Val AUC=0.7558
2025-12-31 20:29:09,725 - INFO - Epoch 55: Train Loss=0.1966, Train Acc=0.9824, Val Loss=0.5320, Val Acc=0.6723, Val AUC=0.7512
2025-12-31 20:29:16,726 - INFO - Epoch 56: Train Loss=0.1945, Train Acc=0.9785, Val Loss=0.5111, Val Acc=0.6893, Val AUC=0.7774
2025-12-31 20:29:23,627 - INFO - Epoch 57: Train Loss=0.1928, Train Acc=0.9863, Val Loss=0.6281, Val Acc=0.6328, Val AUC=0.7110
2025-12-31 20:29:30,349 - INFO - Epoch 58: Train Loss=0.1904, Train Acc=0.9863, Val Loss=0.5141, Val Acc=0.6949, Val AUC=0.7593
2025-12-31 20:29:37,448 - INFO - Epoch 59: Train Loss=0.1988, Train Acc=0.9687, Val Loss=0.6272, Val Acc=0.6271, Val AUC=0.7170
2025-12-31 20:29:44,326 - INFO - Epoch 60: Train Loss=0.1949, Train Acc=0.9765, Val Loss=0.5454, Val Acc=0.6667, Val AUC=0.7286
2025-12-31 20:29:51,725 - INFO - Epoch 61: Train Loss=0.1880, Train Acc=0.9843, Val Loss=0.5178, Val Acc=0.6949, Val AUC=0.7596
2025-12-31 20:29:59,325 - INFO - Epoch 62: Train Loss=0.1869, Train Acc=0.9922, Val Loss=0.5206, Val Acc=0.6836, Val AUC=0.7522
2025-12-31 20:30:05,636 - INFO - Epoch 63: Train Loss=0.1899, Train Acc=0.9804, Val Loss=0.5612, Val Acc=0.6836, Val AUC=0.7609
2025-12-31 20:30:12,728 - INFO - Epoch 64: Train Loss=0.1840, Train Acc=0.9824, Val Loss=0.5734, Val Acc=0.6554, Val AUC=0.7266
2025-12-31 20:30:20,536 - INFO - Epoch 65: Train Loss=0.1817, Train Acc=0.9863, Val Loss=0.5615, Val Acc=0.7062, Val AUC=0.7497
2025-12-31 20:30:28,148 - INFO - Epoch 66: Train Loss=0.1917, Train Acc=0.9824, Val Loss=0.6448, Val Acc=0.6667, Val AUC=0.7439
2025-12-31 20:30:35,543 - INFO - Epoch 67: Train Loss=0.1864, Train Acc=0.9843, Val Loss=0.5690, Val Acc=0.6780, Val AUC=0.7664
2025-12-31 20:30:43,242 - INFO - Epoch 68: Train Loss=0.1834, Train Acc=0.9883, Val Loss=0.5558, Val Acc=0.6836, Val AUC=0.7638
2025-12-31 20:30:50,531 - INFO - Epoch 69: Train Loss=0.1806, Train Acc=0.9883, Val Loss=0.5715, Val Acc=0.6949, Val AUC=0.7495
2025-12-31 20:30:57,263 - INFO - Epoch 70: Train Loss=0.1817, Train Acc=0.9843, Val Loss=0.5515, Val Acc=0.7006, Val AUC=0.7637
2025-12-31 20:30:57,263 - INFO - Early stopping at epoch 70
2025-12-31 20:30:58,052 - INFO - 
Fold 1 Test Results:
2025-12-31 20:30:58,052 - INFO - Accuracy: 0.6776
2025-12-31 20:30:58,052 - INFO - AUC: 0.6634
2025-12-31 20:30:58,052 - INFO - F1: 0.6592
2025-12-31 20:30:58,052 - INFO - 
==================================================
2025-12-31 20:30:58,052 - INFO - Training Fold 2/5
2025-12-31 20:30:58,052 - INFO - ==================================================
2025-12-31 20:30:58,236 - INFO - Model parameters: 6,420,512
2025-12-31 20:31:05,153 - INFO - Epoch 1: Train Loss=0.4211, Train Acc=0.4736, Val Loss=0.4116, Val Acc=0.4699, Val AUC=0.5022
2025-12-31 20:31:05,186 - INFO - Saved best model with Val AUC=0.5022
2025-12-31 20:31:11,744 - INFO - Epoch 2: Train Loss=0.4203, Train Acc=0.4853, Val Loss=0.4102, Val Acc=0.4699, Val AUC=0.4844
2025-12-31 20:31:18,631 - INFO - Epoch 3: Train Loss=0.4183, Train Acc=0.4951, Val Loss=0.4073, Val Acc=0.4699, Val AUC=0.4944
2025-12-31 20:31:25,329 - INFO - Epoch 4: Train Loss=0.4043, Train Acc=0.5460, Val Loss=0.4025, Val Acc=0.4809, Val AUC=0.5111
2025-12-31 20:31:25,362 - INFO - Saved best model with Val AUC=0.5111
2025-12-31 20:31:31,723 - INFO - Epoch 5: Train Loss=0.4054, Train Acc=0.5166, Val Loss=0.4007, Val Acc=0.4699, Val AUC=0.5487
2025-12-31 20:31:31,757 - INFO - Saved best model with Val AUC=0.5487
2025-12-31 20:31:38,325 - INFO - Epoch 6: Train Loss=0.4100, Train Acc=0.5108, Val Loss=0.3983, Val Acc=0.4699, Val AUC=0.5420
2025-12-31 20:31:44,942 - INFO - Epoch 7: Train Loss=0.3998, Train Acc=0.5401, Val Loss=0.3979, Val Acc=0.4481, Val AUC=0.4670
2025-12-31 20:31:51,131 - INFO - Epoch 8: Train Loss=0.3909, Train Acc=0.5499, Val Loss=0.3939, Val Acc=0.4973, Val AUC=0.5110
2025-12-31 20:31:57,540 - INFO - Epoch 9: Train Loss=0.3866, Train Acc=0.5871, Val Loss=0.3925, Val Acc=0.5246, Val AUC=0.5435
2025-12-31 20:32:03,936 - INFO - Epoch 10: Train Loss=0.3764, Train Acc=0.6008, Val Loss=0.3904, Val Acc=0.5683, Val AUC=0.5967
2025-12-31 20:32:03,975 - INFO - Saved best model with Val AUC=0.5967
2025-12-31 20:32:10,741 - INFO - Epoch 11: Train Loss=0.3870, Train Acc=0.5988, Val Loss=0.4174, Val Acc=0.5464, Val AUC=0.5925
2025-12-31 20:32:17,025 - INFO - Epoch 12: Train Loss=0.3711, Train Acc=0.6067, Val Loss=0.3981, Val Acc=0.5246, Val AUC=0.5692
2025-12-31 20:32:24,049 - INFO - Epoch 13: Train Loss=0.3687, Train Acc=0.6321, Val Loss=0.3942, Val Acc=0.4754, Val AUC=0.5198
2025-12-31 20:32:30,755 - INFO - Epoch 14: Train Loss=0.3647, Train Acc=0.6908, Val Loss=0.3866, Val Acc=0.5137, Val AUC=0.6260
2025-12-31 20:32:30,801 - INFO - Saved best model with Val AUC=0.6260
2025-12-31 20:32:38,231 - INFO - Epoch 15: Train Loss=0.3499, Train Acc=0.7143, Val Loss=0.3876, Val Acc=0.5847, Val AUC=0.6315
2025-12-31 20:32:38,265 - INFO - Saved best model with Val AUC=0.6315
2025-12-31 20:32:45,228 - INFO - Epoch 16: Train Loss=0.3399, Train Acc=0.7495, Val Loss=0.3818, Val Acc=0.6066, Val AUC=0.6815
2025-12-31 20:32:45,262 - INFO - Saved best model with Val AUC=0.6815
2025-12-31 20:32:51,848 - INFO - Epoch 17: Train Loss=0.3249, Train Acc=0.8434, Val Loss=0.3947, Val Acc=0.6667, Val AUC=0.6804
2025-12-31 20:32:58,542 - INFO - Epoch 18: Train Loss=0.3090, Train Acc=0.8415, Val Loss=0.4874, Val Acc=0.5683, Val AUC=0.6069
2025-12-31 20:33:04,941 - INFO - Epoch 19: Train Loss=0.3140, Train Acc=0.8337, Val Loss=0.4574, Val Acc=0.6284, Val AUC=0.6364
2025-12-31 20:33:12,053 - INFO - Epoch 20: Train Loss=0.2999, Train Acc=0.8728, Val Loss=0.4026, Val Acc=0.6393, Val AUC=0.7010
2025-12-31 20:33:12,151 - INFO - Saved best model with Val AUC=0.7010
2025-12-31 20:33:19,230 - INFO - Epoch 21: Train Loss=0.2898, Train Acc=0.9022, Val Loss=0.4891, Val Acc=0.5738, Val AUC=0.6287
2025-12-31 20:33:25,443 - INFO - Epoch 22: Train Loss=0.2831, Train Acc=0.9022, Val Loss=0.4757, Val Acc=0.6120, Val AUC=0.6630
2025-12-31 20:33:32,548 - INFO - Epoch 23: Train Loss=0.2771, Train Acc=0.9178, Val Loss=0.4671, Val Acc=0.6066, Val AUC=0.6314
2025-12-31 20:33:39,125 - INFO - Epoch 24: Train Loss=0.2747, Train Acc=0.9217, Val Loss=0.5239, Val Acc=0.6120, Val AUC=0.6784
2025-12-31 20:33:45,756 - INFO - Epoch 25: Train Loss=0.2661, Train Acc=0.9159, Val Loss=0.5302, Val Acc=0.5956, Val AUC=0.6480
2025-12-31 20:33:52,218 - INFO - Epoch 26: Train Loss=0.2548, Train Acc=0.9413, Val Loss=0.5899, Val Acc=0.6284, Val AUC=0.6687
2025-12-31 20:33:58,123 - INFO - Epoch 27: Train Loss=0.2545, Train Acc=0.9530, Val Loss=0.5025, Val Acc=0.6339, Val AUC=0.7173
2025-12-31 20:33:58,156 - INFO - Saved best model with Val AUC=0.7173
2025-12-31 20:34:04,639 - INFO - Epoch 28: Train Loss=0.2422, Train Acc=0.9569, Val Loss=0.6068, Val Acc=0.6503, Val AUC=0.6526
2025-12-31 20:34:11,528 - INFO - Epoch 29: Train Loss=0.2464, Train Acc=0.9530, Val Loss=0.6195, Val Acc=0.6393, Val AUC=0.6518
2025-12-31 20:34:18,230 - INFO - Epoch 30: Train Loss=0.2494, Train Acc=0.9550, Val Loss=0.6073, Val Acc=0.5847, Val AUC=0.6512
2025-12-31 20:34:24,946 - INFO - Epoch 31: Train Loss=0.2472, Train Acc=0.9511, Val Loss=0.6237, Val Acc=0.6120, Val AUC=0.6572
2025-12-31 20:34:31,346 - INFO - Epoch 32: Train Loss=0.2412, Train Acc=0.9609, Val Loss=0.5578, Val Acc=0.6120, Val AUC=0.6744
2025-12-31 20:34:37,525 - INFO - Epoch 33: Train Loss=0.2406, Train Acc=0.9628, Val Loss=0.5906, Val Acc=0.6175, Val AUC=0.6624
2025-12-31 20:34:43,829 - INFO - Epoch 34: Train Loss=0.2345, Train Acc=0.9667, Val Loss=0.5911, Val Acc=0.6448, Val AUC=0.6773
2025-12-31 20:34:50,042 - INFO - Epoch 35: Train Loss=0.2242, Train Acc=0.9785, Val Loss=0.6528, Val Acc=0.6230, Val AUC=0.6623
2025-12-31 20:34:56,246 - INFO - Epoch 36: Train Loss=0.2419, Train Acc=0.9648, Val Loss=0.6162, Val Acc=0.6284, Val AUC=0.6793
2025-12-31 20:35:04,824 - INFO - Epoch 37: Train Loss=0.2205, Train Acc=0.9804, Val Loss=0.6076, Val Acc=0.6503, Val AUC=0.6852
2025-12-31 20:35:11,851 - INFO - Epoch 38: Train Loss=0.2295, Train Acc=0.9609, Val Loss=0.6128, Val Acc=0.5792, Val AUC=0.6566
2025-12-31 20:35:33,755 - INFO - Epoch 39: Train Loss=0.2193, Train Acc=0.9804, Val Loss=0.6074, Val Acc=0.6011, Val AUC=0.6382
2025-12-31 20:35:41,631 - INFO - Epoch 40: Train Loss=0.2177, Train Acc=0.9726, Val Loss=0.6185, Val Acc=0.5956, Val AUC=0.6464
2025-12-31 20:35:48,644 - INFO - Epoch 41: Train Loss=0.2201, Train Acc=0.9785, Val Loss=0.5820, Val Acc=0.6175, Val AUC=0.6950
2025-12-31 20:35:55,332 - INFO - Epoch 42: Train Loss=0.2226, Train Acc=0.9687, Val Loss=0.6581, Val Acc=0.5956, Val AUC=0.6290
2025-12-31 20:36:02,028 - INFO - Epoch 43: Train Loss=0.2157, Train Acc=0.9746, Val Loss=0.5613, Val Acc=0.6339, Val AUC=0.6695
2025-12-31 20:36:08,149 - INFO - Epoch 44: Train Loss=0.2013, Train Acc=0.9883, Val Loss=0.5656, Val Acc=0.6721, Val AUC=0.7136
2025-12-31 20:36:14,244 - INFO - Epoch 45: Train Loss=0.2112, Train Acc=0.9785, Val Loss=0.6031, Val Acc=0.6667, Val AUC=0.6913
2025-12-31 20:36:20,533 - INFO - Epoch 46: Train Loss=0.2225, Train Acc=0.9687, Val Loss=0.5898, Val Acc=0.6175, Val AUC=0.7032
2025-12-31 20:36:26,547 - INFO - Epoch 47: Train Loss=0.2169, Train Acc=0.9628, Val Loss=0.5640, Val Acc=0.6066, Val AUC=0.6898
2025-12-31 20:36:32,353 - INFO - Epoch 48: Train Loss=0.2093, Train Acc=0.9706, Val Loss=0.5807, Val Acc=0.6339, Val AUC=0.7051
2025-12-31 20:36:38,642 - INFO - Epoch 49: Train Loss=0.1984, Train Acc=0.9863, Val Loss=0.6233, Val Acc=0.6339, Val AUC=0.7008
2025-12-31 20:36:43,841 - INFO - Epoch 50: Train Loss=0.2125, Train Acc=0.9667, Val Loss=0.5484, Val Acc=0.6066, Val AUC=0.6899
2025-12-31 20:36:49,442 - INFO - Epoch 51: Train Loss=0.2054, Train Acc=0.9648, Val Loss=0.5974, Val Acc=0.6284, Val AUC=0.6877
2025-12-31 20:36:55,022 - INFO - Epoch 52: Train Loss=0.2125, Train Acc=0.9706, Val Loss=0.5638, Val Acc=0.6393, Val AUC=0.7115
2025-12-31 20:37:00,744 - INFO - Epoch 53: Train Loss=0.1990, Train Acc=0.9765, Val Loss=0.5777, Val Acc=0.6339, Val AUC=0.6949
2025-12-31 20:37:06,742 - INFO - Epoch 54: Train Loss=0.1915, Train Acc=0.9765, Val Loss=0.6373, Val Acc=0.6503, Val AUC=0.6995
2025-12-31 20:37:12,324 - INFO - Epoch 55: Train Loss=0.1972, Train Acc=0.9785, Val Loss=0.6206, Val Acc=0.6066, Val AUC=0.6810
2025-12-31 20:37:18,819 - INFO - Epoch 56: Train Loss=0.1858, Train Acc=0.9922, Val Loss=0.5645, Val Acc=0.6339, Val AUC=0.6962
2025-12-31 20:37:25,946 - INFO - Epoch 57: Train Loss=0.1860, Train Acc=0.9883, Val Loss=0.6240, Val Acc=0.6339, Val AUC=0.6986
2025-12-31 20:37:25,946 - INFO - Early stopping at epoch 57
2025-12-31 20:37:26,628 - INFO - 
Fold 2 Test Results:
2025-12-31 20:37:26,628 - INFO - Accuracy: 0.6441
2025-12-31 20:37:26,628 - INFO - AUC: 0.6859
2025-12-31 20:37:26,628 - INFO - F1: 0.6439
2025-12-31 20:37:26,628 - INFO - 
==================================================
2025-12-31 20:37:26,628 - INFO - Training Fold 3/5
2025-12-31 20:37:26,628 - INFO - ==================================================
2025-12-31 20:37:26,742 - INFO - Model parameters: 6,420,512
2025-12-31 20:37:33,643 - INFO - Epoch 1: Train Loss=0.4226, Train Acc=0.5156, Val Loss=0.3995, Val Acc=0.5301, Val AUC=0.5149
2025-12-31 20:37:33,679 - INFO - Saved best model with Val AUC=0.5149
2025-12-31 20:37:39,824 - INFO - Epoch 2: Train Loss=0.4219, Train Acc=0.4475, Val Loss=0.3989, Val Acc=0.5301, Val AUC=0.5609
2025-12-31 20:37:39,857 - INFO - Saved best model with Val AUC=0.5609
2025-12-31 20:37:47,425 - INFO - Epoch 3: Train Loss=0.4259, Train Acc=0.4942, Val Loss=0.3973, Val Acc=0.5301, Val AUC=0.5925
2025-12-31 20:37:47,460 - INFO - Saved best model with Val AUC=0.5925
2025-12-31 20:37:53,940 - INFO - Epoch 4: Train Loss=0.4086, Train Acc=0.5311, Val Loss=0.3956, Val Acc=0.5246, Val AUC=0.6024
2025-12-31 20:37:53,976 - INFO - Saved best model with Val AUC=0.6024
2025-12-31 20:38:00,825 - INFO - Epoch 5: Train Loss=0.4080, Train Acc=0.5000, Val Loss=0.3938, Val Acc=0.5738, Val AUC=0.5746
2025-12-31 20:38:07,228 - INFO - Epoch 6: Train Loss=0.4040, Train Acc=0.5564, Val Loss=0.3946, Val Acc=0.5137, Val AUC=0.5429
2025-12-31 20:38:13,726 - INFO - Epoch 7: Train Loss=0.4005, Train Acc=0.5097, Val Loss=0.3900, Val Acc=0.5410, Val AUC=0.5693
2025-12-31 20:38:20,642 - INFO - Epoch 8: Train Loss=0.3928, Train Acc=0.4981, Val Loss=0.3854, Val Acc=0.5464, Val AUC=0.6160
2025-12-31 20:38:20,675 - INFO - Saved best model with Val AUC=0.6160
2025-12-31 20:38:27,530 - INFO - Epoch 9: Train Loss=0.3972, Train Acc=0.5506, Val Loss=0.3826, Val Acc=0.6230, Val AUC=0.6411
2025-12-31 20:38:27,565 - INFO - Saved best model with Val AUC=0.6411
2025-12-31 20:38:34,426 - INFO - Epoch 10: Train Loss=0.3824, Train Acc=0.5214, Val Loss=0.3803, Val Acc=0.5628, Val AUC=0.5875
2025-12-31 20:38:41,627 - INFO - Epoch 11: Train Loss=0.3766, Train Acc=0.5564, Val Loss=0.3702, Val Acc=0.6175, Val AUC=0.6092
2025-12-31 20:38:48,447 - INFO - Epoch 12: Train Loss=0.3648, Train Acc=0.5739, Val Loss=0.3716, Val Acc=0.5410, Val AUC=0.5880
2025-12-31 20:38:55,228 - INFO - Epoch 13: Train Loss=0.3663, Train Acc=0.6323, Val Loss=0.3633, Val Acc=0.6066, Val AUC=0.6335
2025-12-31 20:39:01,728 - INFO - Epoch 14: Train Loss=0.3565, Train Acc=0.6732, Val Loss=0.3738, Val Acc=0.5519, Val AUC=0.5747
2025-12-31 20:39:08,825 - INFO - Epoch 15: Train Loss=0.3375, Train Acc=0.7315, Val Loss=0.3790, Val Acc=0.5902, Val AUC=0.5887
2025-12-31 20:39:15,932 - INFO - Epoch 16: Train Loss=0.3415, Train Acc=0.7743, Val Loss=0.3875, Val Acc=0.6120, Val AUC=0.6391
2025-12-31 20:39:22,226 - INFO - Epoch 17: Train Loss=0.3010, Train Acc=0.8444, Val Loss=0.4230, Val Acc=0.6284, Val AUC=0.6666
2025-12-31 20:39:22,261 - INFO - Saved best model with Val AUC=0.6666
2025-12-31 20:39:29,125 - INFO - Epoch 18: Train Loss=0.3035, Train Acc=0.8696, Val Loss=0.4796, Val Acc=0.5519, Val AUC=0.6198
2025-12-31 20:39:35,640 - INFO - Epoch 19: Train Loss=0.2710, Train Acc=0.8872, Val Loss=0.4553, Val Acc=0.5792, Val AUC=0.6320
2025-12-31 20:39:42,934 - INFO - Epoch 20: Train Loss=0.3117, Train Acc=0.9222, Val Loss=0.5938, Val Acc=0.5519, Val AUC=0.6134
2025-12-31 20:39:49,525 - INFO - Epoch 21: Train Loss=0.3550, Train Acc=0.9241, Val Loss=0.5294, Val Acc=0.5792, Val AUC=0.6187
2025-12-31 20:39:56,243 - INFO - Epoch 22: Train Loss=0.2935, Train Acc=0.9339, Val Loss=0.4819, Val Acc=0.5956, Val AUC=0.6168
2025-12-31 20:40:02,950 - INFO - Epoch 23: Train Loss=0.2516, Train Acc=0.9202, Val Loss=0.5100, Val Acc=0.6284, Val AUC=0.6729
2025-12-31 20:40:02,984 - INFO - Saved best model with Val AUC=0.6729
2025-12-31 20:40:09,333 - INFO - Epoch 24: Train Loss=0.2878, Train Acc=0.9475, Val Loss=0.5160, Val Acc=0.6448, Val AUC=0.6814
2025-12-31 20:40:09,372 - INFO - Saved best model with Val AUC=0.6814
2025-12-31 20:40:16,633 - INFO - Epoch 25: Train Loss=0.2265, Train Acc=0.9591, Val Loss=0.6020, Val Acc=0.6230, Val AUC=0.6750
2025-12-31 20:40:23,128 - INFO - Epoch 26: Train Loss=0.2647, Train Acc=0.9514, Val Loss=0.5693, Val Acc=0.6175, Val AUC=0.6703
2025-12-31 20:40:29,925 - INFO - Epoch 27: Train Loss=0.3249, Train Acc=0.9611, Val Loss=0.6085, Val Acc=0.6393, Val AUC=0.6948
2025-12-31 20:40:29,960 - INFO - Saved best model with Val AUC=0.6948
2025-12-31 20:40:36,541 - INFO - Epoch 28: Train Loss=0.2321, Train Acc=0.9514, Val Loss=0.6433, Val Acc=0.6120, Val AUC=0.6733
2025-12-31 20:40:43,141 - INFO - Epoch 29: Train Loss=0.2332, Train Acc=0.9591, Val Loss=0.8728, Val Acc=0.5956, Val AUC=0.6508
2025-12-31 20:40:49,927 - INFO - Epoch 30: Train Loss=0.3818, Train Acc=0.9436, Val Loss=0.5385, Val Acc=0.6557, Val AUC=0.6851
2025-12-31 20:40:56,341 - INFO - Epoch 31: Train Loss=0.3049, Train Acc=0.9416, Val Loss=0.5931, Val Acc=0.6011, Val AUC=0.6676
2025-12-31 20:41:03,850 - INFO - Epoch 32: Train Loss=0.2519, Train Acc=0.9844, Val Loss=0.6001, Val Acc=0.6120, Val AUC=0.6512
2025-12-31 20:41:11,438 - INFO - Epoch 33: Train Loss=0.2098, Train Acc=0.9805, Val Loss=0.5629, Val Acc=0.6284, Val AUC=0.6719
2025-12-31 20:41:19,140 - INFO - Epoch 34: Train Loss=0.2110, Train Acc=0.9883, Val Loss=0.5951, Val Acc=0.6393, Val AUC=0.6781
2025-12-31 20:41:26,422 - INFO - Epoch 35: Train Loss=0.2273, Train Acc=0.9786, Val Loss=0.6481, Val Acc=0.5956, Val AUC=0.6705
2025-12-31 20:41:33,441 - INFO - Epoch 36: Train Loss=0.2166, Train Acc=0.9689, Val Loss=0.6321, Val Acc=0.6339, Val AUC=0.7095
2025-12-31 20:41:33,475 - INFO - Saved best model with Val AUC=0.7095
2025-12-31 20:41:40,742 - INFO - Epoch 37: Train Loss=0.2541, Train Acc=0.9689, Val Loss=0.6913, Val Acc=0.5956, Val AUC=0.6352
2025-12-31 20:41:48,725 - INFO - Epoch 38: Train Loss=0.3240, Train Acc=0.9708, Val Loss=0.6536, Val Acc=0.6339, Val AUC=0.6974
2025-12-31 20:41:55,742 - INFO - Epoch 39: Train Loss=0.2041, Train Acc=0.9805, Val Loss=0.5450, Val Acc=0.6503, Val AUC=0.6930
2025-12-31 20:42:02,241 - INFO - Epoch 40: Train Loss=0.2022, Train Acc=0.9825, Val Loss=0.6153, Val Acc=0.6557, Val AUC=0.6911
2025-12-31 20:42:09,430 - INFO - Epoch 41: Train Loss=0.1897, Train Acc=0.9942, Val Loss=0.5305, Val Acc=0.6175, Val AUC=0.6925
2025-12-31 20:42:16,552 - INFO - Epoch 42: Train Loss=0.1960, Train Acc=0.9864, Val Loss=0.5572, Val Acc=0.6339, Val AUC=0.7098
2025-12-31 20:42:16,585 - INFO - Saved best model with Val AUC=0.7098
2025-12-31 20:42:23,420 - INFO - Epoch 43: Train Loss=0.2631, Train Acc=0.9786, Val Loss=0.5560, Val Acc=0.6612, Val AUC=0.7184
2025-12-31 20:42:23,453 - INFO - Saved best model with Val AUC=0.7184
2025-12-31 20:42:30,730 - INFO - Epoch 44: Train Loss=0.2074, Train Acc=0.9747, Val Loss=0.6363, Val Acc=0.6503, Val AUC=0.7258
2025-12-31 20:42:30,763 - INFO - Saved best model with Val AUC=0.7258
2025-12-31 20:42:38,041 - INFO - Epoch 45: Train Loss=0.2519, Train Acc=0.9844, Val Loss=0.6128, Val Acc=0.6448, Val AUC=0.7370
2025-12-31 20:42:38,075 - INFO - Saved best model with Val AUC=0.7370
2025-12-31 20:42:45,225 - INFO - Epoch 46: Train Loss=0.2063, Train Acc=0.9728, Val Loss=0.5583, Val Acc=0.6503, Val AUC=0.7350
2025-12-31 20:42:52,040 - INFO - Epoch 47: Train Loss=0.2582, Train Acc=0.9961, Val Loss=0.5586, Val Acc=0.6448, Val AUC=0.7273
2025-12-31 20:42:58,531 - INFO - Epoch 48: Train Loss=0.2816, Train Acc=0.9844, Val Loss=0.5653, Val Acc=0.6667, Val AUC=0.7269
2025-12-31 20:43:05,247 - INFO - Epoch 49: Train Loss=0.1923, Train Acc=0.9903, Val Loss=0.6067, Val Acc=0.6339, Val AUC=0.7251
2025-12-31 20:43:12,447 - INFO - Epoch 50: Train Loss=0.2345, Train Acc=0.9883, Val Loss=0.6447, Val Acc=0.6284, Val AUC=0.6938
2025-12-31 20:43:19,343 - INFO - Epoch 51: Train Loss=0.2548, Train Acc=0.9942, Val Loss=0.7069, Val Acc=0.6120, Val AUC=0.6833
2025-12-31 20:43:25,941 - INFO - Epoch 52: Train Loss=0.2269, Train Acc=0.9708, Val Loss=0.7979, Val Acc=0.5902, Val AUC=0.6767
2025-12-31 20:43:33,230 - INFO - Epoch 53: Train Loss=0.2501, Train Acc=0.9767, Val Loss=0.6109, Val Acc=0.6339, Val AUC=0.7088
2025-12-31 20:43:39,631 - INFO - Epoch 54: Train Loss=0.1917, Train Acc=0.9844, Val Loss=0.5591, Val Acc=0.6831, Val AUC=0.7185
2025-12-31 20:43:46,541 - INFO - Epoch 55: Train Loss=0.2132, Train Acc=0.9883, Val Loss=0.6476, Val Acc=0.6503, Val AUC=0.6864
2025-12-31 20:43:54,242 - INFO - Epoch 56: Train Loss=0.2273, Train Acc=0.9805, Val Loss=0.7129, Val Acc=0.6557, Val AUC=0.6701
2025-12-31 20:44:01,227 - INFO - Epoch 57: Train Loss=0.2316, Train Acc=0.9825, Val Loss=0.6970, Val Acc=0.6120, Val AUC=0.6664
2025-12-31 20:44:07,942 - INFO - Epoch 58: Train Loss=0.1916, Train Acc=0.9728, Val Loss=0.5401, Val Acc=0.6448, Val AUC=0.7098
2025-12-31 20:44:15,721 - INFO - Epoch 59: Train Loss=0.2058, Train Acc=0.9883, Val Loss=0.5584, Val Acc=0.6120, Val AUC=0.6653
2025-12-31 20:44:23,226 - INFO - Epoch 60: Train Loss=0.1936, Train Acc=0.9786, Val Loss=0.6004, Val Acc=0.6339, Val AUC=0.6645
2025-12-31 20:44:30,228 - INFO - Epoch 61: Train Loss=0.1858, Train Acc=0.9903, Val Loss=0.5927, Val Acc=0.6448, Val AUC=0.6676
2025-12-31 20:44:37,027 - INFO - Epoch 62: Train Loss=0.2333, Train Acc=0.9786, Val Loss=0.7123, Val Acc=0.5902, Val AUC=0.6484
2025-12-31 20:44:43,728 - INFO - Epoch 63: Train Loss=0.1882, Train Acc=0.9844, Val Loss=0.5733, Val Acc=0.5847, Val AUC=0.6614
2025-12-31 20:44:51,239 - INFO - Epoch 64: Train Loss=0.2183, Train Acc=0.9922, Val Loss=0.5568, Val Acc=0.6393, Val AUC=0.7148
2025-12-31 20:44:58,250 - INFO - Epoch 65: Train Loss=0.1707, Train Acc=0.9922, Val Loss=0.5621, Val Acc=0.6503, Val AUC=0.6916
2025-12-31 20:45:05,426 - INFO - Epoch 66: Train Loss=0.1662, Train Acc=0.9981, Val Loss=0.6081, Val Acc=0.6066, Val AUC=0.6826
2025-12-31 20:45:12,844 - INFO - Epoch 67: Train Loss=0.1651, Train Acc=0.9922, Val Loss=0.5780, Val Acc=0.6557, Val AUC=0.6988
2025-12-31 20:45:19,251 - INFO - Epoch 68: Train Loss=0.2357, Train Acc=0.9981, Val Loss=0.6353, Val Acc=0.6339, Val AUC=0.6835
2025-12-31 20:45:26,239 - INFO - Epoch 69: Train Loss=0.2480, Train Acc=0.9922, Val Loss=0.6664, Val Acc=0.6503, Val AUC=0.6894
2025-12-31 20:45:33,355 - INFO - Epoch 70: Train Loss=0.1946, Train Acc=0.9961, Val Loss=0.7037, Val Acc=0.6667, Val AUC=0.7095
2025-12-31 20:45:40,941 - INFO - Epoch 71: Train Loss=0.1680, Train Acc=0.9903, Val Loss=0.7324, Val Acc=0.6393, Val AUC=0.6760
2025-12-31 20:45:48,530 - INFO - Epoch 72: Train Loss=0.1659, Train Acc=0.9922, Val Loss=0.5940, Val Acc=0.5792, Val AUC=0.6826
2025-12-31 20:45:55,629 - INFO - Epoch 73: Train Loss=0.1552, Train Acc=1.0000, Val Loss=0.6282, Val Acc=0.6066, Val AUC=0.6653
2025-12-31 20:46:02,734 - INFO - Epoch 74: Train Loss=0.2012, Train Acc=0.9922, Val Loss=0.6330, Val Acc=0.6230, Val AUC=0.7020
2025-12-31 20:46:09,839 - INFO - Epoch 75: Train Loss=0.1662, Train Acc=0.9961, Val Loss=0.6737, Val Acc=0.6120, Val AUC=0.6789
2025-12-31 20:46:09,839 - INFO - Early stopping at epoch 75
2025-12-31 20:46:10,436 - INFO - 
Fold 3 Test Results:
2025-12-31 20:46:10,436 - INFO - Accuracy: 0.6667
2025-12-31 20:46:10,436 - INFO - AUC: 0.6965
2025-12-31 20:46:10,436 - INFO - F1: 0.6671
2025-12-31 20:46:10,437 - INFO - 
==================================================
2025-12-31 20:46:10,437 - INFO - Training Fold 4/5
2025-12-31 20:46:10,437 - INFO - ==================================================
2025-12-31 20:46:10,549 - INFO - Model parameters: 6,420,512
2025-12-31 20:46:17,930 - INFO - Epoch 1: Train Loss=0.4346, Train Acc=0.5541, Val Loss=0.3972, Val Acc=0.5301, Val AUC=0.5168
2025-12-31 20:46:17,965 - INFO - Saved best model with Val AUC=0.5168
2025-12-31 20:46:24,625 - INFO - Epoch 2: Train Loss=0.4484, Train Acc=0.5232, Val Loss=0.3969, Val Acc=0.5301, Val AUC=0.5152
2025-12-31 20:46:31,631 - INFO - Epoch 3: Train Loss=0.4222, Train Acc=0.5328, Val Loss=0.3967, Val Acc=0.5137, Val AUC=0.5316
2025-12-31 20:46:31,666 - INFO - Saved best model with Val AUC=0.5316
2025-12-31 20:46:38,628 - INFO - Epoch 4: Train Loss=0.4058, Train Acc=0.5579, Val Loss=0.3975, Val Acc=0.5027, Val AUC=0.4890
2025-12-31 20:46:45,949 - INFO - Epoch 5: Train Loss=0.4098, Train Acc=0.5463, Val Loss=0.3935, Val Acc=0.5410, Val AUC=0.5970
2025-12-31 20:46:45,983 - INFO - Saved best model with Val AUC=0.5970
2025-12-31 20:46:53,230 - INFO - Epoch 6: Train Loss=0.4071, Train Acc=0.5058, Val Loss=0.3908, Val Acc=0.5902, Val AUC=0.6178
2025-12-31 20:46:53,264 - INFO - Saved best model with Val AUC=0.6178
2025-12-31 20:47:00,243 - INFO - Epoch 7: Train Loss=0.4016, Train Acc=0.5000, Val Loss=0.3917, Val Acc=0.5464, Val AUC=0.5611
2025-12-31 20:47:06,725 - INFO - Epoch 8: Train Loss=0.4049, Train Acc=0.5193, Val Loss=0.3893, Val Acc=0.5355, Val AUC=0.5803
2025-12-31 20:47:13,646 - INFO - Epoch 9: Train Loss=0.4012, Train Acc=0.5154, Val Loss=0.3892, Val Acc=0.5082, Val AUC=0.4995
2025-12-31 20:47:20,726 - INFO - Epoch 10: Train Loss=0.3898, Train Acc=0.5270, Val Loss=0.3861, Val Acc=0.5301, Val AUC=0.5085
2025-12-31 20:47:27,541 - INFO - Epoch 11: Train Loss=0.3901, Train Acc=0.5193, Val Loss=0.3833, Val Acc=0.5082, Val AUC=0.5574
2025-12-31 20:47:35,443 - INFO - Epoch 12: Train Loss=0.3863, Train Acc=0.5367, Val Loss=0.3789, Val Acc=0.5410, Val AUC=0.5084
2025-12-31 20:47:42,332 - INFO - Epoch 13: Train Loss=0.3824, Train Acc=0.5734, Val Loss=0.3801, Val Acc=0.5082, Val AUC=0.4776
2025-12-31 20:47:48,946 - INFO - Epoch 14: Train Loss=0.3769, Train Acc=0.5483, Val Loss=0.3739, Val Acc=0.5301, Val AUC=0.5736
2025-12-31 20:47:56,032 - INFO - Epoch 15: Train Loss=0.3726, Train Acc=0.5116, Val Loss=0.3712, Val Acc=0.5246, Val AUC=0.5273
2025-12-31 20:48:02,539 - INFO - Epoch 16: Train Loss=0.3718, Train Acc=0.5463, Val Loss=0.3738, Val Acc=0.5137, Val AUC=0.5188
2025-12-31 20:48:09,323 - INFO - Epoch 17: Train Loss=0.3678, Train Acc=0.5598, Val Loss=0.3666, Val Acc=0.5246, Val AUC=0.5203
2025-12-31 20:48:16,245 - INFO - Epoch 18: Train Loss=0.3631, Train Acc=0.5985, Val Loss=0.3666, Val Acc=0.5410, Val AUC=0.5471
2025-12-31 20:48:24,044 - INFO - Epoch 19: Train Loss=0.3566, Train Acc=0.6236, Val Loss=0.3614, Val Acc=0.6011, Val AUC=0.6098
2025-12-31 20:48:30,947 - INFO - Epoch 20: Train Loss=0.3471, Train Acc=0.6757, Val Loss=0.3701, Val Acc=0.5683, Val AUC=0.6019
2025-12-31 20:48:39,042 - INFO - Epoch 21: Train Loss=0.3408, Train Acc=0.7027, Val Loss=0.3640, Val Acc=0.6284, Val AUC=0.6222
2025-12-31 20:48:39,076 - INFO - Saved best model with Val AUC=0.6222
2025-12-31 20:48:46,930 - INFO - Epoch 22: Train Loss=0.3312, Train Acc=0.7375, Val Loss=0.3536, Val Acc=0.6393, Val AUC=0.6507
2025-12-31 20:48:46,962 - INFO - Saved best model with Val AUC=0.6507
2025-12-31 20:48:54,550 - INFO - Epoch 23: Train Loss=0.3211, Train Acc=0.7857, Val Loss=0.3599, Val Acc=0.6448, Val AUC=0.6738
2025-12-31 20:48:54,649 - INFO - Saved best model with Val AUC=0.6738
2025-12-31 20:49:01,627 - INFO - Epoch 24: Train Loss=0.3065, Train Acc=0.7934, Val Loss=0.3806, Val Acc=0.6011, Val AUC=0.6316
2025-12-31 20:49:08,653 - INFO - Epoch 25: Train Loss=0.3058, Train Acc=0.8263, Val Loss=0.4159, Val Acc=0.6066, Val AUC=0.6247
2025-12-31 20:49:16,026 - INFO - Epoch 26: Train Loss=0.2983, Train Acc=0.8436, Val Loss=0.4051, Val Acc=0.6175, Val AUC=0.6447
2025-12-31 20:49:23,340 - INFO - Epoch 27: Train Loss=0.2945, Train Acc=0.8378, Val Loss=0.4116, Val Acc=0.5628, Val AUC=0.6434
2025-12-31 20:49:31,044 - INFO - Epoch 28: Train Loss=0.2831, Train Acc=0.8803, Val Loss=0.4079, Val Acc=0.6066, Val AUC=0.6513
2025-12-31 20:49:39,043 - INFO - Epoch 29: Train Loss=0.2799, Train Acc=0.8668, Val Loss=0.4149, Val Acc=0.6011, Val AUC=0.6371
2025-12-31 20:49:46,052 - INFO - Epoch 30: Train Loss=0.2597, Train Acc=0.9112, Val Loss=0.4163, Val Acc=0.6393, Val AUC=0.6773
2025-12-31 20:49:46,086 - INFO - Saved best model with Val AUC=0.6773
2025-12-31 20:49:53,122 - INFO - Epoch 31: Train Loss=0.2405, Train Acc=0.9266, Val Loss=0.4350, Val Acc=0.6721, Val AUC=0.6988
2025-12-31 20:49:53,157 - INFO - Saved best model with Val AUC=0.6988
2025-12-31 20:50:00,126 - INFO - Epoch 32: Train Loss=0.2495, Train Acc=0.9286, Val Loss=0.4625, Val Acc=0.6776, Val AUC=0.7079
2025-12-31 20:50:00,160 - INFO - Saved best model with Val AUC=0.7079
2025-12-31 20:50:07,239 - INFO - Epoch 33: Train Loss=0.2489, Train Acc=0.9286, Val Loss=0.4267, Val Acc=0.6667, Val AUC=0.6923
2025-12-31 20:50:14,425 - INFO - Epoch 34: Train Loss=0.2251, Train Acc=0.9556, Val Loss=0.4386, Val Acc=0.6667, Val AUC=0.6932
2025-12-31 20:50:22,245 - INFO - Epoch 35: Train Loss=0.2313, Train Acc=0.9344, Val Loss=0.4715, Val Acc=0.6612, Val AUC=0.7003
2025-12-31 20:50:30,425 - INFO - Epoch 36: Train Loss=0.2608, Train Acc=0.9459, Val Loss=0.5300, Val Acc=0.6503, Val AUC=0.7105
2025-12-31 20:50:30,459 - INFO - Saved best model with Val AUC=0.7105
2025-12-31 20:50:37,943 - INFO - Epoch 37: Train Loss=0.2413, Train Acc=0.9479, Val Loss=0.4420, Val Acc=0.6503, Val AUC=0.7196
2025-12-31 20:50:37,976 - INFO - Saved best model with Val AUC=0.7196
2025-12-31 20:50:44,753 - INFO - Epoch 38: Train Loss=0.2208, Train Acc=0.9575, Val Loss=0.5360, Val Acc=0.6339, Val AUC=0.6763
2025-12-31 20:50:51,522 - INFO - Epoch 39: Train Loss=0.2566, Train Acc=0.9498, Val Loss=0.5106, Val Acc=0.6612, Val AUC=0.6853
2025-12-31 20:50:58,926 - INFO - Epoch 40: Train Loss=0.2295, Train Acc=0.9382, Val Loss=0.5087, Val Acc=0.6448, Val AUC=0.6792
2025-12-31 20:51:05,844 - INFO - Epoch 41: Train Loss=0.2199, Train Acc=0.9517, Val Loss=0.5174, Val Acc=0.6230, Val AUC=0.6817
2025-12-31 20:51:13,554 - INFO - Epoch 42: Train Loss=0.2733, Train Acc=0.9286, Val Loss=0.5836, Val Acc=0.6066, Val AUC=0.6474
2025-12-31 20:51:20,241 - INFO - Epoch 43: Train Loss=0.2174, Train Acc=0.9614, Val Loss=0.5022, Val Acc=0.6831, Val AUC=0.7112
2025-12-31 20:51:26,453 - INFO - Epoch 44: Train Loss=0.2280, Train Acc=0.9305, Val Loss=0.5052, Val Acc=0.6667, Val AUC=0.6690
2025-12-31 20:51:32,929 - INFO - Epoch 45: Train Loss=0.2214, Train Acc=0.9556, Val Loss=0.5706, Val Acc=0.6339, Val AUC=0.6455
2025-12-31 20:51:38,047 - INFO - Epoch 46: Train Loss=0.2273, Train Acc=0.9575, Val Loss=0.5413, Val Acc=0.6339, Val AUC=0.6612
2025-12-31 20:51:43,740 - INFO - Epoch 47: Train Loss=0.2158, Train Acc=0.9614, Val Loss=0.5646, Val Acc=0.6557, Val AUC=0.6786
2025-12-31 20:51:49,449 - INFO - Epoch 48: Train Loss=0.2049, Train Acc=0.9614, Val Loss=0.5694, Val Acc=0.6721, Val AUC=0.6774
2025-12-31 20:51:55,325 - INFO - Epoch 49: Train Loss=0.2076, Train Acc=0.9595, Val Loss=0.5087, Val Acc=0.6831, Val AUC=0.6851
2025-12-31 20:52:01,042 - INFO - Epoch 50: Train Loss=0.2098, Train Acc=0.9633, Val Loss=0.5916, Val Acc=0.6448, Val AUC=0.6685
2025-12-31 20:52:06,841 - INFO - Epoch 51: Train Loss=0.2233, Train Acc=0.9653, Val Loss=0.4658, Val Acc=0.6940, Val AUC=0.7183
2025-12-31 20:52:13,139 - INFO - Epoch 52: Train Loss=0.2487, Train Acc=0.9498, Val Loss=0.5874, Val Acc=0.6175, Val AUC=0.6667
2025-12-31 20:52:19,927 - INFO - Epoch 53: Train Loss=0.2085, Train Acc=0.9595, Val Loss=0.5011, Val Acc=0.6612, Val AUC=0.6994
2025-12-31 20:52:26,541 - INFO - Epoch 54: Train Loss=0.2088, Train Acc=0.9498, Val Loss=0.5437, Val Acc=0.6230, Val AUC=0.6763
2025-12-31 20:52:33,139 - INFO - Epoch 55: Train Loss=0.2128, Train Acc=0.9440, Val Loss=0.5412, Val Acc=0.6393, Val AUC=0.6850
2025-12-31 20:52:39,941 - INFO - Epoch 56: Train Loss=0.2021, Train Acc=0.9614, Val Loss=0.5989, Val Acc=0.6503, Val AUC=0.6760
2025-12-31 20:52:47,344 - INFO - Epoch 57: Train Loss=0.2073, Train Acc=0.9710, Val Loss=0.5868, Val Acc=0.6339, Val AUC=0.6786
2025-12-31 20:52:58,141 - INFO - Epoch 58: Train Loss=0.1895, Train Acc=0.9788, Val Loss=0.5575, Val Acc=0.6557, Val AUC=0.7052
2025-12-31 20:53:05,644 - INFO - Epoch 59: Train Loss=0.1840, Train Acc=0.9730, Val Loss=0.5118, Val Acc=0.6339, Val AUC=0.6895
2025-12-31 20:53:12,330 - INFO - Epoch 60: Train Loss=0.2232, Train Acc=0.9595, Val Loss=0.5433, Val Acc=0.6612, Val AUC=0.6942
2025-12-31 20:53:18,550 - INFO - Epoch 61: Train Loss=0.1842, Train Acc=0.9826, Val Loss=0.5384, Val Acc=0.6339, Val AUC=0.7093
2025-12-31 20:53:25,525 - INFO - Epoch 62: Train Loss=0.1784, Train Acc=0.9961, Val Loss=0.6094, Val Acc=0.6448, Val AUC=0.7052
2025-12-31 20:53:32,342 - INFO - Epoch 63: Train Loss=0.1726, Train Acc=0.9942, Val Loss=0.6631, Val Acc=0.6503, Val AUC=0.7073
2025-12-31 20:53:38,546 - INFO - Epoch 64: Train Loss=0.2356, Train Acc=0.9710, Val Loss=0.6226, Val Acc=0.6284, Val AUC=0.6970
2025-12-31 20:53:45,132 - INFO - Epoch 65: Train Loss=0.2041, Train Acc=0.9730, Val Loss=0.6147, Val Acc=0.6339, Val AUC=0.7002
2025-12-31 20:53:51,623 - INFO - Epoch 66: Train Loss=0.1940, Train Acc=0.9730, Val Loss=0.6357, Val Acc=0.6230, Val AUC=0.6860
2025-12-31 20:53:58,043 - INFO - Epoch 67: Train Loss=0.2106, Train Acc=0.9672, Val Loss=0.5439, Val Acc=0.6284, Val AUC=0.6856
2025-12-31 20:53:58,043 - INFO - Early stopping at epoch 67
2025-12-31 20:53:58,630 - INFO - 
Fold 4 Test Results:
2025-12-31 20:53:58,631 - INFO - Accuracy: 0.6294
2025-12-31 20:53:58,631 - INFO - AUC: 0.6723
2025-12-31 20:53:58,631 - INFO - F1: 0.6292
2025-12-31 20:53:58,631 - INFO - 
==================================================
2025-12-31 20:53:58,631 - INFO - Training Fold 5/5
2025-12-31 20:53:58,631 - INFO - ==================================================
2025-12-31 20:53:58,748 - INFO - Model parameters: 6,420,512
2025-12-31 20:54:06,150 - INFO - Epoch 1: Train Loss=0.4133, Train Acc=0.5163, Val Loss=0.3955, Val Acc=0.4863, Val AUC=0.4476
2025-12-31 20:54:06,224 - INFO - Saved best model with Val AUC=0.4476
2025-12-31 20:54:12,831 - INFO - Epoch 2: Train Loss=0.4116, Train Acc=0.4837, Val Loss=0.3955, Val Acc=0.4973, Val AUC=0.4666
2025-12-31 20:54:12,864 - INFO - Saved best model with Val AUC=0.4666
2025-12-31 20:54:19,242 - INFO - Epoch 3: Train Loss=0.4112, Train Acc=0.5182, Val Loss=0.3941, Val Acc=0.5246, Val AUC=0.5223
2025-12-31 20:54:19,275 - INFO - Saved best model with Val AUC=0.5223
2025-12-31 20:54:25,725 - INFO - Epoch 4: Train Loss=0.4139, Train Acc=0.5163, Val Loss=0.3927, Val Acc=0.5355, Val AUC=0.5349
2025-12-31 20:54:25,759 - INFO - Saved best model with Val AUC=0.5349
2025-12-31 20:54:32,825 - INFO - Epoch 5: Train Loss=0.4149, Train Acc=0.4952, Val Loss=0.3938, Val Acc=0.5191, Val AUC=0.4977
2025-12-31 20:54:39,628 - INFO - Epoch 6: Train Loss=0.4037, Train Acc=0.5432, Val Loss=0.3919, Val Acc=0.5574, Val AUC=0.5356
2025-12-31 20:54:39,669 - INFO - Saved best model with Val AUC=0.5356
2025-12-31 20:54:46,332 - INFO - Epoch 7: Train Loss=0.4080, Train Acc=0.5010, Val Loss=0.3898, Val Acc=0.5246, Val AUC=0.5243
2025-12-31 20:54:53,146 - INFO - Epoch 8: Train Loss=0.3995, Train Acc=0.5182, Val Loss=0.3871, Val Acc=0.5191, Val AUC=0.5235
2025-12-31 20:54:59,827 - INFO - Epoch 9: Train Loss=0.4059, Train Acc=0.4856, Val Loss=0.3827, Val Acc=0.5738, Val AUC=0.5993
2025-12-31 20:54:59,860 - INFO - Saved best model with Val AUC=0.5993
2025-12-31 20:55:06,750 - INFO - Epoch 10: Train Loss=0.3903, Train Acc=0.5298, Val Loss=0.3794, Val Acc=0.5792, Val AUC=0.6109
2025-12-31 20:55:06,833 - INFO - Saved best model with Val AUC=0.6109
2025-12-31 20:55:13,331 - INFO - Epoch 11: Train Loss=0.3836, Train Acc=0.5489, Val Loss=0.3784, Val Acc=0.5683, Val AUC=0.6328
2025-12-31 20:55:13,364 - INFO - Saved best model with Val AUC=0.6328
2025-12-31 20:55:19,627 - INFO - Epoch 12: Train Loss=0.3790, Train Acc=0.5912, Val Loss=0.3750, Val Acc=0.5902, Val AUC=0.6344
2025-12-31 20:55:19,660 - INFO - Saved best model with Val AUC=0.6344
2025-12-31 20:55:26,724 - INFO - Epoch 13: Train Loss=0.3727, Train Acc=0.6008, Val Loss=0.3705, Val Acc=0.5902, Val AUC=0.6361
2025-12-31 20:55:26,757 - INFO - Saved best model with Val AUC=0.6361
2025-12-31 20:55:32,843 - INFO - Epoch 14: Train Loss=0.3548, Train Acc=0.6929, Val Loss=0.3770, Val Acc=0.5683, Val AUC=0.6253
2025-12-31 20:55:39,947 - INFO - Epoch 15: Train Loss=0.3425, Train Acc=0.7255, Val Loss=0.3714, Val Acc=0.6066, Val AUC=0.6615
2025-12-31 20:55:40,045 - INFO - Saved best model with Val AUC=0.6615
2025-12-31 20:55:46,925 - INFO - Epoch 16: Train Loss=0.3280, Train Acc=0.7793, Val Loss=0.3986, Val Acc=0.5519, Val AUC=0.6033
2025-12-31 20:55:53,449 - INFO - Epoch 17: Train Loss=0.3226, Train Acc=0.8061, Val Loss=0.3827, Val Acc=0.6120, Val AUC=0.6955
2025-12-31 20:55:53,522 - INFO - Saved best model with Val AUC=0.6955
2025-12-31 20:56:00,642 - INFO - Epoch 18: Train Loss=0.3133, Train Acc=0.8349, Val Loss=0.4025, Val Acc=0.5956, Val AUC=0.6509
2025-12-31 20:56:07,544 - INFO - Epoch 19: Train Loss=0.2779, Train Acc=0.8887, Val Loss=0.4663, Val Acc=0.5902, Val AUC=0.6326
2025-12-31 20:56:14,727 - INFO - Epoch 20: Train Loss=0.2785, Train Acc=0.8868, Val Loss=0.4176, Val Acc=0.6503, Val AUC=0.7184
2025-12-31 20:56:14,760 - INFO - Saved best model with Val AUC=0.7184
2025-12-31 20:56:21,640 - INFO - Epoch 21: Train Loss=0.3003, Train Acc=0.8868, Val Loss=0.4826, Val Acc=0.6175, Val AUC=0.6483
2025-12-31 20:56:27,944 - INFO - Epoch 22: Train Loss=0.2878, Train Acc=0.8772, Val Loss=0.4629, Val Acc=0.6066, Val AUC=0.6504
2025-12-31 20:56:34,043 - INFO - Epoch 23: Train Loss=0.2681, Train Acc=0.9136, Val Loss=0.4184, Val Acc=0.6503, Val AUC=0.7014
2025-12-31 20:56:40,150 - INFO - Epoch 24: Train Loss=0.2786, Train Acc=0.9060, Val Loss=0.5053, Val Acc=0.5137, Val AUC=0.6183
2025-12-31 20:56:47,129 - INFO - Epoch 25: Train Loss=0.2589, Train Acc=0.9463, Val Loss=0.5427, Val Acc=0.5683, Val AUC=0.5919
2025-12-31 20:56:53,852 - INFO - Epoch 26: Train Loss=0.2528, Train Acc=0.9367, Val Loss=0.5406, Val Acc=0.5683, Val AUC=0.6349
2025-12-31 20:57:00,146 - INFO - Epoch 27: Train Loss=0.2602, Train Acc=0.9271, Val Loss=0.4954, Val Acc=0.5956, Val AUC=0.6539
2025-12-31 20:57:07,544 - INFO - Epoch 28: Train Loss=0.2418, Train Acc=0.9635, Val Loss=0.6094, Val Acc=0.5628, Val AUC=0.6238
2025-12-31 20:57:14,244 - INFO - Epoch 29: Train Loss=0.2307, Train Acc=0.9482, Val Loss=0.5235, Val Acc=0.6011, Val AUC=0.6657
2025-12-31 20:57:21,742 - INFO - Epoch 30: Train Loss=0.2583, Train Acc=0.9520, Val Loss=0.5826, Val Acc=0.5574, Val AUC=0.6162
2025-12-31 20:57:28,519 - INFO - Epoch 31: Train Loss=0.2514, Train Acc=0.9290, Val Loss=0.4979, Val Acc=0.6393, Val AUC=0.6667
2025-12-31 20:57:35,643 - INFO - Epoch 32: Train Loss=0.2371, Train Acc=0.9309, Val Loss=0.5179, Val Acc=0.6175, Val AUC=0.6754
2025-12-31 20:57:42,526 - INFO - Epoch 33: Train Loss=0.2321, Train Acc=0.9693, Val Loss=0.6026, Val Acc=0.5738, Val AUC=0.6331
2025-12-31 20:57:49,042 - INFO - Epoch 34: Train Loss=0.2335, Train Acc=0.9578, Val Loss=0.5679, Val Acc=0.5956, Val AUC=0.6207
2025-12-31 20:57:55,740 - INFO - Epoch 35: Train Loss=0.2230, Train Acc=0.9674, Val Loss=0.6173, Val Acc=0.5519, Val AUC=0.6176
2025-12-31 20:58:02,131 - INFO - Epoch 36: Train Loss=0.2199, Train Acc=0.9559, Val Loss=0.6142, Val Acc=0.5683, Val AUC=0.6328
2025-12-31 20:58:08,527 - INFO - Epoch 37: Train Loss=0.2368, Train Acc=0.9463, Val Loss=0.6147, Val Acc=0.5464, Val AUC=0.6389
2025-12-31 20:58:15,025 - INFO - Epoch 38: Train Loss=0.2201, Train Acc=0.9731, Val Loss=0.6461, Val Acc=0.5355, Val AUC=0.6074
2025-12-31 20:58:22,326 - INFO - Epoch 39: Train Loss=0.2227, Train Acc=0.9655, Val Loss=0.6271, Val Acc=0.6011, Val AUC=0.6202
2025-12-31 20:58:29,058 - INFO - Epoch 40: Train Loss=0.2254, Train Acc=0.9750, Val Loss=0.7412, Val Acc=0.5628, Val AUC=0.6102
2025-12-31 20:58:35,822 - INFO - Epoch 41: Train Loss=0.2077, Train Acc=0.9731, Val Loss=0.7950, Val Acc=0.5628, Val AUC=0.6135
2025-12-31 20:58:42,943 - INFO - Epoch 42: Train Loss=0.2232, Train Acc=0.9770, Val Loss=0.7226, Val Acc=0.5683, Val AUC=0.6367
2025-12-31 20:58:49,541 - INFO - Epoch 43: Train Loss=0.2207, Train Acc=0.9635, Val Loss=0.6230, Val Acc=0.5956, Val AUC=0.6573
2025-12-31 20:58:57,442 - INFO - Epoch 44: Train Loss=0.2207, Train Acc=0.9635, Val Loss=0.7056, Val Acc=0.5464, Val AUC=0.6200
2025-12-31 20:59:04,825 - INFO - Epoch 45: Train Loss=0.2236, Train Acc=0.9559, Val Loss=0.6332, Val Acc=0.5519, Val AUC=0.6158
2025-12-31 20:59:12,425 - INFO - Epoch 46: Train Loss=0.2413, Train Acc=0.9539, Val Loss=0.6005, Val Acc=0.5956, Val AUC=0.6522
2025-12-31 20:59:19,243 - INFO - Epoch 47: Train Loss=0.2144, Train Acc=0.9655, Val Loss=0.5842, Val Acc=0.6011, Val AUC=0.6108
2025-12-31 20:59:26,525 - INFO - Epoch 48: Train Loss=0.2137, Train Acc=0.9674, Val Loss=0.5712, Val Acc=0.6011, Val AUC=0.6287
2025-12-31 20:59:33,943 - INFO - Epoch 49: Train Loss=0.2061, Train Acc=0.9789, Val Loss=0.6073, Val Acc=0.5738, Val AUC=0.6412
2025-12-31 20:59:40,824 - INFO - Epoch 50: Train Loss=0.2025, Train Acc=0.9693, Val Loss=0.5858, Val Acc=0.5847, Val AUC=0.6611
2025-12-31 20:59:40,824 - INFO - Early stopping at epoch 50
2025-12-31 20:59:41,558 - INFO - 
Fold 5 Test Results:
2025-12-31 20:59:41,558 - INFO - Accuracy: 0.5749
2025-12-31 20:59:41,558 - INFO - AUC: 0.6074
2025-12-31 20:59:41,558 - INFO - F1: 0.5739
2025-12-31 20:59:41,558 - INFO - 
==================================================
2025-12-31 20:59:41,558 - INFO - Final Results Across All Folds
2025-12-31 20:59:41,559 - INFO - ==================================================
2025-12-31 20:59:41,559 - INFO - Average Test Accuracy: 0.6385 ± 0.0360
2025-12-31 20:59:41,559 - INFO - Average Test AUC: 0.6651 ± 0.0310
2025-12-31 20:59:41,559 - INFO - Average Test F1: 0.6346 ± 0.0330
2025-12-31 20:59:41,568 - INFO - 
Training completed successfully!
