2026-01-13 12:07:21,452 - INFO - Training Configuration:
2026-01-13 12:07:21,452 - INFO - {
    "num_samples": 871,
    "num_nodes": 200,
    "smri_dim": 2500,
    "num_sites": 20,
    "hidden_dim": 128,
    "dropout": 0.4,
    "batch_size": 32,
    "learning_rate": 0.0005,
    "weight_decay": 0.02,
    "epochs": 200,
    "patience": 30,
    "k_fold": 5,
    "random_seed": 42,
    "lambda_cls": 5.0,
    "lambda_site": 0.05,
    "lambda_age": 0.01,
    "lambda_reg": 0.001,
    "save_dir": "./results_GNN2",
    "data_dir": "./data"
}
2026-01-13 12:07:21,582 - INFO - Using device: cuda
2026-01-13 12:07:21,582 - INFO - Loading data...
2026-01-13 12:07:21,583 - INFO - Loading phenotypic data from ./data/phynotypic
2026-01-13 12:07:21,586 - INFO - Loaded phenotypic data for 871 subjects
2026-01-13 12:07:21,586 - INFO - Labels distribution: ASD=403, TD=468
2026-01-13 12:07:21,586 - INFO - Number of unique sites: 20
2026-01-13 12:07:21,586 - INFO - Loading fMRI data from ./data/fMRI/CC200
2026-01-13 12:07:21,864 - INFO - Loaded fMRI data shape: (871, 200, 200)
2026-01-13 12:07:21,864 - INFO - Loading sMRI data from ./data/sMRI/freesurfer_stats
2026-01-13 12:07:23,909 - INFO - Loaded sMRI data shape: (871, 2072)
2026-01-13 12:07:24,389 - INFO - Applied Fisher z and per-subject z-score to fMRI data
2026-01-13 12:07:24,389 - INFO - Global sMRI normalization skipped (will be performed per-fold)
2026-01-13 12:07:24,389 - INFO - Creating 5-fold standard stratified splits
2026-01-13 12:07:24,391 - INFO - Fold 1: Train=556, Val=140, Test=175
2026-01-13 12:07:24,392 - INFO - Fold 2: Train=557, Val=140, Test=174
2026-01-13 12:07:24,392 - INFO - Fold 3: Train=557, Val=140, Test=174
2026-01-13 12:07:24,393 - INFO - Fold 4: Train=557, Val=140, Test=174
2026-01-13 12:07:24,393 - INFO - Fold 5: Train=557, Val=140, Test=174
2026-01-13 12:07:24,393 - INFO - 
==================================================
2026-01-13 12:07:24,393 - INFO - Training Fold 1/5
2026-01-13 12:07:24,394 - INFO - ==================================================
2026-01-13 12:07:24,488 - INFO - Fold 1: Applied per-fold sMRI normalization
2026-01-13 12:07:24,674 - INFO - Model parameters: 6,047,268
2026-01-13 12:07:30,616 - INFO - Epoch 1: Train Loss=1.7652, Train Acc=0.4766, Val Loss=1.6368, Val Acc=0.5357, Val AUC=0.4827
2026-01-13 12:07:30,645 - INFO - Saved best model with Val AUC=0.4827
2026-01-13 12:07:35,511 - INFO - Epoch 2: Train Loss=1.7642, Train Acc=0.5144, Val Loss=1.6358, Val Acc=0.5357, Val AUC=0.4853
2026-01-13 12:07:35,536 - INFO - Saved best model with Val AUC=0.4853
2026-01-13 12:07:40,415 - INFO - Epoch 3: Train Loss=1.7369, Train Acc=0.5054, Val Loss=1.6328, Val Acc=0.5643, Val AUC=0.4874
2026-01-13 12:07:40,445 - INFO - Saved best model with Val AUC=0.4874
2026-01-13 12:07:45,318 - INFO - Epoch 4: Train Loss=1.7469, Train Acc=0.5054, Val Loss=1.6255, Val Acc=0.5357, Val AUC=0.5458
2026-01-13 12:07:45,349 - INFO - Saved best model with Val AUC=0.5458
2026-01-13 12:07:50,221 - INFO - Epoch 5: Train Loss=1.6940, Train Acc=0.5180, Val Loss=1.6159, Val Acc=0.5571, Val AUC=0.5641
2026-01-13 12:07:50,251 - INFO - Saved best model with Val AUC=0.5641
2026-01-13 12:07:55,315 - INFO - Epoch 6: Train Loss=1.7156, Train Acc=0.4820, Val Loss=1.6093, Val Acc=0.5857, Val AUC=0.6437
2026-01-13 12:07:55,343 - INFO - Saved best model with Val AUC=0.6437
2026-01-13 12:08:00,311 - INFO - Epoch 7: Train Loss=1.7083, Train Acc=0.4982, Val Loss=1.6122, Val Acc=0.5857, Val AUC=0.6265
2026-01-13 12:08:05,009 - INFO - Epoch 8: Train Loss=1.6908, Train Acc=0.5036, Val Loss=1.6096, Val Acc=0.5286, Val AUC=0.5805
2026-01-13 12:08:09,712 - INFO - Epoch 9: Train Loss=1.6617, Train Acc=0.4946, Val Loss=1.5976, Val Acc=0.5071, Val AUC=0.6328
2026-01-13 12:08:14,513 - INFO - Epoch 10: Train Loss=1.6711, Train Acc=0.4856, Val Loss=1.5911, Val Acc=0.4786, Val AUC=0.6449
2026-01-13 12:08:14,537 - INFO - Saved best model with Val AUC=0.6449
2026-01-13 12:08:19,313 - INFO - Epoch 11: Train Loss=1.6418, Train Acc=0.4910, Val Loss=1.5914, Val Acc=0.5857, Val AUC=0.6332
2026-01-13 12:08:24,412 - INFO - Epoch 12: Train Loss=1.6485, Train Acc=0.4658, Val Loss=1.5994, Val Acc=0.4929, Val AUC=0.4755
2026-01-13 12:08:29,811 - INFO - Epoch 13: Train Loss=1.6373, Train Acc=0.4550, Val Loss=1.5975, Val Acc=0.4571, Val AUC=0.5549
2026-01-13 12:08:35,216 - INFO - Epoch 14: Train Loss=1.6098, Train Acc=0.5090, Val Loss=1.5907, Val Acc=0.4857, Val AUC=0.5729
2026-01-13 12:08:40,913 - INFO - Epoch 15: Train Loss=1.6061, Train Acc=0.5054, Val Loss=1.5845, Val Acc=0.4786, Val AUC=0.6133
2026-01-13 12:08:45,811 - INFO - Epoch 16: Train Loss=1.6110, Train Acc=0.4874, Val Loss=1.5828, Val Acc=0.5429, Val AUC=0.5809
2026-01-13 12:08:50,813 - INFO - Epoch 17: Train Loss=1.5987, Train Acc=0.4928, Val Loss=1.5968, Val Acc=0.4571, Val AUC=0.5454
2026-01-13 12:08:56,524 - INFO - Epoch 18: Train Loss=1.5903, Train Acc=0.4946, Val Loss=1.5880, Val Acc=0.4643, Val AUC=0.5370
2026-01-13 12:09:01,717 - INFO - Epoch 19: Train Loss=1.5820, Train Acc=0.4874, Val Loss=1.5864, Val Acc=0.4571, Val AUC=0.4669
2026-01-13 12:09:06,816 - INFO - Epoch 20: Train Loss=1.5748, Train Acc=0.5000, Val Loss=1.5841, Val Acc=0.4643, Val AUC=0.5454
2026-01-13 12:09:12,116 - INFO - Epoch 21: Train Loss=1.5897, Train Acc=0.4676, Val Loss=1.5824, Val Acc=0.4286, Val AUC=0.4777
2026-01-13 12:09:17,016 - INFO - Epoch 22: Train Loss=1.5977, Train Acc=0.4676, Val Loss=1.5818, Val Acc=0.5357, Val AUC=0.5434
2026-01-13 12:09:22,316 - INFO - Epoch 23: Train Loss=1.5824, Train Acc=0.4838, Val Loss=1.5804, Val Acc=0.4429, Val AUC=0.4379
2026-01-13 12:09:27,219 - INFO - Epoch 24: Train Loss=1.5820, Train Acc=0.4568, Val Loss=1.5765, Val Acc=0.4714, Val AUC=0.5044
2026-01-13 12:09:32,416 - INFO - Epoch 25: Train Loss=1.5734, Train Acc=0.4712, Val Loss=1.5720, Val Acc=0.4500, Val AUC=0.5774
2026-01-13 12:09:37,515 - INFO - Epoch 26: Train Loss=1.5623, Train Acc=0.4766, Val Loss=1.5701, Val Acc=0.4929, Val AUC=0.5591
2026-01-13 12:09:42,711 - INFO - Epoch 27: Train Loss=1.5629, Train Acc=0.4928, Val Loss=1.5672, Val Acc=0.5071, Val AUC=0.5717
2026-01-13 12:09:47,912 - INFO - Epoch 28: Train Loss=1.5730, Train Acc=0.4982, Val Loss=1.5612, Val Acc=0.5357, Val AUC=0.6051
2026-01-13 12:09:53,012 - INFO - Epoch 29: Train Loss=1.5481, Train Acc=0.4874, Val Loss=1.5646, Val Acc=0.4500, Val AUC=0.5863
2026-01-13 12:09:58,116 - INFO - Epoch 30: Train Loss=1.5550, Train Acc=0.4892, Val Loss=1.5616, Val Acc=0.4571, Val AUC=0.5828
2026-01-13 12:10:03,215 - INFO - Epoch 31: Train Loss=1.5396, Train Acc=0.5396, Val Loss=1.5628, Val Acc=0.5071, Val AUC=0.6000
2026-01-13 12:10:08,414 - INFO - Epoch 32: Train Loss=1.5227, Train Acc=0.5324, Val Loss=1.5505, Val Acc=0.5214, Val AUC=0.5979
2026-01-13 12:10:13,213 - INFO - Epoch 33: Train Loss=1.5094, Train Acc=0.6043, Val Loss=1.5840, Val Acc=0.5000, Val AUC=0.5065
2026-01-13 12:10:18,012 - INFO - Epoch 34: Train Loss=1.5073, Train Acc=0.6115, Val Loss=1.5446, Val Acc=0.5500, Val AUC=0.6462
2026-01-13 12:10:18,039 - INFO - Saved best model with Val AUC=0.6462
2026-01-13 12:10:23,116 - INFO - Epoch 35: Train Loss=1.4697, Train Acc=0.6367, Val Loss=1.5406, Val Acc=0.6500, Val AUC=0.6829
2026-01-13 12:10:23,144 - INFO - Saved best model with Val AUC=0.6829
2026-01-13 12:10:27,917 - INFO - Epoch 36: Train Loss=1.4728, Train Acc=0.6871, Val Loss=1.5293, Val Acc=0.6143, Val AUC=0.6261
2026-01-13 12:10:32,915 - INFO - Epoch 37: Train Loss=1.4848, Train Acc=0.7212, Val Loss=1.5539, Val Acc=0.6143, Val AUC=0.6552
2026-01-13 12:10:37,917 - INFO - Epoch 38: Train Loss=1.2848, Train Acc=0.7770, Val Loss=1.7547, Val Acc=0.6071, Val AUC=0.6308
2026-01-13 12:10:43,216 - INFO - Epoch 39: Train Loss=1.3859, Train Acc=0.7518, Val Loss=1.5895, Val Acc=0.6286, Val AUC=0.6449
2026-01-13 12:10:48,314 - INFO - Epoch 40: Train Loss=1.2605, Train Acc=0.7932, Val Loss=1.8789, Val Acc=0.5929, Val AUC=0.6808
2026-01-13 12:10:53,813 - INFO - Epoch 41: Train Loss=1.3017, Train Acc=0.8129, Val Loss=1.8957, Val Acc=0.5286, Val AUC=0.5945
2026-01-13 12:10:59,414 - INFO - Epoch 42: Train Loss=1.2432, Train Acc=0.8525, Val Loss=1.7321, Val Acc=0.5643, Val AUC=0.6277
2026-01-13 12:11:04,309 - INFO - Epoch 43: Train Loss=1.2425, Train Acc=0.8453, Val Loss=1.8328, Val Acc=0.5929, Val AUC=0.6490
2026-01-13 12:11:09,513 - INFO - Epoch 44: Train Loss=1.1375, Train Acc=0.8651, Val Loss=2.0302, Val Acc=0.6286, Val AUC=0.6427
2026-01-13 12:11:14,410 - INFO - Epoch 45: Train Loss=1.1162, Train Acc=0.8813, Val Loss=2.0947, Val Acc=0.5429, Val AUC=0.5729
2026-01-13 12:11:19,315 - INFO - Epoch 46: Train Loss=1.0837, Train Acc=0.8813, Val Loss=1.7317, Val Acc=0.5714, Val AUC=0.6474
2026-01-13 12:11:24,111 - INFO - Epoch 47: Train Loss=1.0609, Train Acc=0.8939, Val Loss=1.8787, Val Acc=0.6000, Val AUC=0.6578
2026-01-13 12:11:29,211 - INFO - Epoch 48: Train Loss=0.9464, Train Acc=0.9460, Val Loss=2.3266, Val Acc=0.6357, Val AUC=0.6646
2026-01-13 12:11:34,110 - INFO - Epoch 49: Train Loss=0.9581, Train Acc=0.9353, Val Loss=2.7055, Val Acc=0.6286, Val AUC=0.6470
2026-01-13 12:11:39,007 - INFO - Epoch 50: Train Loss=1.0044, Train Acc=0.9388, Val Loss=2.5711, Val Acc=0.5571, Val AUC=0.6338
2026-01-13 12:11:44,013 - INFO - Epoch 51: Train Loss=0.9622, Train Acc=0.9424, Val Loss=3.1236, Val Acc=0.5571, Val AUC=0.5828
2026-01-13 12:11:49,411 - INFO - Epoch 52: Train Loss=0.9985, Train Acc=0.9317, Val Loss=2.3108, Val Acc=0.6000, Val AUC=0.6285
2026-01-13 12:11:54,213 - INFO - Epoch 53: Train Loss=0.9344, Train Acc=0.9424, Val Loss=2.4397, Val Acc=0.5714, Val AUC=0.6605
2026-01-13 12:11:59,113 - INFO - Epoch 54: Train Loss=1.0459, Train Acc=0.9317, Val Loss=2.7656, Val Acc=0.6357, Val AUC=0.6523
2026-01-13 12:12:03,911 - INFO - Epoch 55: Train Loss=1.0305, Train Acc=0.9478, Val Loss=2.6260, Val Acc=0.6000, Val AUC=0.6416
2026-01-13 12:12:08,513 - INFO - Epoch 56: Train Loss=1.0224, Train Acc=0.9622, Val Loss=3.1258, Val Acc=0.5929, Val AUC=0.6191
2026-01-13 12:12:13,512 - INFO - Epoch 57: Train Loss=0.9901, Train Acc=0.9442, Val Loss=2.3582, Val Acc=0.6571, Val AUC=0.7163
2026-01-13 12:12:13,539 - INFO - Saved best model with Val AUC=0.7163
2026-01-13 12:12:18,113 - INFO - Epoch 58: Train Loss=0.9881, Train Acc=0.9496, Val Loss=3.2935, Val Acc=0.5929, Val AUC=0.6312
2026-01-13 12:12:22,808 - INFO - Epoch 59: Train Loss=0.9254, Train Acc=0.9586, Val Loss=3.0509, Val Acc=0.6143, Val AUC=0.6617
2026-01-13 12:12:27,807 - INFO - Epoch 60: Train Loss=0.8882, Train Acc=0.9640, Val Loss=2.9296, Val Acc=0.6071, Val AUC=0.6482
2026-01-13 12:12:32,912 - INFO - Epoch 61: Train Loss=0.8632, Train Acc=0.9784, Val Loss=2.8203, Val Acc=0.6357, Val AUC=0.6546
2026-01-13 12:12:37,807 - INFO - Epoch 62: Train Loss=0.8484, Train Acc=0.9730, Val Loss=2.4142, Val Acc=0.6143, Val AUC=0.6898
2026-01-13 12:12:42,613 - INFO - Epoch 63: Train Loss=0.8950, Train Acc=0.9658, Val Loss=2.5993, Val Acc=0.6643, Val AUC=0.7065
2026-01-13 12:12:47,615 - INFO - Epoch 64: Train Loss=0.8433, Train Acc=0.9730, Val Loss=3.2477, Val Acc=0.5857, Val AUC=0.6394
2026-01-13 12:12:52,515 - INFO - Epoch 65: Train Loss=0.8950, Train Acc=0.9640, Val Loss=2.8297, Val Acc=0.6143, Val AUC=0.6560
2026-01-13 12:12:57,813 - INFO - Epoch 66: Train Loss=0.9149, Train Acc=0.9604, Val Loss=3.0350, Val Acc=0.6429, Val AUC=0.6546
2026-01-13 12:13:02,408 - INFO - Epoch 67: Train Loss=0.8594, Train Acc=0.9604, Val Loss=3.0915, Val Acc=0.6786, Val AUC=0.6695
2026-01-13 12:13:08,017 - INFO - Epoch 68: Train Loss=0.8403, Train Acc=0.9802, Val Loss=3.3973, Val Acc=0.6429, Val AUC=0.6802
2026-01-13 12:13:13,115 - INFO - Epoch 69: Train Loss=0.7784, Train Acc=0.9766, Val Loss=3.7160, Val Acc=0.6143, Val AUC=0.6406
2026-01-13 12:13:18,413 - INFO - Epoch 70: Train Loss=0.8990, Train Acc=0.9712, Val Loss=3.5724, Val Acc=0.6071, Val AUC=0.6786
2026-01-13 12:13:23,113 - INFO - Epoch 71: Train Loss=0.7539, Train Acc=0.9820, Val Loss=3.7730, Val Acc=0.6000, Val AUC=0.6498
2026-01-13 12:13:27,915 - INFO - Epoch 72: Train Loss=0.7530, Train Acc=0.9892, Val Loss=4.0617, Val Acc=0.6286, Val AUC=0.6658
2026-01-13 12:13:32,813 - INFO - Epoch 73: Train Loss=0.8245, Train Acc=0.9820, Val Loss=3.7483, Val Acc=0.6429, Val AUC=0.6593
2026-01-13 12:13:37,617 - INFO - Epoch 74: Train Loss=0.8746, Train Acc=0.9766, Val Loss=3.5770, Val Acc=0.6429, Val AUC=0.6702
2026-01-13 12:13:42,518 - INFO - Epoch 75: Train Loss=0.8379, Train Acc=0.9730, Val Loss=3.1422, Val Acc=0.6429, Val AUC=0.6866
2026-01-13 12:13:47,713 - INFO - Epoch 76: Train Loss=0.7986, Train Acc=0.9802, Val Loss=3.5938, Val Acc=0.6357, Val AUC=0.6806
2026-01-13 12:13:52,716 - INFO - Epoch 77: Train Loss=0.7766, Train Acc=0.9802, Val Loss=3.3505, Val Acc=0.6500, Val AUC=0.6870
2026-01-13 12:13:58,414 - INFO - Epoch 78: Train Loss=0.7850, Train Acc=0.9802, Val Loss=3.8446, Val Acc=0.6286, Val AUC=0.6697
2026-01-13 12:14:04,211 - INFO - Epoch 79: Train Loss=0.7355, Train Acc=0.9874, Val Loss=3.7809, Val Acc=0.6143, Val AUC=0.6763
2026-01-13 12:14:09,516 - INFO - Epoch 80: Train Loss=0.8176, Train Acc=0.9856, Val Loss=3.9203, Val Acc=0.6000, Val AUC=0.6833
2026-01-13 12:14:14,616 - INFO - Epoch 81: Train Loss=0.9267, Train Acc=0.9730, Val Loss=3.8206, Val Acc=0.6143, Val AUC=0.6619
2026-01-13 12:14:19,514 - INFO - Epoch 82: Train Loss=0.7585, Train Acc=0.9892, Val Loss=3.8972, Val Acc=0.6071, Val AUC=0.6556
2026-01-13 12:14:24,416 - INFO - Epoch 83: Train Loss=0.8081, Train Acc=0.9784, Val Loss=3.7913, Val Acc=0.6000, Val AUC=0.6603
2026-01-13 12:14:29,514 - INFO - Epoch 84: Train Loss=0.8115, Train Acc=0.9802, Val Loss=4.2363, Val Acc=0.6143, Val AUC=0.6572
2026-01-13 12:14:34,311 - INFO - Epoch 85: Train Loss=0.7591, Train Acc=0.9874, Val Loss=3.5180, Val Acc=0.6214, Val AUC=0.6708
2026-01-13 12:14:39,216 - INFO - Epoch 86: Train Loss=0.7526, Train Acc=0.9802, Val Loss=4.0219, Val Acc=0.6429, Val AUC=0.6544
2026-01-13 12:14:44,312 - INFO - Epoch 87: Train Loss=0.7289, Train Acc=0.9856, Val Loss=3.4925, Val Acc=0.6643, Val AUC=0.6901
2026-01-13 12:14:44,312 - INFO - Early stopping at epoch 87
2026-01-13 12:14:44,817 - INFO - 
Fold 1 Test Results:
2026-01-13 12:14:44,817 - INFO - Accuracy: 0.6229
2026-01-13 12:14:44,817 - INFO - AUC: 0.7004
2026-01-13 12:14:44,817 - INFO - F1: 0.6204
2026-01-13 12:14:45,185 - INFO - Saved ROC curve plot for Fold 1
2026-01-13 12:14:45,399 - INFO - Saved confusion matrix plot for Fold 1
2026-01-13 12:14:45,400 - INFO - 
============================================================
2026-01-13 12:14:45,400 - INFO - Classification Report - Fold 1
2026-01-13 12:14:45,400 - INFO - ============================================================
2026-01-13 12:14:46,333 - INFO - Saved clinical metrics plot for Fold 1
2026-01-13 12:14:47,628 - INFO - Saved site performance plot for Fold 1
2026-01-13 12:14:47,630 - INFO - 
==================================================
2026-01-13 12:14:47,630 - INFO - Training Fold 2/5
2026-01-13 12:14:47,630 - INFO - ==================================================
2026-01-13 12:14:47,716 - INFO - Fold 2: Applied per-fold sMRI normalization
2026-01-13 12:14:47,751 - INFO - Model parameters: 6,047,268
2026-01-13 12:14:52,417 - INFO - Epoch 1: Train Loss=1.7593, Train Acc=0.4991, Val Loss=1.6384, Val Acc=0.4643, Val AUC=0.4884
2026-01-13 12:14:52,446 - INFO - Saved best model with Val AUC=0.4884
2026-01-13 12:14:57,313 - INFO - Epoch 2: Train Loss=1.8138, Train Acc=0.4883, Val Loss=1.6374, Val Acc=0.4929, Val AUC=0.4550
2026-01-13 12:15:02,216 - INFO - Epoch 3: Train Loss=1.7938, Train Acc=0.5081, Val Loss=1.6365, Val Acc=0.5286, Val AUC=0.4661
2026-01-13 12:15:07,217 - INFO - Epoch 4: Train Loss=1.8008, Train Acc=0.4668, Val Loss=1.6336, Val Acc=0.4714, Val AUC=0.4845
2026-01-13 12:15:12,512 - INFO - Epoch 5: Train Loss=1.7494, Train Acc=0.5027, Val Loss=1.6285, Val Acc=0.4714, Val AUC=0.5372
2026-01-13 12:15:12,539 - INFO - Saved best model with Val AUC=0.5372
2026-01-13 12:15:17,216 - INFO - Epoch 6: Train Loss=1.7318, Train Acc=0.4794, Val Loss=1.6219, Val Acc=0.5071, Val AUC=0.5701
2026-01-13 12:15:17,242 - INFO - Saved best model with Val AUC=0.5701
2026-01-13 12:15:22,216 - INFO - Epoch 7: Train Loss=1.7091, Train Acc=0.4865, Val Loss=1.6197, Val Acc=0.4500, Val AUC=0.5631
2026-01-13 12:15:27,716 - INFO - Epoch 8: Train Loss=1.6663, Train Acc=0.5242, Val Loss=1.6135, Val Acc=0.4714, Val AUC=0.5949
2026-01-13 12:15:27,743 - INFO - Saved best model with Val AUC=0.5949
2026-01-13 12:15:32,612 - INFO - Epoch 9: Train Loss=1.6334, Train Acc=0.5350, Val Loss=1.6107, Val Acc=0.4571, Val AUC=0.5842
2026-01-13 12:15:37,415 - INFO - Epoch 10: Train Loss=1.6734, Train Acc=0.5135, Val Loss=1.6015, Val Acc=0.4643, Val AUC=0.6279
2026-01-13 12:15:37,442 - INFO - Saved best model with Val AUC=0.6279
2026-01-13 12:15:42,817 - INFO - Epoch 11: Train Loss=1.6588, Train Acc=0.4847, Val Loss=1.5991, Val Acc=0.4786, Val AUC=0.6425
2026-01-13 12:15:42,849 - INFO - Saved best model with Val AUC=0.6425
2026-01-13 12:15:48,118 - INFO - Epoch 12: Train Loss=1.6307, Train Acc=0.4650, Val Loss=1.5923, Val Acc=0.5000, Val AUC=0.6365
2026-01-13 12:15:53,217 - INFO - Epoch 13: Train Loss=1.6254, Train Acc=0.4686, Val Loss=1.6000, Val Acc=0.4571, Val AUC=0.5364
2026-01-13 12:15:58,213 - INFO - Epoch 14: Train Loss=1.6099, Train Acc=0.5045, Val Loss=1.5928, Val Acc=0.5000, Val AUC=0.5762
2026-01-13 12:16:03,216 - INFO - Epoch 15: Train Loss=1.6196, Train Acc=0.5027, Val Loss=1.5883, Val Acc=0.5500, Val AUC=0.6254
2026-01-13 12:16:08,514 - INFO - Epoch 16: Train Loss=1.5920, Train Acc=0.5278, Val Loss=1.5894, Val Acc=0.4643, Val AUC=0.6010
2026-01-13 12:16:13,516 - INFO - Epoch 17: Train Loss=1.5991, Train Acc=0.4829, Val Loss=1.5898, Val Acc=0.4786, Val AUC=0.5727
2026-01-13 12:16:18,017 - INFO - Epoch 18: Train Loss=1.5649, Train Acc=0.5404, Val Loss=1.5890, Val Acc=0.4786, Val AUC=0.5518
2026-01-13 12:16:22,816 - INFO - Epoch 19: Train Loss=1.5755, Train Acc=0.5530, Val Loss=1.5933, Val Acc=0.4714, Val AUC=0.5428
2026-01-13 12:16:27,615 - INFO - Epoch 20: Train Loss=1.5981, Train Acc=0.5566, Val Loss=1.5717, Val Acc=0.5357, Val AUC=0.6699
2026-01-13 12:16:27,643 - INFO - Saved best model with Val AUC=0.6699
2026-01-13 12:16:32,617 - INFO - Epoch 21: Train Loss=1.5473, Train Acc=0.5601, Val Loss=1.5780, Val Acc=0.4857, Val AUC=0.6482
2026-01-13 12:16:37,913 - INFO - Epoch 22: Train Loss=1.5465, Train Acc=0.5709, Val Loss=1.5762, Val Acc=0.5357, Val AUC=0.6367
2026-01-13 12:16:42,615 - INFO - Epoch 23: Train Loss=1.5246, Train Acc=0.6194, Val Loss=1.6142, Val Acc=0.4786, Val AUC=0.6492
2026-01-13 12:16:47,416 - INFO - Epoch 24: Train Loss=1.5137, Train Acc=0.6194, Val Loss=1.6169, Val Acc=0.4643, Val AUC=0.5830
2026-01-13 12:16:52,211 - INFO - Epoch 25: Train Loss=1.5160, Train Acc=0.6409, Val Loss=1.5783, Val Acc=0.5571, Val AUC=0.6492
2026-01-13 12:16:57,315 - INFO - Epoch 26: Train Loss=1.4755, Train Acc=0.6571, Val Loss=1.6190, Val Acc=0.4571, Val AUC=0.6092
2026-01-13 12:17:02,216 - INFO - Epoch 27: Train Loss=1.4351, Train Acc=0.7038, Val Loss=1.5805, Val Acc=0.5429, Val AUC=0.6410
2026-01-13 12:17:07,116 - INFO - Epoch 28: Train Loss=1.4333, Train Acc=0.7181, Val Loss=1.5937, Val Acc=0.5000, Val AUC=0.6447
2026-01-13 12:17:12,216 - INFO - Epoch 29: Train Loss=1.4079, Train Acc=0.7433, Val Loss=1.6719, Val Acc=0.5071, Val AUC=0.6162
2026-01-13 12:17:17,314 - INFO - Epoch 30: Train Loss=1.3086, Train Acc=0.7792, Val Loss=1.6601, Val Acc=0.5071, Val AUC=0.6382
2026-01-13 12:17:22,318 - INFO - Epoch 31: Train Loss=1.3024, Train Acc=0.7864, Val Loss=1.6429, Val Acc=0.5357, Val AUC=0.6759
2026-01-13 12:17:22,347 - INFO - Saved best model with Val AUC=0.6759
2026-01-13 12:17:27,316 - INFO - Epoch 32: Train Loss=1.3000, Train Acc=0.8169, Val Loss=1.6971, Val Acc=0.5643, Val AUC=0.6650
2026-01-13 12:17:32,913 - INFO - Epoch 33: Train Loss=1.2789, Train Acc=0.8294, Val Loss=1.7087, Val Acc=0.5929, Val AUC=0.6570
2026-01-13 12:17:37,712 - INFO - Epoch 34: Train Loss=1.2186, Train Acc=0.8600, Val Loss=1.6656, Val Acc=0.5857, Val AUC=0.6706
2026-01-13 12:17:42,816 - INFO - Epoch 35: Train Loss=1.1731, Train Acc=0.8438, Val Loss=1.7308, Val Acc=0.5786, Val AUC=0.6642
2026-01-13 12:17:47,815 - INFO - Epoch 36: Train Loss=1.1025, Train Acc=0.8797, Val Loss=1.7789, Val Acc=0.6000, Val AUC=0.7110
2026-01-13 12:17:47,842 - INFO - Saved best model with Val AUC=0.7110
2026-01-13 12:17:52,814 - INFO - Epoch 37: Train Loss=1.2534, Train Acc=0.8618, Val Loss=1.6894, Val Acc=0.6071, Val AUC=0.6972
2026-01-13 12:17:57,916 - INFO - Epoch 38: Train Loss=1.1366, Train Acc=0.8725, Val Loss=1.9972, Val Acc=0.5643, Val AUC=0.6291
2026-01-13 12:18:02,912 - INFO - Epoch 39: Train Loss=1.0957, Train Acc=0.8959, Val Loss=1.7773, Val Acc=0.5714, Val AUC=0.6831
2026-01-13 12:18:08,012 - INFO - Epoch 40: Train Loss=1.0474, Train Acc=0.9210, Val Loss=1.9421, Val Acc=0.5857, Val AUC=0.6706
2026-01-13 12:18:12,807 - INFO - Epoch 41: Train Loss=1.1086, Train Acc=0.8941, Val Loss=1.9135, Val Acc=0.6286, Val AUC=0.7034
2026-01-13 12:18:17,616 - INFO - Epoch 42: Train Loss=0.9893, Train Acc=0.9408, Val Loss=1.7880, Val Acc=0.6500, Val AUC=0.7339
2026-01-13 12:18:17,643 - INFO - Saved best model with Val AUC=0.7339
2026-01-13 12:18:22,318 - INFO - Epoch 43: Train Loss=1.0975, Train Acc=0.9102, Val Loss=1.8564, Val Acc=0.6500, Val AUC=0.7461
2026-01-13 12:18:22,349 - INFO - Saved best model with Val AUC=0.7461
2026-01-13 12:18:27,411 - INFO - Epoch 44: Train Loss=1.0176, Train Acc=0.9282, Val Loss=2.1389, Val Acc=0.6429, Val AUC=0.6583
2026-01-13 12:18:32,307 - INFO - Epoch 45: Train Loss=1.0197, Train Acc=0.9192, Val Loss=1.9670, Val Acc=0.6286, Val AUC=0.7116
2026-01-13 12:18:37,115 - INFO - Epoch 46: Train Loss=1.0608, Train Acc=0.9120, Val Loss=1.8563, Val Acc=0.6500, Val AUC=0.7058
2026-01-13 12:18:42,307 - INFO - Epoch 47: Train Loss=0.9731, Train Acc=0.9461, Val Loss=1.9954, Val Acc=0.6786, Val AUC=0.7631
2026-01-13 12:18:42,330 - INFO - Saved best model with Val AUC=0.7631
2026-01-13 12:18:47,013 - INFO - Epoch 48: Train Loss=1.0199, Train Acc=0.9246, Val Loss=1.8634, Val Acc=0.6500, Val AUC=0.7204
2026-01-13 12:18:51,611 - INFO - Epoch 49: Train Loss=0.9363, Train Acc=0.9372, Val Loss=2.0336, Val Acc=0.6214, Val AUC=0.7153
2026-01-13 12:18:56,613 - INFO - Epoch 50: Train Loss=0.9330, Train Acc=0.9497, Val Loss=2.2497, Val Acc=0.6429, Val AUC=0.7015
2026-01-13 12:19:01,407 - INFO - Epoch 51: Train Loss=0.9124, Train Acc=0.9587, Val Loss=2.1579, Val Acc=0.6714, Val AUC=0.6913
2026-01-13 12:19:06,411 - INFO - Epoch 52: Train Loss=1.0184, Train Acc=0.9408, Val Loss=2.3411, Val Acc=0.6214, Val AUC=0.6736
2026-01-13 12:19:11,108 - INFO - Epoch 53: Train Loss=0.9379, Train Acc=0.9479, Val Loss=2.0954, Val Acc=0.6357, Val AUC=0.6952
2026-01-13 12:19:15,707 - INFO - Epoch 54: Train Loss=0.9419, Train Acc=0.9533, Val Loss=2.2517, Val Acc=0.6357, Val AUC=0.6935
2026-01-13 12:19:20,317 - INFO - Epoch 55: Train Loss=0.9566, Train Acc=0.9497, Val Loss=2.3972, Val Acc=0.6143, Val AUC=0.6765
2026-01-13 12:19:25,315 - INFO - Epoch 56: Train Loss=1.0748, Train Acc=0.9443, Val Loss=2.7186, Val Acc=0.6286, Val AUC=0.6937
2026-01-13 12:19:30,415 - INFO - Epoch 57: Train Loss=0.9377, Train Acc=0.9533, Val Loss=2.2210, Val Acc=0.6571, Val AUC=0.6968
2026-01-13 12:19:35,316 - INFO - Epoch 58: Train Loss=1.0820, Train Acc=0.9390, Val Loss=2.1049, Val Acc=0.6357, Val AUC=0.6981
2026-01-13 12:19:40,416 - INFO - Epoch 59: Train Loss=0.8807, Train Acc=0.9695, Val Loss=2.4316, Val Acc=0.6357, Val AUC=0.7069
2026-01-13 12:19:45,714 - INFO - Epoch 60: Train Loss=0.9052, Train Acc=0.9623, Val Loss=2.2562, Val Acc=0.6786, Val AUC=0.7118
2026-01-13 12:19:50,619 - INFO - Epoch 61: Train Loss=0.8967, Train Acc=0.9623, Val Loss=2.2807, Val Acc=0.6643, Val AUC=0.7419
2026-01-13 12:19:55,818 - INFO - Epoch 62: Train Loss=0.9762, Train Acc=0.9390, Val Loss=2.0388, Val Acc=0.6786, Val AUC=0.7243
2026-01-13 12:20:01,814 - INFO - Epoch 63: Train Loss=0.8760, Train Acc=0.9641, Val Loss=2.2702, Val Acc=0.6571, Val AUC=0.7200
2026-01-13 12:20:07,512 - INFO - Epoch 64: Train Loss=0.8434, Train Acc=0.9713, Val Loss=2.3818, Val Acc=0.6571, Val AUC=0.7239
2026-01-13 12:20:13,214 - INFO - Epoch 65: Train Loss=0.9910, Train Acc=0.9605, Val Loss=2.6497, Val Acc=0.6286, Val AUC=0.7081
2026-01-13 12:20:18,915 - INFO - Epoch 66: Train Loss=0.8600, Train Acc=0.9695, Val Loss=2.5682, Val Acc=0.6071, Val AUC=0.6597
2026-01-13 12:20:24,012 - INFO - Epoch 67: Train Loss=0.8906, Train Acc=0.9695, Val Loss=2.3869, Val Acc=0.6143, Val AUC=0.7048
2026-01-13 12:20:28,910 - INFO - Epoch 68: Train Loss=0.9088, Train Acc=0.9677, Val Loss=2.8984, Val Acc=0.6643, Val AUC=0.6993
2026-01-13 12:20:33,813 - INFO - Epoch 69: Train Loss=0.8511, Train Acc=0.9677, Val Loss=2.5834, Val Acc=0.6857, Val AUC=0.7128
2026-01-13 12:20:38,716 - INFO - Epoch 70: Train Loss=0.8141, Train Acc=0.9785, Val Loss=2.7833, Val Acc=0.6571, Val AUC=0.7196
2026-01-13 12:20:43,415 - INFO - Epoch 71: Train Loss=0.8236, Train Acc=0.9803, Val Loss=2.7424, Val Acc=0.6429, Val AUC=0.7085
2026-01-13 12:20:48,216 - INFO - Epoch 72: Train Loss=0.8486, Train Acc=0.9713, Val Loss=3.0503, Val Acc=0.6571, Val AUC=0.6937
2026-01-13 12:20:52,917 - INFO - Epoch 73: Train Loss=0.7855, Train Acc=0.9767, Val Loss=2.6089, Val Acc=0.6786, Val AUC=0.6890
2026-01-13 12:20:58,011 - INFO - Epoch 74: Train Loss=0.7829, Train Acc=0.9838, Val Loss=2.5734, Val Acc=0.6714, Val AUC=0.6964
2026-01-13 12:21:03,012 - INFO - Epoch 75: Train Loss=0.8342, Train Acc=0.9731, Val Loss=2.7822, Val Acc=0.6500, Val AUC=0.7050
2026-01-13 12:21:07,715 - INFO - Epoch 76: Train Loss=0.8190, Train Acc=0.9820, Val Loss=2.8536, Val Acc=0.6286, Val AUC=0.7126
2026-01-13 12:21:12,613 - INFO - Epoch 77: Train Loss=0.7953, Train Acc=0.9713, Val Loss=2.6842, Val Acc=0.6643, Val AUC=0.6892
2026-01-13 12:21:12,613 - INFO - Early stopping at epoch 77
2026-01-13 12:21:13,214 - INFO - 
Fold 2 Test Results:
2026-01-13 12:21:13,214 - INFO - Accuracy: 0.6437
2026-01-13 12:21:13,214 - INFO - AUC: 0.6655
2026-01-13 12:21:13,214 - INFO - F1: 0.6318
2026-01-13 12:21:13,544 - INFO - Saved ROC curve plot for Fold 2
2026-01-13 12:21:13,756 - INFO - Saved confusion matrix plot for Fold 2
2026-01-13 12:21:13,756 - INFO - 
============================================================
2026-01-13 12:21:13,756 - INFO - Classification Report - Fold 2
2026-01-13 12:21:13,756 - INFO - ============================================================
2026-01-13 12:21:14,695 - INFO - Saved clinical metrics plot for Fold 2
2026-01-13 12:21:16,202 - INFO - Saved site performance plot for Fold 2
2026-01-13 12:21:16,204 - INFO - 
==================================================
2026-01-13 12:21:16,204 - INFO - Training Fold 3/5
2026-01-13 12:21:16,204 - INFO - ==================================================
2026-01-13 12:21:16,294 - INFO - Fold 3: Applied per-fold sMRI normalization
2026-01-13 12:21:16,329 - INFO - Model parameters: 6,047,268
2026-01-13 12:21:21,114 - INFO - Epoch 1: Train Loss=1.7694, Train Acc=0.4668, Val Loss=1.6468, Val Acc=0.5357, Val AUC=0.4347
2026-01-13 12:21:21,135 - INFO - Saved best model with Val AUC=0.4347
2026-01-13 12:21:26,017 - INFO - Epoch 2: Train Loss=1.7388, Train Acc=0.4578, Val Loss=1.6418, Val Acc=0.5357, Val AUC=0.3938
2026-01-13 12:21:31,116 - INFO - Epoch 3: Train Loss=1.7211, Train Acc=0.4794, Val Loss=1.6370, Val Acc=0.5357, Val AUC=0.4205
2026-01-13 12:21:36,317 - INFO - Epoch 4: Train Loss=1.7373, Train Acc=0.5189, Val Loss=1.6283, Val Acc=0.5214, Val AUC=0.4447
2026-01-13 12:21:36,345 - INFO - Saved best model with Val AUC=0.4447
2026-01-13 12:21:41,408 - INFO - Epoch 5: Train Loss=1.6907, Train Acc=0.4722, Val Loss=1.6246, Val Acc=0.5286, Val AUC=0.4525
2026-01-13 12:21:41,433 - INFO - Saved best model with Val AUC=0.4525
2026-01-13 12:21:46,316 - INFO - Epoch 6: Train Loss=1.7017, Train Acc=0.4811, Val Loss=1.6154, Val Acc=0.4714, Val AUC=0.4843
2026-01-13 12:21:46,344 - INFO - Saved best model with Val AUC=0.4843
2026-01-13 12:21:51,916 - INFO - Epoch 7: Train Loss=1.6548, Train Acc=0.5009, Val Loss=1.6104, Val Acc=0.5143, Val AUC=0.5165
2026-01-13 12:21:51,943 - INFO - Saved best model with Val AUC=0.5165
2026-01-13 12:21:57,011 - INFO - Epoch 8: Train Loss=1.6402, Train Acc=0.5081, Val Loss=1.6131, Val Acc=0.5429, Val AUC=0.5157
2026-01-13 12:22:01,814 - INFO - Epoch 9: Train Loss=1.6657, Train Acc=0.4955, Val Loss=1.6004, Val Acc=0.5071, Val AUC=0.5036
2026-01-13 12:22:06,517 - INFO - Epoch 10: Train Loss=1.6084, Train Acc=0.5260, Val Loss=1.5957, Val Acc=0.5000, Val AUC=0.4697
2026-01-13 12:22:11,410 - INFO - Epoch 11: Train Loss=1.6274, Train Acc=0.5009, Val Loss=1.5956, Val Acc=0.5357, Val AUC=0.5374
2026-01-13 12:22:11,437 - INFO - Saved best model with Val AUC=0.5374
2026-01-13 12:22:16,613 - INFO - Epoch 12: Train Loss=1.6306, Train Acc=0.4740, Val Loss=1.5939, Val Acc=0.5571, Val AUC=0.5547
2026-01-13 12:22:16,641 - INFO - Saved best model with Val AUC=0.5547
2026-01-13 12:22:21,514 - INFO - Epoch 13: Train Loss=1.5942, Train Acc=0.5422, Val Loss=1.5969, Val Acc=0.4857, Val AUC=0.4974
2026-01-13 12:22:27,515 - INFO - Epoch 14: Train Loss=1.6210, Train Acc=0.4578, Val Loss=1.5872, Val Acc=0.5357, Val AUC=0.4734
2026-01-13 12:22:32,816 - INFO - Epoch 15: Train Loss=1.6003, Train Acc=0.5063, Val Loss=1.5864, Val Acc=0.5286, Val AUC=0.5662
2026-01-13 12:22:32,843 - INFO - Saved best model with Val AUC=0.5662
2026-01-13 12:22:37,616 - INFO - Epoch 16: Train Loss=1.6069, Train Acc=0.4883, Val Loss=1.5796, Val Acc=0.5000, Val AUC=0.5955
2026-01-13 12:22:37,645 - INFO - Saved best model with Val AUC=0.5955
2026-01-13 12:22:43,112 - INFO - Epoch 17: Train Loss=1.5917, Train Acc=0.5063, Val Loss=1.5890, Val Acc=0.5714, Val AUC=0.5286
2026-01-13 12:22:47,910 - INFO - Epoch 18: Train Loss=1.5940, Train Acc=0.4991, Val Loss=1.5889, Val Acc=0.5357, Val AUC=0.5085
2026-01-13 12:22:52,713 - INFO - Epoch 19: Train Loss=1.5912, Train Acc=0.5009, Val Loss=1.5759, Val Acc=0.5429, Val AUC=0.5518
2026-01-13 12:22:57,514 - INFO - Epoch 20: Train Loss=1.5868, Train Acc=0.5063, Val Loss=1.5714, Val Acc=0.5000, Val AUC=0.5906
2026-01-13 12:23:02,508 - INFO - Epoch 21: Train Loss=1.5854, Train Acc=0.5027, Val Loss=1.5662, Val Acc=0.5714, Val AUC=0.5871
2026-01-13 12:23:07,513 - INFO - Epoch 22: Train Loss=1.5844, Train Acc=0.5368, Val Loss=1.5683, Val Acc=0.4929, Val AUC=0.5571
2026-01-13 12:23:12,516 - INFO - Epoch 23: Train Loss=1.5870, Train Acc=0.5153, Val Loss=1.5675, Val Acc=0.5000, Val AUC=0.5623
2026-01-13 12:23:17,216 - INFO - Epoch 24: Train Loss=1.5812, Train Acc=0.5009, Val Loss=1.5605, Val Acc=0.5500, Val AUC=0.5852
2026-01-13 12:23:21,913 - INFO - Epoch 25: Train Loss=1.5595, Train Acc=0.5871, Val Loss=1.5478, Val Acc=0.5643, Val AUC=0.6261
2026-01-13 12:23:21,938 - INFO - Saved best model with Val AUC=0.6261
2026-01-13 12:23:26,912 - INFO - Epoch 26: Train Loss=1.5416, Train Acc=0.5961, Val Loss=1.5577, Val Acc=0.5286, Val AUC=0.6086
2026-01-13 12:23:31,610 - INFO - Epoch 27: Train Loss=1.5605, Train Acc=0.5709, Val Loss=1.5506, Val Acc=0.5357, Val AUC=0.6070
2026-01-13 12:23:36,509 - INFO - Epoch 28: Train Loss=1.5092, Train Acc=0.6248, Val Loss=1.5601, Val Acc=0.5286, Val AUC=0.6146
2026-01-13 12:23:41,510 - INFO - Epoch 29: Train Loss=1.5323, Train Acc=0.6355, Val Loss=1.5506, Val Acc=0.5714, Val AUC=0.6055
2026-01-13 12:23:46,614 - INFO - Epoch 30: Train Loss=1.5014, Train Acc=0.6535, Val Loss=1.5242, Val Acc=0.6000, Val AUC=0.7056
2026-01-13 12:23:46,641 - INFO - Saved best model with Val AUC=0.7056
2026-01-13 12:23:51,210 - INFO - Epoch 31: Train Loss=1.4380, Train Acc=0.7038, Val Loss=1.5173, Val Acc=0.6429, Val AUC=0.7038
2026-01-13 12:23:56,213 - INFO - Epoch 32: Train Loss=1.4408, Train Acc=0.7145, Val Loss=1.5357, Val Acc=0.5429, Val AUC=0.6431
2026-01-13 12:24:01,216 - INFO - Epoch 33: Train Loss=1.3642, Train Acc=0.7361, Val Loss=1.6455, Val Acc=0.6000, Val AUC=0.6388
2026-01-13 12:24:05,913 - INFO - Epoch 34: Train Loss=1.3437, Train Acc=0.7828, Val Loss=1.6039, Val Acc=0.5571, Val AUC=0.6324
2026-01-13 12:24:10,715 - INFO - Epoch 35: Train Loss=1.3310, Train Acc=0.7648, Val Loss=1.6098, Val Acc=0.5857, Val AUC=0.6595
2026-01-13 12:24:15,413 - INFO - Epoch 36: Train Loss=1.3638, Train Acc=0.7666, Val Loss=1.6220, Val Acc=0.5643, Val AUC=0.6193
2026-01-13 12:24:20,410 - INFO - Epoch 37: Train Loss=1.2897, Train Acc=0.8079, Val Loss=1.6357, Val Acc=0.5571, Val AUC=0.6057
2026-01-13 12:24:25,108 - INFO - Epoch 38: Train Loss=1.2482, Train Acc=0.8259, Val Loss=1.6960, Val Acc=0.5571, Val AUC=0.6343
2026-01-13 12:24:30,216 - INFO - Epoch 39: Train Loss=1.1966, Train Acc=0.8492, Val Loss=1.6604, Val Acc=0.5500, Val AUC=0.6369
2026-01-13 12:24:35,313 - INFO - Epoch 40: Train Loss=1.1490, Train Acc=0.8600, Val Loss=1.8591, Val Acc=0.5214, Val AUC=0.6283
2026-01-13 12:24:40,212 - INFO - Epoch 41: Train Loss=1.1489, Train Acc=0.8797, Val Loss=1.8560, Val Acc=0.5429, Val AUC=0.6306
2026-01-13 12:24:45,316 - INFO - Epoch 42: Train Loss=1.0978, Train Acc=0.8869, Val Loss=1.7353, Val Acc=0.5857, Val AUC=0.6418
2026-01-13 12:24:50,410 - INFO - Epoch 43: Train Loss=1.0892, Train Acc=0.8995, Val Loss=1.8198, Val Acc=0.5571, Val AUC=0.6240
2026-01-13 12:24:55,416 - INFO - Epoch 44: Train Loss=1.0901, Train Acc=0.9031, Val Loss=1.8875, Val Acc=0.5714, Val AUC=0.6256
2026-01-13 12:25:00,415 - INFO - Epoch 45: Train Loss=1.0565, Train Acc=0.9048, Val Loss=2.1240, Val Acc=0.5357, Val AUC=0.5912
2026-01-13 12:25:05,416 - INFO - Epoch 46: Train Loss=1.0063, Train Acc=0.9210, Val Loss=2.2392, Val Acc=0.5357, Val AUC=0.5852
2026-01-13 12:25:10,316 - INFO - Epoch 47: Train Loss=1.0233, Train Acc=0.9210, Val Loss=2.3272, Val Acc=0.5929, Val AUC=0.5943
2026-01-13 12:25:15,008 - INFO - Epoch 48: Train Loss=1.0189, Train Acc=0.9264, Val Loss=1.9781, Val Acc=0.5429, Val AUC=0.5957
2026-01-13 12:25:19,916 - INFO - Epoch 49: Train Loss=1.0146, Train Acc=0.9156, Val Loss=2.1893, Val Acc=0.5500, Val AUC=0.6031
2026-01-13 12:25:25,017 - INFO - Epoch 50: Train Loss=0.9657, Train Acc=0.9408, Val Loss=2.0402, Val Acc=0.6071, Val AUC=0.6597
2026-01-13 12:25:31,014 - INFO - Epoch 51: Train Loss=1.1582, Train Acc=0.9174, Val Loss=2.0973, Val Acc=0.5929, Val AUC=0.6297
2026-01-13 12:25:36,716 - INFO - Epoch 52: Train Loss=1.0615, Train Acc=0.9156, Val Loss=1.9439, Val Acc=0.5357, Val AUC=0.6092
2026-01-13 12:25:42,118 - INFO - Epoch 53: Train Loss=0.9606, Train Acc=0.9425, Val Loss=2.0170, Val Acc=0.5786, Val AUC=0.6033
2026-01-13 12:25:47,515 - INFO - Epoch 54: Train Loss=1.0052, Train Acc=0.9318, Val Loss=2.1915, Val Acc=0.5786, Val AUC=0.6279
2026-01-13 12:25:52,812 - INFO - Epoch 55: Train Loss=0.9934, Train Acc=0.9461, Val Loss=2.8014, Val Acc=0.5357, Val AUC=0.6107
2026-01-13 12:25:57,416 - INFO - Epoch 56: Train Loss=1.0201, Train Acc=0.9318, Val Loss=2.2322, Val Acc=0.6143, Val AUC=0.6517
2026-01-13 12:26:02,313 - INFO - Epoch 57: Train Loss=1.0891, Train Acc=0.9048, Val Loss=2.2521, Val Acc=0.5857, Val AUC=0.6082
2026-01-13 12:26:07,214 - INFO - Epoch 58: Train Loss=0.9841, Train Acc=0.9425, Val Loss=2.3424, Val Acc=0.5571, Val AUC=0.5844
2026-01-13 12:26:12,009 - INFO - Epoch 59: Train Loss=0.9762, Train Acc=0.9497, Val Loss=2.3481, Val Acc=0.5857, Val AUC=0.5762
2026-01-13 12:26:16,813 - INFO - Epoch 60: Train Loss=0.9532, Train Acc=0.9515, Val Loss=2.2599, Val Acc=0.5929, Val AUC=0.6107
2026-01-13 12:26:16,813 - INFO - Early stopping at epoch 60
2026-01-13 12:26:17,417 - INFO - 
Fold 3 Test Results:
2026-01-13 12:26:17,417 - INFO - Accuracy: 0.5977
2026-01-13 12:26:17,417 - INFO - AUC: 0.6774
2026-01-13 12:26:17,417 - INFO - F1: 0.5824
2026-01-13 12:26:17,759 - INFO - Saved ROC curve plot for Fold 3
2026-01-13 12:26:17,976 - INFO - Saved confusion matrix plot for Fold 3
2026-01-13 12:26:17,976 - INFO - 
============================================================
2026-01-13 12:26:17,976 - INFO - Classification Report - Fold 3
2026-01-13 12:26:17,976 - INFO - ============================================================
2026-01-13 12:26:18,915 - INFO - Saved clinical metrics plot for Fold 3
2026-01-13 12:26:20,277 - INFO - Saved site performance plot for Fold 3
2026-01-13 12:26:20,279 - INFO - 
==================================================
2026-01-13 12:26:20,279 - INFO - Training Fold 4/5
2026-01-13 12:26:20,279 - INFO - ==================================================
2026-01-13 12:26:20,372 - INFO - Fold 4: Applied per-fold sMRI normalization
2026-01-13 12:26:20,407 - INFO - Model parameters: 6,047,268
2026-01-13 12:26:25,313 - INFO - Epoch 1: Train Loss=1.8002, Train Acc=0.4883, Val Loss=1.6270, Val Acc=0.4643, Val AUC=0.4933
2026-01-13 12:26:25,338 - INFO - Saved best model with Val AUC=0.4933
2026-01-13 12:26:30,011 - INFO - Epoch 2: Train Loss=1.7628, Train Acc=0.5296, Val Loss=1.6274, Val Acc=0.4786, Val AUC=0.4743
2026-01-13 12:26:35,108 - INFO - Epoch 3: Train Loss=1.7104, Train Acc=0.5296, Val Loss=1.6247, Val Acc=0.4643, Val AUC=0.4773
2026-01-13 12:26:39,812 - INFO - Epoch 4: Train Loss=1.6776, Train Acc=0.5314, Val Loss=1.6248, Val Acc=0.4643, Val AUC=0.4743
2026-01-13 12:26:45,015 - INFO - Epoch 5: Train Loss=1.7191, Train Acc=0.5081, Val Loss=1.6211, Val Acc=0.4643, Val AUC=0.5335
2026-01-13 12:26:45,041 - INFO - Saved best model with Val AUC=0.5335
2026-01-13 12:26:50,115 - INFO - Epoch 6: Train Loss=1.6941, Train Acc=0.4578, Val Loss=1.6237, Val Acc=0.4643, Val AUC=0.5325
2026-01-13 12:26:54,808 - INFO - Epoch 7: Train Loss=1.6688, Train Acc=0.4811, Val Loss=1.6178, Val Acc=0.4643, Val AUC=0.5908
2026-01-13 12:26:54,834 - INFO - Saved best model with Val AUC=0.5908
2026-01-13 12:26:59,510 - INFO - Epoch 8: Train Loss=1.6397, Train Acc=0.5242, Val Loss=1.6050, Val Acc=0.4643, Val AUC=0.5774
2026-01-13 12:27:04,317 - INFO - Epoch 9: Train Loss=1.6178, Train Acc=0.5135, Val Loss=1.6032, Val Acc=0.4643, Val AUC=0.5910
2026-01-13 12:27:04,342 - INFO - Saved best model with Val AUC=0.5910
2026-01-13 12:27:09,907 - INFO - Epoch 10: Train Loss=1.6135, Train Acc=0.5189, Val Loss=1.5838, Val Acc=0.5071, Val AUC=0.6332
2026-01-13 12:27:09,932 - INFO - Saved best model with Val AUC=0.6332
2026-01-13 12:27:15,814 - INFO - Epoch 11: Train Loss=1.6201, Train Acc=0.5296, Val Loss=1.5857, Val Acc=0.4857, Val AUC=0.6480
2026-01-13 12:27:15,837 - INFO - Saved best model with Val AUC=0.6480
2026-01-13 12:27:21,314 - INFO - Epoch 12: Train Loss=1.6404, Train Acc=0.5242, Val Loss=1.5847, Val Acc=0.4929, Val AUC=0.6279
2026-01-13 12:27:27,215 - INFO - Epoch 13: Train Loss=1.6016, Train Acc=0.5242, Val Loss=1.5819, Val Acc=0.4857, Val AUC=0.6714
2026-01-13 12:27:27,243 - INFO - Saved best model with Val AUC=0.6714
2026-01-13 12:27:32,416 - INFO - Epoch 14: Train Loss=1.5797, Train Acc=0.5260, Val Loss=1.5720, Val Acc=0.5143, Val AUC=0.6790
2026-01-13 12:27:32,443 - INFO - Saved best model with Val AUC=0.6790
2026-01-13 12:27:37,816 - INFO - Epoch 15: Train Loss=1.5881, Train Acc=0.5458, Val Loss=1.5626, Val Acc=0.5571, Val AUC=0.6845
2026-01-13 12:27:37,844 - INFO - Saved best model with Val AUC=0.6845
2026-01-13 12:27:43,920 - INFO - Epoch 16: Train Loss=1.5229, Train Acc=0.6230, Val Loss=1.5622, Val Acc=0.5929, Val AUC=0.7110
2026-01-13 12:27:43,945 - INFO - Saved best model with Val AUC=0.7110
2026-01-13 12:27:49,814 - INFO - Epoch 17: Train Loss=1.5490, Train Acc=0.6517, Val Loss=1.5788, Val Acc=0.5500, Val AUC=0.6636
2026-01-13 12:27:55,209 - INFO - Epoch 18: Train Loss=1.4695, Train Acc=0.6571, Val Loss=1.5673, Val Acc=0.5643, Val AUC=0.6812
2026-01-13 12:28:00,416 - INFO - Epoch 19: Train Loss=1.4052, Train Acc=0.7235, Val Loss=1.5504, Val Acc=0.5571, Val AUC=0.7321
2026-01-13 12:28:00,443 - INFO - Saved best model with Val AUC=0.7321
2026-01-13 12:28:05,418 - INFO - Epoch 20: Train Loss=1.3808, Train Acc=0.7343, Val Loss=1.6464, Val Acc=0.5286, Val AUC=0.6622
2026-01-13 12:28:10,816 - INFO - Epoch 21: Train Loss=1.3212, Train Acc=0.7864, Val Loss=1.6425, Val Acc=0.5857, Val AUC=0.6556
2026-01-13 12:28:15,817 - INFO - Epoch 22: Train Loss=1.3754, Train Acc=0.7684, Val Loss=1.7138, Val Acc=0.4857, Val AUC=0.7008
2026-01-13 12:28:20,518 - INFO - Epoch 23: Train Loss=1.2453, Train Acc=0.8402, Val Loss=1.6498, Val Acc=0.6357, Val AUC=0.6591
2026-01-13 12:28:25,916 - INFO - Epoch 24: Train Loss=1.2201, Train Acc=0.8564, Val Loss=1.6567, Val Acc=0.6071, Val AUC=0.6611
2026-01-13 12:28:31,012 - INFO - Epoch 25: Train Loss=1.1867, Train Acc=0.8456, Val Loss=1.7467, Val Acc=0.6000, Val AUC=0.6753
2026-01-13 12:28:36,912 - INFO - Epoch 26: Train Loss=1.1806, Train Acc=0.8492, Val Loss=1.8348, Val Acc=0.5357, Val AUC=0.6324
2026-01-13 12:28:42,513 - INFO - Epoch 27: Train Loss=1.1356, Train Acc=0.8707, Val Loss=1.7232, Val Acc=0.6357, Val AUC=0.6849
2026-01-13 12:28:48,314 - INFO - Epoch 28: Train Loss=1.1200, Train Acc=0.8977, Val Loss=1.8017, Val Acc=0.6286, Val AUC=0.6763
2026-01-13 12:28:54,013 - INFO - Epoch 29: Train Loss=1.0879, Train Acc=0.9192, Val Loss=1.8391, Val Acc=0.5786, Val AUC=0.6619
2026-01-13 12:29:00,114 - INFO - Epoch 30: Train Loss=1.1227, Train Acc=0.9120, Val Loss=2.0586, Val Acc=0.5714, Val AUC=0.6324
2026-01-13 12:29:05,811 - INFO - Epoch 31: Train Loss=1.0733, Train Acc=0.9013, Val Loss=1.7964, Val Acc=0.6357, Val AUC=0.7108
2026-01-13 12:29:11,611 - INFO - Epoch 32: Train Loss=1.1299, Train Acc=0.8887, Val Loss=2.0638, Val Acc=0.6143, Val AUC=0.6896
2026-01-13 12:29:17,315 - INFO - Epoch 33: Train Loss=1.0302, Train Acc=0.9102, Val Loss=2.0431, Val Acc=0.6143, Val AUC=0.6429
2026-01-13 12:29:22,515 - INFO - Epoch 34: Train Loss=1.0589, Train Acc=0.9300, Val Loss=2.0681, Val Acc=0.5929, Val AUC=0.6542
2026-01-13 12:29:27,513 - INFO - Epoch 35: Train Loss=1.0187, Train Acc=0.9264, Val Loss=1.9924, Val Acc=0.6000, Val AUC=0.6441
2026-01-13 12:29:32,316 - INFO - Epoch 36: Train Loss=1.0229, Train Acc=0.9354, Val Loss=2.5353, Val Acc=0.5857, Val AUC=0.6453
2026-01-13 12:29:37,214 - INFO - Epoch 37: Train Loss=1.0228, Train Acc=0.9372, Val Loss=2.6699, Val Acc=0.5571, Val AUC=0.6451
2026-01-13 12:29:42,113 - INFO - Epoch 38: Train Loss=0.9953, Train Acc=0.9282, Val Loss=2.6207, Val Acc=0.5357, Val AUC=0.6425
2026-01-13 12:29:47,314 - INFO - Epoch 39: Train Loss=1.0074, Train Acc=0.9336, Val Loss=2.3080, Val Acc=0.6000, Val AUC=0.6657
2026-01-13 12:29:52,416 - INFO - Epoch 40: Train Loss=0.9939, Train Acc=0.9425, Val Loss=2.8535, Val Acc=0.5714, Val AUC=0.6393
2026-01-13 12:29:57,715 - INFO - Epoch 41: Train Loss=0.9581, Train Acc=0.9461, Val Loss=2.6027, Val Acc=0.5786, Val AUC=0.6343
2026-01-13 12:30:02,513 - INFO - Epoch 42: Train Loss=0.9066, Train Acc=0.9551, Val Loss=2.8750, Val Acc=0.5643, Val AUC=0.6795
2026-01-13 12:30:07,421 - INFO - Epoch 43: Train Loss=0.9565, Train Acc=0.9443, Val Loss=2.5986, Val Acc=0.5714, Val AUC=0.6744
2026-01-13 12:30:13,118 - INFO - Epoch 44: Train Loss=1.0410, Train Acc=0.9425, Val Loss=2.6103, Val Acc=0.6000, Val AUC=0.6391
2026-01-13 12:30:18,416 - INFO - Epoch 45: Train Loss=0.9721, Train Acc=0.9390, Val Loss=2.2933, Val Acc=0.5714, Val AUC=0.6785
2026-01-13 12:30:24,615 - INFO - Epoch 46: Train Loss=0.8799, Train Acc=0.9713, Val Loss=2.7144, Val Acc=0.5929, Val AUC=0.6762
2026-01-13 12:30:30,314 - INFO - Epoch 47: Train Loss=0.9061, Train Acc=0.9587, Val Loss=3.0739, Val Acc=0.6214, Val AUC=0.6681
2026-01-13 12:30:35,615 - INFO - Epoch 48: Train Loss=0.9482, Train Acc=0.9390, Val Loss=2.3643, Val Acc=0.6571, Val AUC=0.6687
2026-01-13 12:30:40,516 - INFO - Epoch 49: Train Loss=0.9403, Train Acc=0.9533, Val Loss=2.8224, Val Acc=0.5857, Val AUC=0.6593
2026-01-13 12:30:40,516 - INFO - Early stopping at epoch 49
2026-01-13 12:30:41,116 - INFO - 
Fold 4 Test Results:
2026-01-13 12:30:41,116 - INFO - Accuracy: 0.5862
2026-01-13 12:30:41,116 - INFO - AUC: 0.6797
2026-01-13 12:30:41,116 - INFO - F1: 0.5422
2026-01-13 12:30:41,511 - INFO - Saved ROC curve plot for Fold 4
2026-01-13 12:30:41,763 - INFO - Saved confusion matrix plot for Fold 4
2026-01-13 12:30:41,764 - INFO - 
============================================================
2026-01-13 12:30:41,764 - INFO - Classification Report - Fold 4
2026-01-13 12:30:41,764 - INFO - ============================================================
2026-01-13 12:30:42,832 - INFO - Saved clinical metrics plot for Fold 4
2026-01-13 12:30:44,358 - INFO - Saved site performance plot for Fold 4
2026-01-13 12:30:44,360 - INFO - 
==================================================
2026-01-13 12:30:44,360 - INFO - Training Fold 5/5
2026-01-13 12:30:44,360 - INFO - ==================================================
2026-01-13 12:30:44,454 - INFO - Fold 5: Applied per-fold sMRI normalization
2026-01-13 12:30:44,490 - INFO - Model parameters: 6,047,268
2026-01-13 12:30:49,214 - INFO - Epoch 1: Train Loss=1.7766, Train Acc=0.5045, Val Loss=1.6312, Val Acc=0.4643, Val AUC=0.3713
2026-01-13 12:30:49,238 - INFO - Saved best model with Val AUC=0.3713
2026-01-13 12:30:54,315 - INFO - Epoch 2: Train Loss=1.7657, Train Acc=0.5206, Val Loss=1.6304, Val Acc=0.4643, Val AUC=0.4558
2026-01-13 12:30:54,343 - INFO - Saved best model with Val AUC=0.4558
2026-01-13 12:30:59,312 - INFO - Epoch 3: Train Loss=1.7456, Train Acc=0.4650, Val Loss=1.6292, Val Acc=0.4643, Val AUC=0.4818
2026-01-13 12:30:59,335 - INFO - Saved best model with Val AUC=0.4818
2026-01-13 12:31:04,007 - INFO - Epoch 4: Train Loss=1.7593, Train Acc=0.4794, Val Loss=1.6246, Val Acc=0.4643, Val AUC=0.4944
2026-01-13 12:31:04,030 - INFO - Saved best model with Val AUC=0.4944
2026-01-13 12:31:08,713 - INFO - Epoch 5: Train Loss=1.6923, Train Acc=0.4991, Val Loss=1.6210, Val Acc=0.4429, Val AUC=0.5102
2026-01-13 12:31:08,736 - INFO - Saved best model with Val AUC=0.5102
2026-01-13 12:31:13,614 - INFO - Epoch 6: Train Loss=1.7216, Train Acc=0.4740, Val Loss=1.6153, Val Acc=0.5286, Val AUC=0.5417
2026-01-13 12:31:13,638 - INFO - Saved best model with Val AUC=0.5417
2026-01-13 12:31:18,413 - INFO - Epoch 7: Train Loss=1.6394, Train Acc=0.5081, Val Loss=1.6111, Val Acc=0.4571, Val AUC=0.5085
2026-01-13 12:31:22,815 - INFO - Epoch 8: Train Loss=1.7325, Train Acc=0.4865, Val Loss=1.6039, Val Acc=0.4643, Val AUC=0.5920
2026-01-13 12:31:22,841 - INFO - Saved best model with Val AUC=0.5920
2026-01-13 12:31:27,812 - INFO - Epoch 9: Train Loss=1.6576, Train Acc=0.4650, Val Loss=1.5981, Val Acc=0.4643, Val AUC=0.5910
2026-01-13 12:31:32,712 - INFO - Epoch 10: Train Loss=1.6413, Train Acc=0.4919, Val Loss=1.5929, Val Acc=0.5000, Val AUC=0.5645
2026-01-13 12:31:37,816 - INFO - Epoch 11: Train Loss=1.6357, Train Acc=0.4883, Val Loss=1.5880, Val Acc=0.4714, Val AUC=0.5936
2026-01-13 12:31:37,843 - INFO - Saved best model with Val AUC=0.5936
2026-01-13 12:31:42,714 - INFO - Epoch 12: Train Loss=1.6065, Train Acc=0.4937, Val Loss=1.5893, Val Acc=0.4643, Val AUC=0.5446
2026-01-13 12:31:47,418 - INFO - Epoch 13: Train Loss=1.6194, Train Acc=0.4776, Val Loss=1.5801, Val Acc=0.5071, Val AUC=0.6956
2026-01-13 12:31:47,448 - INFO - Saved best model with Val AUC=0.6956
2026-01-13 12:31:52,312 - INFO - Epoch 14: Train Loss=1.6030, Train Acc=0.4704, Val Loss=1.5822, Val Acc=0.4714, Val AUC=0.6240
2026-01-13 12:31:57,217 - INFO - Epoch 15: Train Loss=1.5993, Train Acc=0.4614, Val Loss=1.5971, Val Acc=0.4643, Val AUC=0.5623
2026-01-13 12:32:01,816 - INFO - Epoch 16: Train Loss=1.5984, Train Acc=0.5099, Val Loss=1.5844, Val Acc=0.5500, Val AUC=0.5910
2026-01-13 12:32:06,611 - INFO - Epoch 17: Train Loss=1.5739, Train Acc=0.5278, Val Loss=1.5818, Val Acc=0.5357, Val AUC=0.5635
2026-01-13 12:32:11,214 - INFO - Epoch 18: Train Loss=1.5846, Train Acc=0.5260, Val Loss=1.5895, Val Acc=0.5786, Val AUC=0.5908
2026-01-13 12:32:16,114 - INFO - Epoch 19: Train Loss=1.5592, Train Acc=0.5601, Val Loss=1.5818, Val Acc=0.6071, Val AUC=0.6209
2026-01-13 12:32:21,107 - INFO - Epoch 20: Train Loss=1.5614, Train Acc=0.5943, Val Loss=1.5861, Val Acc=0.5643, Val AUC=0.6373
2026-01-13 12:32:25,920 - INFO - Epoch 21: Train Loss=1.5304, Train Acc=0.6176, Val Loss=1.5898, Val Acc=0.6214, Val AUC=0.6234
2026-01-13 12:32:31,116 - INFO - Epoch 22: Train Loss=1.4925, Train Acc=0.6643, Val Loss=1.6210, Val Acc=0.6000, Val AUC=0.6498
2026-01-13 12:32:36,014 - INFO - Epoch 23: Train Loss=1.4556, Train Acc=0.7002, Val Loss=1.5954, Val Acc=0.5714, Val AUC=0.6341
2026-01-13 12:32:40,918 - INFO - Epoch 24: Train Loss=1.4434, Train Acc=0.7415, Val Loss=1.6817, Val Acc=0.6000, Val AUC=0.6775
2026-01-13 12:32:46,015 - INFO - Epoch 25: Train Loss=1.3273, Train Acc=0.8079, Val Loss=1.7851, Val Acc=0.5929, Val AUC=0.6609
2026-01-13 12:32:51,117 - INFO - Epoch 26: Train Loss=1.2908, Train Acc=0.8276, Val Loss=1.9523, Val Acc=0.6214, Val AUC=0.7081
2026-01-13 12:32:51,145 - INFO - Saved best model with Val AUC=0.7081
2026-01-13 12:32:56,513 - INFO - Epoch 27: Train Loss=1.3078, Train Acc=0.8456, Val Loss=2.2207, Val Acc=0.5786, Val AUC=0.6172
2026-01-13 12:33:02,414 - INFO - Epoch 28: Train Loss=1.2759, Train Acc=0.8546, Val Loss=1.7432, Val Acc=0.6143, Val AUC=0.7266
2026-01-13 12:33:02,439 - INFO - Saved best model with Val AUC=0.7266
2026-01-13 12:33:08,215 - INFO - Epoch 29: Train Loss=1.2809, Train Acc=0.8420, Val Loss=1.7011, Val Acc=0.6214, Val AUC=0.6583
2026-01-13 12:33:14,110 - INFO - Epoch 30: Train Loss=1.2060, Train Acc=0.8654, Val Loss=1.9724, Val Acc=0.6286, Val AUC=0.6802
2026-01-13 12:33:19,807 - INFO - Epoch 31: Train Loss=1.0936, Train Acc=0.8923, Val Loss=1.8558, Val Acc=0.6429, Val AUC=0.6927
2026-01-13 12:33:25,414 - INFO - Epoch 32: Train Loss=1.2478, Train Acc=0.8510, Val Loss=1.9686, Val Acc=0.6071, Val AUC=0.6759
2026-01-13 12:33:31,114 - INFO - Epoch 33: Train Loss=1.1358, Train Acc=0.8905, Val Loss=1.8276, Val Acc=0.6000, Val AUC=0.6490
2026-01-13 12:33:36,914 - INFO - Epoch 34: Train Loss=1.0468, Train Acc=0.9048, Val Loss=2.3069, Val Acc=0.6214, Val AUC=0.6681
2026-01-13 12:33:42,913 - INFO - Epoch 35: Train Loss=1.0808, Train Acc=0.9102, Val Loss=2.1565, Val Acc=0.6286, Val AUC=0.6552
2026-01-13 12:33:48,615 - INFO - Epoch 36: Train Loss=0.9931, Train Acc=0.9443, Val Loss=2.4103, Val Acc=0.6286, Val AUC=0.6917
2026-01-13 12:33:54,313 - INFO - Epoch 37: Train Loss=1.1779, Train Acc=0.9282, Val Loss=2.6425, Val Acc=0.6714, Val AUC=0.7003
2026-01-13 12:34:00,310 - INFO - Epoch 38: Train Loss=1.0097, Train Acc=0.9318, Val Loss=2.1244, Val Acc=0.6357, Val AUC=0.6786
2026-01-13 12:34:05,314 - INFO - Epoch 39: Train Loss=1.1081, Train Acc=0.9282, Val Loss=2.2583, Val Acc=0.6643, Val AUC=0.6882
2026-01-13 12:34:10,414 - INFO - Epoch 40: Train Loss=1.0168, Train Acc=0.9318, Val Loss=2.5046, Val Acc=0.6286, Val AUC=0.6704
2026-01-13 12:34:15,316 - INFO - Epoch 41: Train Loss=0.9740, Train Acc=0.9390, Val Loss=2.3035, Val Acc=0.6214, Val AUC=0.6757
2026-01-13 12:34:20,516 - INFO - Epoch 42: Train Loss=1.0014, Train Acc=0.9390, Val Loss=2.3809, Val Acc=0.6071, Val AUC=0.6720
2026-01-13 12:34:25,416 - INFO - Epoch 43: Train Loss=0.9142, Train Acc=0.9587, Val Loss=3.1217, Val Acc=0.6286, Val AUC=0.6611
2026-01-13 12:34:30,518 - INFO - Epoch 44: Train Loss=1.0237, Train Acc=0.9461, Val Loss=2.5014, Val Acc=0.6357, Val AUC=0.6798
2026-01-13 12:34:35,616 - INFO - Epoch 45: Train Loss=0.9507, Train Acc=0.9408, Val Loss=2.6270, Val Acc=0.6214, Val AUC=0.6761
2026-01-13 12:34:40,513 - INFO - Epoch 46: Train Loss=0.9728, Train Acc=0.9354, Val Loss=2.9902, Val Acc=0.6214, Val AUC=0.6533
2026-01-13 12:34:45,308 - INFO - Epoch 47: Train Loss=1.0007, Train Acc=0.9515, Val Loss=2.3294, Val Acc=0.6357, Val AUC=0.6418
2026-01-13 12:34:50,207 - INFO - Epoch 48: Train Loss=0.9552, Train Acc=0.9515, Val Loss=3.5379, Val Acc=0.6000, Val AUC=0.6183
2026-01-13 12:34:55,415 - INFO - Epoch 49: Train Loss=0.9309, Train Acc=0.9497, Val Loss=3.1476, Val Acc=0.6071, Val AUC=0.6544
2026-01-13 12:35:00,612 - INFO - Epoch 50: Train Loss=0.9189, Train Acc=0.9551, Val Loss=2.5985, Val Acc=0.6143, Val AUC=0.6587
2026-01-13 12:35:05,616 - INFO - Epoch 51: Train Loss=0.9233, Train Acc=0.9569, Val Loss=2.6778, Val Acc=0.6286, Val AUC=0.7102
2026-01-13 12:35:11,317 - INFO - Epoch 52: Train Loss=0.9423, Train Acc=0.9372, Val Loss=2.6581, Val Acc=0.6214, Val AUC=0.6658
2026-01-13 12:35:18,016 - INFO - Epoch 53: Train Loss=0.8694, Train Acc=0.9659, Val Loss=2.5664, Val Acc=0.6143, Val AUC=0.6622
2026-01-13 12:35:23,914 - INFO - Epoch 54: Train Loss=0.8888, Train Acc=0.9623, Val Loss=3.4599, Val Acc=0.6500, Val AUC=0.6619
2026-01-13 12:35:29,011 - INFO - Epoch 55: Train Loss=0.9024, Train Acc=0.9623, Val Loss=3.5233, Val Acc=0.6000, Val AUC=0.6386
2026-01-13 12:35:33,814 - INFO - Epoch 56: Train Loss=0.9649, Train Acc=0.9533, Val Loss=3.0119, Val Acc=0.5929, Val AUC=0.6299
2026-01-13 12:35:38,912 - INFO - Epoch 57: Train Loss=0.9084, Train Acc=0.9659, Val Loss=3.3931, Val Acc=0.6143, Val AUC=0.6433
2026-01-13 12:35:43,708 - INFO - Epoch 58: Train Loss=0.8268, Train Acc=0.9838, Val Loss=3.1129, Val Acc=0.6071, Val AUC=0.6498
2026-01-13 12:35:43,708 - INFO - Early stopping at epoch 58
2026-01-13 12:35:44,214 - INFO - 
Fold 5 Test Results:
2026-01-13 12:35:44,214 - INFO - Accuracy: 0.5920
2026-01-13 12:35:44,214 - INFO - AUC: 0.6226
2026-01-13 12:35:44,214 - INFO - F1: 0.5799
2026-01-13 12:35:44,541 - INFO - Saved ROC curve plot for Fold 5
2026-01-13 12:35:44,746 - INFO - Saved confusion matrix plot for Fold 5
2026-01-13 12:35:44,747 - INFO - 
============================================================
2026-01-13 12:35:44,747 - INFO - Classification Report - Fold 5
2026-01-13 12:35:44,747 - INFO - ============================================================
2026-01-13 12:35:45,674 - INFO - Saved clinical metrics plot for Fold 5
2026-01-13 12:35:46,975 - INFO - Saved site performance plot for Fold 5
2026-01-13 12:35:46,976 - INFO - 
==================================================
2026-01-13 12:35:46,976 - INFO - Final Results Across All Folds
2026-01-13 12:35:46,976 - INFO - ==================================================
2026-01-13 12:35:46,976 - INFO - Average Test Accuracy: 0.6085 ± 0.0216
2026-01-13 12:35:46,976 - INFO - Average Test AUC: 0.6691 ± 0.0258
2026-01-13 12:35:46,977 - INFO - Average Test F1: 0.5913 ± 0.0320
2026-01-13 12:35:46,977 - INFO - 
==================================================
2026-01-13 12:35:46,977 - INFO - Generating Cross-Fold Visualizations
2026-01-13 12:35:46,977 - INFO - ==================================================
2026-01-13 12:35:47,307 - INFO - Saved ROC per fold plot (Mean AUC: 0.6691)
2026-01-13 12:35:47,741 - INFO - Saved training history plot
2026-01-13 12:35:49,055 - INFO - Saved overall site performance plot
2026-01-13 12:35:49,975 - INFO - Saved overall clinical metrics plot
2026-01-13 12:35:49,975 - INFO - 
============================================================
2026-01-13 12:35:49,975 - INFO - Overall Classification Report (All Folds)
2026-01-13 12:35:49,975 - INFO - ============================================================
2026-01-13 12:35:49,983 - INFO - Saved overall results CSV
2026-01-13 12:35:49,984 - INFO - Saved summary metrics CSV
2026-01-13 12:35:49,989 - INFO - 
Training completed successfully!
